Modules list:
-------------
vdc_core_assembly.o:
    MACO              Offs=000000  Size=000767  Align=00001  Fill=0000
main.o:
    CODE              Offs=000000  Size=004B00  Align=00001  Fill=0000
    RODATA            Offs=000000  Size=000469  Align=00001  Fill=0000
    BSS               Offs=000000  Size=0001E9  Align=00001  Fill=0000
    DATA              Offs=000000  Size=0001D4  Align=00001  Fill=0000
vdc_core.o:
    CODE              Offs=004B00  Size=000E03  Align=00001  Fill=0000
    RODATA            Offs=000469  Size=00004E  Align=00001  Fill=0000
    DATA              Offs=0001D4  Size=000010  Align=00001  Fill=0000
/mnt/d/retro/cc65/lib/c128.lib(_cursor.o):
    BSS               Offs=0001E9  Size=000001  Align=00001  Fill=0000
/mnt/d/retro/cc65/lib/c128.lib(_directerrno.o):
    CODE              Offs=005903  Size=00000A  Align=00001  Fill=0000
/mnt/d/retro/cc65/lib/c128.lib(_file.o):
    DATA              Offs=0001E4  Size=00001E  Align=00001  Fill=0000
/mnt/d/retro/cc65/lib/c128.lib(_hextab.o):
    RODATA            Offs=0004B7  Size=000010  Align=00001  Fill=0000
/mnt/d/retro/cc65/lib/c128.lib(_longminstr.o):
    RODATA            Offs=0004C7  Size=00000C  Align=00001  Fill=0000
/mnt/d/retro/cc65/lib/c128.lib(_mappederrno.o):
    CODE              Offs=00590D  Size=000010  Align=00001  Fill=0000
/mnt/d/retro/cc65/lib/c128.lib(_oserror.o):
    BSS               Offs=0001EA  Size=000001  Align=00001  Fill=0000
/mnt/d/retro/cc65/lib/c128.lib(_printf.o):
    CODE              Offs=00591D  Size=0003A5  Align=00001  Fill=0000
    BSS               Offs=0001EB  Size=00002B  Align=00001  Fill=0000
    DATA              Offs=000202  Size=000003  Align=00001  Fill=0000
/mnt/d/retro/cc65/lib/c128.lib(_seterrno.o):
    CODE              Offs=005CC2  Size=000009  Align=00001  Fill=0000
/mnt/d/retro/cc65/lib/c128.lib(acc_c128_speed.o):
    CODE              Offs=005CCB  Size=000010  Align=00001  Fill=0000
/mnt/d/retro/cc65/lib/c128.lib(add.o):
    CODE              Offs=005CDB  Size=00001C  Align=00001  Fill=0000
/mnt/d/retro/cc65/lib/c128.lib(addeqsp.o):
    CODE              Offs=005CF7  Size=000011  Align=00001  Fill=0000
/mnt/d/retro/cc65/lib/c128.lib(addysp.o):
    CODE              Offs=005D08  Size=00000E  Align=00001  Fill=0000
/mnt/d/retro/cc65/lib/c128.lib(aslax1.o):
    CODE              Offs=005D16  Size=000008  Align=00001  Fill=0000
/mnt/d/retro/cc65/lib/c128.lib(aslax2.o):
    CODE              Offs=005D1E  Size=00000B  Align=00001  Fill=0000
/mnt/d/retro/cc65/lib/c128.lib(aslax3.o):
    CODE              Offs=005D29  Size=00000E  Align=00001  Fill=0000
/mnt/d/retro/cc65/lib/c128.lib(aslax4.o):
    CODE              Offs=005D37  Size=000011  Align=00001  Fill=0000
/mnt/d/retro/cc65/lib/c128.lib(axlong.o):
    CODE              Offs=005D48  Size=00000D  Align=00001  Fill=0000
/mnt/d/retro/cc65/lib/c128.lib(c_close.o):
    CODE              Offs=005D55  Size=000004  Align=00001  Fill=0000
/mnt/d/retro/cc65/lib/c128.lib(c_load.o):
    CODE              Offs=005D59  Size=00001D  Align=00001  Fill=0000
/mnt/d/retro/cc65/lib/c128.lib(c_open.o):
    CODE              Offs=005D76  Size=000009  Align=00001  Fill=0000
/mnt/d/retro/cc65/lib/c128.lib(c_save.o):
    CODE              Offs=005D7F  Size=000016  Align=00001  Fill=0000
/mnt/d/retro/cc65/lib/c128.lib(c_setlfs.o):
    CODE              Offs=005D95  Size=00000E  Align=00001  Fill=0000
/mnt/d/retro/cc65/lib/c128.lib(c_setnam.o):
    CODE              Offs=005DA3  Size=000013  Align=00001  Fill=0000
/mnt/d/retro/cc65/lib/c128.lib(callmain.o):
    CODE              Offs=005DB6  Size=000017  Align=00001  Fill=0000
    DATA              Offs=000205  Size=000004  Align=00001  Fill=0000
/mnt/d/retro/cc65/lib/c128.lib(cbm_close.o):
/mnt/d/retro/cc65/lib/c128.lib(cbm_open.o):
    CODE              Offs=005DCD  Size=000016  Align=00001  Fill=0000
/mnt/d/retro/cc65/lib/c128.lib(cbm_read.o):
    CODE              Offs=005DE3  Size=00005B  Align=00001  Fill=0000
/mnt/d/retro/cc65/lib/c128.lib(cgetc.o):
    CODE              Offs=005E3E  Size=000030  Align=00001  Fill=0000
    INIT              Offs=000000  Size=000002  Align=00001  Fill=0000
    ONCE              Offs=000000  Size=000013  Align=00001  Fill=0000
/mnt/d/retro/cc65/lib/c128.lib(clrscr.o):
/mnt/d/retro/cc65/lib/c128.lib(color.o):
    CODE              Offs=005E6E  Size=000060  Align=00001  Fill=0000
/mnt/d/retro/cc65/lib/c128.lib(condes.o):
    CODE              Offs=005ECE  Size=00000C  Align=00001  Fill=0000
    DATA              Offs=000209  Size=000025  Align=00001  Fill=0000
    ONCE              Offs=000013  Size=00000C  Align=00001  Fill=0000
/mnt/d/retro/cc65/lib/c128.lib(conio.o):
/mnt/d/retro/cc65/lib/c128.lib(cputc.o):
    CODE              Offs=005EDA  Size=000049  Align=00001  Fill=0000
/mnt/d/retro/cc65/lib/c128.lib(crt0.o):
    BSS               Offs=000216  Size=000002  Align=00001  Fill=0000
    STARTUP           Offs=000000  Size=000051  Align=00001  Fill=0000
    INIT              Offs=000002  Size=00001A  Align=00001  Fill=0000
/mnt/d/retro/cc65/lib/c128.lib(ctype.o):
    RODATA            Offs=0004D3  Size=00008B  Align=00001  Fill=0000
/mnt/d/retro/cc65/lib/c128.lib(ctypemask.o):
    CODE              Offs=005F23  Size=00001E  Align=00001  Fill=0000
/mnt/d/retro/cc65/lib/c128.lib(curdevice.o):
    CODE              Offs=005F41  Size=000006  Align=00001  Fill=0000
/mnt/d/retro/cc65/lib/c128.lib(cursor.o):
    CODE              Offs=005F47  Size=00000A  Align=00001  Fill=0000
/mnt/d/retro/cc65/lib/c128.lib(decax1.o):
    CODE              Offs=005F51  Size=000007  Align=00001  Fill=0000
/mnt/d/retro/cc65/lib/c128.lib(decaxy.o):
    CODE              Offs=005F58  Size=000009  Align=00001  Fill=0000
/mnt/d/retro/cc65/lib/c128.lib(decsp1.o):
    CODE              Offs=005F61  Size=000009  Align=00001  Fill=0000
/mnt/d/retro/cc65/lib/c128.lib(decsp2.o):
    CODE              Offs=005F6A  Size=00000D  Align=00001  Fill=0000
/mnt/d/retro/cc65/lib/c128.lib(decsp3.o):
    CODE              Offs=005F77  Size=00000D  Align=00001  Fill=0000
/mnt/d/retro/cc65/lib/c128.lib(decsp4.o):
    CODE              Offs=005F84  Size=00000D  Align=00001  Fill=0000
/mnt/d/retro/cc65/lib/c128.lib(decsp5.o):
    CODE              Offs=005F91  Size=00000D  Align=00001  Fill=0000
/mnt/d/retro/cc65/lib/c128.lib(decsp6.o):
    CODE              Offs=005F9E  Size=00000D  Align=00001  Fill=0000
/mnt/d/retro/cc65/lib/c128.lib(devnum.o):
/mnt/d/retro/cc65/lib/c128.lib(errno.o):
    BSS               Offs=000218  Size=000002  Align=00001  Fill=0000
/mnt/d/retro/cc65/lib/c128.lib(exehdr.o):
    EXEHDR            Offs=000000  Size=00000C  Align=00001  Fill=0000
/mnt/d/retro/cc65/lib/c128.lib(filedes.o):
    CODE              Offs=005FAB  Size=00000E  Align=00001  Fill=0000
    DATA              Offs=00022E  Size=000010  Align=00001  Fill=0000
/mnt/d/retro/cc65/lib/c128.lib(filevars.o):
    INIT              Offs=00001C  Size=000001  Align=00001  Fill=0000
    ONCE              Offs=00001F  Size=00000C  Align=00001  Fill=0000
/mnt/d/retro/cc65/lib/c128.lib(fwrite.o):
    CODE              Offs=005FB9  Size=00007B  Align=00001  Fill=0000
    BSS               Offs=00021A  Size=000002  Align=00001  Fill=0000
/mnt/d/retro/cc65/lib/c128.lib(gotoxy.o):
    CODE              Offs=006034  Size=00000D  Align=00001  Fill=0000
/mnt/d/retro/cc65/lib/c128.lib(icmp.o):
    CODE              Offs=006041  Size=00002E  Align=00001  Fill=0000
/mnt/d/retro/cc65/lib/c128.lib(incax1.o):
    CODE              Offs=00606F  Size=000007  Align=00001  Fill=0000
/mnt/d/retro/cc65/lib/c128.lib(incax2.o):
    CODE              Offs=006076  Size=000007  Align=00001  Fill=0000
/mnt/d/retro/cc65/lib/c128.lib(incaxy.o):
    CODE              Offs=00607D  Size=00000B  Align=00001  Fill=0000
/mnt/d/retro/cc65/lib/c128.lib(incsp1.o):
    CODE              Offs=006088  Size=000007  Align=00001  Fill=0000
/mnt/d/retro/cc65/lib/c128.lib(incsp2.o):
    CODE              Offs=00608F  Size=000016  Align=00001  Fill=0000
/mnt/d/retro/cc65/lib/c128.lib(incsp3.o):
    CODE              Offs=0060A5  Size=000005  Align=00001  Fill=0000
/mnt/d/retro/cc65/lib/c128.lib(incsp4.o):
    CODE              Offs=0060AA  Size=000005  Align=00001  Fill=0000
/mnt/d/retro/cc65/lib/c128.lib(incsp5.o):
    CODE              Offs=0060AF  Size=000005  Align=00001  Fill=0000
/mnt/d/retro/cc65/lib/c128.lib(incsp6.o):
    CODE              Offs=0060B4  Size=000005  Align=00001  Fill=0000
/mnt/d/retro/cc65/lib/c128.lib(incsp7.o):
    CODE              Offs=0060B9  Size=000005  Align=00001  Fill=0000
/mnt/d/retro/cc65/lib/c128.lib(incsp8.o):
    CODE              Offs=0060BE  Size=000005  Align=00001  Fill=0000
/mnt/d/retro/cc65/lib/c128.lib(isdigit.o):
    CODE              Offs=0060C3  Size=000008  Align=00001  Fill=0000
/mnt/d/retro/cc65/lib/c128.lib(islower.o):
    CODE              Offs=0060CB  Size=000008  Align=00001  Fill=0000
/mnt/d/retro/cc65/lib/c128.lib(isprint.o):
    CODE              Offs=0060D3  Size=00000A  Align=00001  Fill=0000
/mnt/d/retro/cc65/lib/c128.lib(isspace.o):
    CODE              Offs=0060DD  Size=000008  Align=00001  Fill=0000
/mnt/d/retro/cc65/lib/c128.lib(isupper.o):
    CODE              Offs=0060E5  Size=000008  Align=00001  Fill=0000
/mnt/d/retro/cc65/lib/c128.lib(kernal.o):
/mnt/d/retro/cc65/lib/c128.lib(ladd.o):
    CODE              Offs=0060ED  Size=000025  Align=00001  Fill=0000
/mnt/d/retro/cc65/lib/c128.lib(lcmp.o):
    CODE              Offs=006112  Size=00003B  Align=00001  Fill=0000
/mnt/d/retro/cc65/lib/c128.lib(ldaxi.o):
    CODE              Offs=00614D  Size=00000D  Align=00001  Fill=0000
/mnt/d/retro/cc65/lib/c128.lib(ldaxsp.o):
    CODE              Offs=00615A  Size=000009  Align=00001  Fill=0000
/mnt/d/retro/cc65/lib/c128.lib(ldeaxysp.o):
    CODE              Offs=006163  Size=000013  Align=00001  Fill=0000
/mnt/d/retro/cc65/lib/c128.lib(leaaxsp.o):
    CODE              Offs=006176  Size=00000C  Align=00001  Fill=0000
/mnt/d/retro/cc65/lib/c128.lib(leq.o):
    CODE              Offs=006182  Size=000006  Align=00001  Fill=0000
/mnt/d/retro/cc65/lib/c128.lib(lmul.o):
    CODE              Offs=006188  Size=00005C  Align=00001  Fill=0000
/mnt/d/retro/cc65/lib/c128.lib(lneg.o):
    CODE              Offs=0061E4  Size=00001E  Align=00001  Fill=0000
/mnt/d/retro/cc65/lib/c128.lib(loadaddr.o):
    LOADADDR          Offs=000000  Size=000002  Align=00001  Fill=0000
/mnt/d/retro/cc65/lib/c128.lib(lpush.o):
    CODE              Offs=006202  Size=000021  Align=00001  Fill=0000
/mnt/d/retro/cc65/lib/c128.lib(ltoa.o):
    CODE              Offs=006223  Size=000095  Align=00001  Fill=0000
/mnt/d/retro/cc65/lib/c128.lib(ludiv.o):
    CODE              Offs=0062B8  Size=00007A  Align=00001  Fill=0000
/mnt/d/retro/cc65/lib/c128.lib(lugt.o):
    CODE              Offs=006332  Size=000006  Align=00001  Fill=0000
/mnt/d/retro/cc65/lib/c128.lib(lumod.o):
    CODE              Offs=006338  Size=000019  Align=00001  Fill=0000
/mnt/d/retro/cc65/lib/c128.lib(makebool.o):
    CODE              Offs=006351  Size=00002C  Align=00001  Fill=0000
/mnt/d/retro/cc65/lib/c128.lib(memcpy.o):
    CODE              Offs=00637D  Size=00003C  Align=00001  Fill=0000
/mnt/d/retro/cc65/lib/c128.lib(mul.o):
    CODE              Offs=0063B9  Size=000045  Align=00001  Fill=0000
/mnt/d/retro/cc65/lib/c128.lib(mul8.o):
    CODE              Offs=0063FE  Size=00003A  Align=00001  Fill=0000
/mnt/d/retro/cc65/lib/c128.lib(mulax10.o):
    CODE              Offs=006438  Size=000019  Align=00001  Fill=0000
/mnt/d/retro/cc65/lib/c128.lib(mulax6.o):
    CODE              Offs=006451  Size=000016  Align=00001  Fill=0000
/mnt/d/retro/cc65/lib/c128.lib(oserror.o):
    CODE              Offs=006467  Size=000016  Align=00001  Fill=0000
    RODATA            Offs=00055E  Size=00005A  Align=00001  Fill=0000
/mnt/d/retro/cc65/lib/c128.lib(popa.o):
    CODE              Offs=00647D  Size=00000C  Align=00001  Fill=0000
/mnt/d/retro/cc65/lib/c128.lib(popptr1.o):
    CODE              Offs=006489  Size=00000E  Align=00001  Fill=0000
/mnt/d/retro/cc65/lib/c128.lib(printf.o):
    CODE              Offs=006497  Size=000033  Align=00001  Fill=0000
    BSS               Offs=00021C  Size=000001  Align=00001  Fill=0000
/mnt/d/retro/cc65/lib/c128.lib(push1.o):
    CODE              Offs=0064CA  Size=000005  Align=00001  Fill=0000
/mnt/d/retro/cc65/lib/c128.lib(pusha.o):
    CODE              Offs=0064CF  Size=000016  Align=00001  Fill=0000
/mnt/d/retro/cc65/lib/c128.lib(pushax.o):
    CODE              Offs=0064E5  Size=00001A  Align=00001  Fill=0000
/mnt/d/retro/cc65/lib/c128.lib(pushw.o):
    CODE              Offs=0064FF  Size=00000F  Align=00001  Fill=0000
/mnt/d/retro/cc65/lib/c128.lib(pushwsp.o):
    CODE              Offs=00650E  Size=00001C  Align=00001  Fill=0000
/mnt/d/retro/cc65/lib/c128.lib(return0.o):
    CODE              Offs=00652A  Size=000004  Align=00001  Fill=0000
/mnt/d/retro/cc65/lib/c128.lib(rwcommon.o):
    CODE              Offs=00652E  Size=00001A  Align=00001  Fill=0000
/mnt/d/retro/cc65/lib/c128.lib(shrax3.o):
    CODE              Offs=006548  Size=00000E  Align=00001  Fill=0000
/mnt/d/retro/cc65/lib/c128.lib(sprintf.o):
    CODE              Offs=006556  Size=00002B  Align=00001  Fill=0000
    BSS               Offs=00021D  Size=000001  Align=00001  Fill=0000
/mnt/d/retro/cc65/lib/c128.lib(status.o):
/mnt/d/retro/cc65/lib/c128.lib(staxsp.o):
    CODE              Offs=006581  Size=00000B  Align=00001  Fill=0000
/mnt/d/retro/cc65/lib/c128.lib(steaxsp.o):
    CODE              Offs=00658C  Size=000015  Align=00001  Fill=0000
/mnt/d/retro/cc65/lib/c128.lib(strcpy.o):
    CODE              Offs=0065A1  Size=00001F  Align=00001  Fill=0000
/mnt/d/retro/cc65/lib/c128.lib(strlen.o):
    CODE              Offs=0065C0  Size=000016  Align=00001  Fill=0000
/mnt/d/retro/cc65/lib/c128.lib(strlower.o):
    CODE              Offs=0065D6  Size=000027  Align=00001  Fill=0000
/mnt/d/retro/cc65/lib/c128.lib(strtol.o):
    CODE              Offs=0065FD  Size=000273  Align=00001  Fill=0000
/mnt/d/retro/cc65/lib/c128.lib(sub.o):
    CODE              Offs=006870  Size=000015  Align=00001  Fill=0000
/mnt/d/retro/cc65/lib/c128.lib(subeqsp.o):
    CODE              Offs=006885  Size=000015  Align=00001  Fill=0000
/mnt/d/retro/cc65/lib/c128.lib(subysp.o):
    CODE              Offs=00689A  Size=00000D  Align=00001  Fill=0000
/mnt/d/retro/cc65/lib/c128.lib(udiv.o):
    CODE              Offs=0068A7  Size=00004F  Align=00001  Fill=0000
/mnt/d/retro/cc65/lib/c128.lib(vfprintf.o):
    CODE              Offs=0068F6  Size=000061  Align=00001  Fill=0000
    DATA              Offs=00023E  Size=000008  Align=00001  Fill=0000
/mnt/d/retro/cc65/lib/c128.lib(videomode.o):
    CODE              Offs=006957  Size=000013  Align=00001  Fill=0000
/mnt/d/retro/cc65/lib/c128.lib(vsnprintf.o):
    CODE              Offs=00696A  Size=0000DA  Align=00001  Fill=0000
    DATA              Offs=000246  Size=000008  Align=00001  Fill=0000
/mnt/d/retro/cc65/lib/c128.lib(vsprintf.o):
    CODE              Offs=006A44  Size=000012  Align=00001  Fill=0000
/mnt/d/retro/cc65/lib/c128.lib(write.o):
    CODE              Offs=006A56  Size=000054  Align=00001  Fill=0000
    ONCE              Offs=00002B  Size=000011  Align=00001  Fill=0000
/mnt/d/retro/cc65/lib/c128.lib(zerobss.o):
    CODE              Offs=006AAA  Size=000023  Align=00001  Fill=0000
/mnt/d/retro/cc65/lib/c128.lib(zeropage.o):
    ZEROPAGE          Offs=000000  Size=00001A  Align=00001  Fill=0000


Segment list:
-------------
Name                   Start     End    Size  Align
----------------------------------------------------
ZEROPAGE              000002  00001B  00001A  00001
MACO                  001300  001A66  000767  00001
LOADADDR              001BFF  001C00  000002  00001
EXEHDR                001C01  001C0C  00000C  00001
STARTUP               001C0D  001C5D  000051  00001
ONCE                  001C5E  001C9F  000042  00001
CODE                  001CA0  00876C  006ACD  00001
RODATA                00876D  008D26  0005BA  00001
DATA                  008D27  008F74  00024E  00001
INIT                  008F75  008F91  00001D  00001
BSS                   008F92  0091AF  00021E  00001


Exports list by name:
---------------------
BASIN                     00FFCF RLA    BSOUT                     00FFD2 RLA    
CHKIN                     00FFC6 RLA    CKOUT                     00FFC9 RLA    
CLOSE                     00FFC3 RLA    CLRCH                     00FFCC RLA    
CURS_X                    0000EC RLZ    CURS_Y                    0000EB RLZ    
LOAD                      00FFD5 RLA    OPEN                      00FFC0 RLA    
READST                    00FFB7 RLA    SAVE                      00FFD8 RLA    
SETLFS                    00FFBA RLA    SETNAM                    00FFBD RLA    
ST                        000090 RLZ    SWAPPER                   00FF5F RLA    
_BankMemCopy              007506 RLA    _BankMemCopy_core         00199A RLA    
_BankMemSet               007560 RLA    _BankMemSet_core          001A15 RLA    
_PEEKB                    0074D9 RLA    _PEEKB_core               001962 RLA    
_POKEB                    0074AD RLA    _POKEB_core               00192A RLA    
_SetLoadSaveBank          00749D RLA    _SetLoadSaveBank_core     001921 RLA    
_VDC_Attribute            006E70 RLA    _VDC_BackColor            006C3D RLA    
_VDC_CopyCharsetsfromROM  001466 RLA    _VDC_CopyMemToVDC         0068CD RLA    
_VDC_CopyMemToVDC_core    001626 RLA    _VDC_CopyVDCToMem         006917 RLA    
_VDC_CopyVDCToMem_core    0016A1 RLA    _VDC_CopyViewPortToVDC    006F4F RLA    
_VDC_CopyViewPortToVDC_core 0017F1 RLA    _VDC_DetectVDCMemSize     0067CC RLA    
_VDC_DetectVDCMemSize_core 001393 RLA    _VDC_Exit                 006A95 RLA    
_VDC_FillArea             006998 RLA    _VDC_FillArea_core        0017D7 RLA    
_VDC_HChar                006852 RLA    _VDC_HChar_core           00150A RLA    
_VDC_Init                 0069DE RLA    _VDC_LoadCharset          006D36 RLA    
_VDC_LoadScreen           006DCF RLA    _VDC_MemCopy_core         001493 RLA    
_VDC_Peek_core            001363 RLA    _VDC_PetsciiToScreenCode  006AAF RLA    
_VDC_PetsciiToScreenCodeRvs 006B51 RLA    _VDC_Plot                 006EC9 RLA    
_VDC_Poke_core            001333 RLA    _VDC_PrintAt              006CB2 RLA    
_VDC_ReadRegister_core    001312 RLA    _VDC_RedefineCharset      006960 RLA    
_VDC_RedefineCharset_core 001729 RLA    _VDC_ScrollCopy           00704B RLA    
_VDC_ScrollCopy_core      001892 RLA    _VDC_ScrollMove           0072CF RLA    
_VDC_SetCursorMode_core   00146A RLA    _VDC_SetExtendedVDCMemSize 00144B RLA    
_VDC_VChar                006891 RLA    _VDC_VChar_core           0015AC RLA    
_VDC_WriteRegister_core   001324 RLA    _VDC_addrh                001302 RLA    
_VDC_addrl                001303 RLA    _VDC_desth                001304 RLA    
_VDC_destl                001305 RLA    _VDC_regadd               001300 RLA    
_VDC_regval               001301 RLA    _VDC_strideh              001306 RLA    
_VDC_stridel              001307 RLA    _VDC_tmp1                 001309 RLA    
_VDC_tmp2                 00130A RLA    _VDC_tmp3                 00130B RLA    
_VDC_tmp4                 00130C RLA    _VDC_value                001308 RLA    
__BSS_RUN__               008F92 RLA    __BSS_SIZE__              00021E REA    
__CONSTRUCTOR_COUNT__     000003 REA    __CONSTRUCTOR_TABLE__     001C9A RLA    
__DESTRUCTOR_COUNT__      000001 REA    __DESTRUCTOR_TABLE__      008D25 RLA    
__EXEHDR__                000001 REA    __LOADADDR__              000001 REA    
__MAIN_SIZE__             009BF3 REA    __MAIN_START__            001C0D RLA    
__STACKSIZE__             000800 REA    __STARTUP__               000001 REA    
__ctype                   008C40 RLA    __ctypeidx                008C4B RLA    
__directerrno             0075A3 RLA    __errno                   0091AA RLA    
__hextab                  008C24 RLA    __longminstr              008C34 RLA    
__mappederrno             0075AD RLA    __oserror                 00917C RLA    
__osmaperrno              008107 RLA    __printf                  0076B0 RLA    
__seterrno                007962 RLA    _bgcolor                  007B37 RLA    
_bootdevice               008F92 RLA    _bordercolor              007B5D RLA    
_cbm_close                0079F5 REA    _cbm_k_close              0079F5 RLA    
_cbm_k_load               0079F9 RLA    _cbm_k_open               007A16 RLA    
_cbm_k_save               007A1F RLA    _cbm_k_setlfs             007A35 RLA    
_cbm_k_setnam             007A43 RLA    _cbm_open                 007A6D RLA    
_cbm_read                 007A83 RLA    _cgetc                    007ADE RLA    
_clrscr                   00C142 REA    _cursor                   007BE7 RLA    
_exit                     001C42 RLA    _fwrite                   007C59 RLA    
_getcurrentdevice         007BE1 RLA    _gotoxy                   007CD7 RLA    
_isdigit                  007D63 RLA    _islower                  007D6B RLA    
_isprint                  007D73 RLA    _isspace                  007D7D RLA    
_isupper                  007D85 RLA    _ltoa                     007EDB RLA    
_main                     005F0C RLA    _memcpy                   00801D RLA    
_printf                   008137 RLA    _set_c128_speed           00796B RLA    
_sprintf                  0081F6 RLA    _stdout                   008F25 RLA    
_strcpy                   008241 RLA    _strlen                   008260 RLA    
_strlower                 008276 RLA    _strtol                   00829D RLA    
_textcolor                007B0E RLA    _ultoa                    007F1C RLA    
_vdctoconiocol            008EFB RLA    _vfprintf                 0085CE RLA    
_videomode                0085F7 RLA    _vsprintf                 0086E4 RLA    
_write                    0086F6 RLA    addeq0sp                  007997 RLA    
addeqysp                  007999 RLA    addysp                    0079A9 RLA    
addysp1                   0079A8 RLA    aslax1                    0079B6 RLA    
aslax2                    0079BE RLA    aslax4                    0079D7 RLA    
axlong                    0079E8 RLA    axulong                   0079EE RLA    
booleq                    007FF7 RLA    boolugt                   008016 RLA    
callmain                  007A56 RLA    ctypemask                 007BC3 RLA    
ctypemaskdirect           007BC7 RLA    cursor                    00917B RLA    
curunit                   008F91 RLA    decax1                    007BF1 RLA    
decaxy                    007BF8 RLA    decsp1                    007C01 RLA    
decsp2                    007C0A RLA    decsp3                    007C17 RLA    
decsp4                    007C24 RLA    decsp5                    007C31 RLA    
decsp6                    007C3E RLA    devnum                    0000BA RLZ    
donecgetc                 007AFF  LAI   donelib                   007B6E RLA    
fdtab                     008F55 RLA    getlop                    007F69 RLA    
gotoxy                    007CD4 RLA    incax1                    007D0F RLA    
incax2                    007D16 RLA    incaxy                    007D1F RLA    
incsp1                    007D28 RLA    incsp2                    007D37 RLA    
incsp3                    007D45 RLA    incsp4                    007D4A RLA    
incsp5                    007D4F RLA    incsp6                    007D54 RLA    
incsp7                    007D59 RLA    incsp8                    007D5E RLA    
initcgetc                 001C5E  LAI   initcurunit               001C7D  LAI   
initlib                   001C71 RLA    initstdout                001C89  LAI   
ldax0sp                   007DFA RLA    ldaxi                     007DED RLA    
ldaxysp                   007DFC RLA    ldeaxysp                  007E05 RLA    
leaa0sp                   007E16 RLA    mul8x16                   0080A0 RLA    
mul8x16a                  0080AA RLA    mulax10                   0080D8 RLA    
mulax6                    0080F1 RLA    negeax                    007E84 RLA    
plot                      007BBB RLA    popa                      00811D RLA    
popax                     007D2F RLA    popptr1                   008129 RLA    
ptr1                      00000A RLZ    ptr2                      00000C RLZ    
ptr3                      00000E RLZ    ptr4                      000010 RLZ    
push0                     008185 RLA    push1                     00816A RLA    
pusha                     008173 RLA    pusha0                    008187 RLA    
pushax                    008189 RLA    pusheax                   007EAB RLA    
pushl0                    007EA2 RLA    pushw                     00819F RLA    
pushw0sp                  0081AE RLA    pushwysp                  0081B0 RLA    
regbank                   000016 RLZ    return0                   0081CA RLA    
rwcommon                  0081CE RLA    shlax1                    0079B6 RLA    
shlax2                    0079BE RLA    shlax3                    0079C9 RLA    
shlax4                    0079D7 RLA    shrax3                    0081E8 RLA    
sp                        000002 RLZ    sreg                      000004 RLZ    
stax0sp                   008221 RLA    staxysp                   008223 RLA    
steaxysp                  00822E RLA    subeq0sp                  008525 RLA    
subeqysp                  008527 RLA    subysp                    00853A RLA    
tmp1                      000012 RLZ    tmp2                      000013 RLZ    
tmp3                      000014 RLZ    tmp4                      000015 RLZ    
tosaddax                  00797D RLA    tosaddeax                 007D93 RLA    
toseqeax                  007E22 RLA    tosicmp                   007CE3 RLA    
toslcmp                   007DB2 RLA    tosmula0                  00809E RLA    
tossubax                  008512 RLA    tosudivax                 008549 RLA    
tosudiveax                007F5E RLA    tosugteax                 007FD2 RLA    
tosumodeax                007FDE RLA    tosumula0                 00809E RLA    
tosumulax                 008059 RLA    tosumuleax                007E2E RLA    
udiv32                    007F8D RLA    vsnprintf                 00860D RLA    
zerobss                   00874A RLA    


Exports list by value:
----------------------
__DESTRUCTOR_COUNT__      000001 REA    __EXEHDR__                000001 REA    
__LOADADDR__              000001 REA    __STARTUP__               000001 REA    
sp                        000002 RLZ    __CONSTRUCTOR_COUNT__     000003 REA    
sreg                      000004 RLZ    ptr1                      00000A RLZ    
ptr2                      00000C RLZ    ptr3                      00000E RLZ    
ptr4                      000010 RLZ    tmp1                      000012 RLZ    
tmp2                      000013 RLZ    tmp3                      000014 RLZ    
tmp4                      000015 RLZ    regbank                   000016 RLZ    
ST                        000090 RLZ    devnum                    0000BA RLZ    
CURS_Y                    0000EB RLZ    CURS_X                    0000EC RLZ    
__BSS_SIZE__              00021E REA    __STACKSIZE__             000800 REA    
_VDC_regadd               001300 RLA    _VDC_regval               001301 RLA    
_VDC_addrh                001302 RLA    _VDC_addrl                001303 RLA    
_VDC_desth                001304 RLA    _VDC_destl                001305 RLA    
_VDC_strideh              001306 RLA    _VDC_stridel              001307 RLA    
_VDC_value                001308 RLA    _VDC_tmp1                 001309 RLA    
_VDC_tmp2                 00130A RLA    _VDC_tmp3                 00130B RLA    
_VDC_tmp4                 00130C RLA    _VDC_ReadRegister_core    001312 RLA    
_VDC_WriteRegister_core   001324 RLA    _VDC_Poke_core            001333 RLA    
_VDC_Peek_core            001363 RLA    _VDC_DetectVDCMemSize_core 001393 RLA    
_VDC_SetExtendedVDCMemSize 00144B RLA    _VDC_CopyCharsetsfromROM  001466 RLA    
_VDC_SetCursorMode_core   00146A RLA    _VDC_MemCopy_core         001493 RLA    
_VDC_HChar_core           00150A RLA    _VDC_VChar_core           0015AC RLA    
_VDC_CopyMemToVDC_core    001626 RLA    _VDC_CopyVDCToMem_core    0016A1 RLA    
_VDC_RedefineCharset_core 001729 RLA    _VDC_FillArea_core        0017D7 RLA    
_VDC_CopyViewPortToVDC_core 0017F1 RLA    _VDC_ScrollCopy_core      001892 RLA    
_SetLoadSaveBank_core     001921 RLA    _POKEB_core               00192A RLA    
_PEEKB_core               001962 RLA    _BankMemCopy_core         00199A RLA    
_BankMemSet_core          001A15 RLA    __MAIN_START__            001C0D RLA    
_exit                     001C42 RLA    initcgetc                 001C5E  LAI   
initlib                   001C71 RLA    initcurunit               001C7D  LAI   
initstdout                001C89  LAI   __CONSTRUCTOR_TABLE__     001C9A RLA    
_main                     005F0C RLA    _VDC_DetectVDCMemSize     0067CC RLA    
_VDC_HChar                006852 RLA    _VDC_VChar                006891 RLA    
_VDC_CopyMemToVDC         0068CD RLA    _VDC_CopyVDCToMem         006917 RLA    
_VDC_RedefineCharset      006960 RLA    _VDC_FillArea             006998 RLA    
_VDC_Init                 0069DE RLA    _VDC_Exit                 006A95 RLA    
_VDC_PetsciiToScreenCode  006AAF RLA    _VDC_PetsciiToScreenCodeRvs 006B51 RLA    
_VDC_BackColor            006C3D RLA    _VDC_PrintAt              006CB2 RLA    
_VDC_LoadCharset          006D36 RLA    _VDC_LoadScreen           006DCF RLA    
_VDC_Attribute            006E70 RLA    _VDC_Plot                 006EC9 RLA    
_VDC_CopyViewPortToVDC    006F4F RLA    _VDC_ScrollCopy           00704B RLA    
_VDC_ScrollMove           0072CF RLA    _SetLoadSaveBank          00749D RLA    
_POKEB                    0074AD RLA    _PEEKB                    0074D9 RLA    
_BankMemCopy              007506 RLA    _BankMemSet               007560 RLA    
__directerrno             0075A3 RLA    __mappederrno             0075AD RLA    
__printf                  0076B0 RLA    __seterrno                007962 RLA    
_set_c128_speed           00796B RLA    tosaddax                  00797D RLA    
addeq0sp                  007997 RLA    addeqysp                  007999 RLA    
addysp1                   0079A8 RLA    addysp                    0079A9 RLA    
aslax1                    0079B6 RLA    shlax1                    0079B6 RLA    
aslax2                    0079BE RLA    shlax2                    0079BE RLA    
shlax3                    0079C9 RLA    aslax4                    0079D7 RLA    
shlax4                    0079D7 RLA    axlong                    0079E8 RLA    
axulong                   0079EE RLA    _cbm_close                0079F5 REA    
_cbm_k_close              0079F5 RLA    _cbm_k_load               0079F9 RLA    
_cbm_k_open               007A16 RLA    _cbm_k_save               007A1F RLA    
_cbm_k_setlfs             007A35 RLA    _cbm_k_setnam             007A43 RLA    
callmain                  007A56 RLA    _cbm_open                 007A6D RLA    
_cbm_read                 007A83 RLA    _cgetc                    007ADE RLA    
donecgetc                 007AFF  LAI   _textcolor                007B0E RLA    
_bgcolor                  007B37 RLA    _bordercolor              007B5D RLA    
donelib                   007B6E RLA    plot                      007BBB RLA    
ctypemask                 007BC3 RLA    ctypemaskdirect           007BC7 RLA    
_getcurrentdevice         007BE1 RLA    _cursor                   007BE7 RLA    
decax1                    007BF1 RLA    decaxy                    007BF8 RLA    
decsp1                    007C01 RLA    decsp2                    007C0A RLA    
decsp3                    007C17 RLA    decsp4                    007C24 RLA    
decsp5                    007C31 RLA    decsp6                    007C3E RLA    
_fwrite                   007C59 RLA    gotoxy                    007CD4 RLA    
_gotoxy                   007CD7 RLA    tosicmp                   007CE3 RLA    
incax1                    007D0F RLA    incax2                    007D16 RLA    
incaxy                    007D1F RLA    incsp1                    007D28 RLA    
popax                     007D2F RLA    incsp2                    007D37 RLA    
incsp3                    007D45 RLA    incsp4                    007D4A RLA    
incsp5                    007D4F RLA    incsp6                    007D54 RLA    
incsp7                    007D59 RLA    incsp8                    007D5E RLA    
_isdigit                  007D63 RLA    _islower                  007D6B RLA    
_isprint                  007D73 RLA    _isspace                  007D7D RLA    
_isupper                  007D85 RLA    tosaddeax                 007D93 RLA    
toslcmp                   007DB2 RLA    ldaxi                     007DED RLA    
ldax0sp                   007DFA RLA    ldaxysp                   007DFC RLA    
ldeaxysp                  007E05 RLA    leaa0sp                   007E16 RLA    
toseqeax                  007E22 RLA    tosumuleax                007E2E RLA    
negeax                    007E84 RLA    pushl0                    007EA2 RLA    
pusheax                   007EAB RLA    _ltoa                     007EDB RLA    
_ultoa                    007F1C RLA    tosudiveax                007F5E RLA    
getlop                    007F69 RLA    udiv32                    007F8D RLA    
tosugteax                 007FD2 RLA    tosumodeax                007FDE RLA    
booleq                    007FF7 RLA    boolugt                   008016 RLA    
_memcpy                   00801D RLA    tosumulax                 008059 RLA    
tosmula0                  00809E RLA    tosumula0                 00809E RLA    
mul8x16                   0080A0 RLA    mul8x16a                  0080AA RLA    
mulax10                   0080D8 RLA    mulax6                    0080F1 RLA    
__osmaperrno              008107 RLA    popa                      00811D RLA    
popptr1                   008129 RLA    _printf                   008137 RLA    
push1                     00816A RLA    pusha                     008173 RLA    
push0                     008185 RLA    pusha0                    008187 RLA    
pushax                    008189 RLA    pushw                     00819F RLA    
pushw0sp                  0081AE RLA    pushwysp                  0081B0 RLA    
return0                   0081CA RLA    rwcommon                  0081CE RLA    
shrax3                    0081E8 RLA    _sprintf                  0081F6 RLA    
stax0sp                   008221 RLA    staxysp                   008223 RLA    
steaxysp                  00822E RLA    _strcpy                   008241 RLA    
_strlen                   008260 RLA    _strlower                 008276 RLA    
_strtol                   00829D RLA    tossubax                  008512 RLA    
subeq0sp                  008525 RLA    subeqysp                  008527 RLA    
subysp                    00853A RLA    tosudivax                 008549 RLA    
_vfprintf                 0085CE RLA    _videomode                0085F7 RLA    
vsnprintf                 00860D RLA    _vsprintf                 0086E4 RLA    
_write                    0086F6 RLA    zerobss                   00874A RLA    
__hextab                  008C24 RLA    __longminstr              008C34 RLA    
__ctype                   008C40 RLA    __ctypeidx                008C4B RLA    
__DESTRUCTOR_TABLE__      008D25 RLA    _vdctoconiocol            008EFB RLA    
_stdout                   008F25 RLA    fdtab                     008F55 RLA    
curunit                   008F91 RLA    __BSS_RUN__               008F92 RLA    
_bootdevice               008F92 RLA    cursor                    00917B RLA    
__oserror                 00917C RLA    __errno                   0091AA RLA    
__MAIN_SIZE__             009BF3 REA    _clrscr                   00C142 REA    
SWAPPER                   00FF5F RLA    READST                    00FFB7 RLA    
SETLFS                    00FFBA RLA    SETNAM                    00FFBD RLA    
OPEN                      00FFC0 RLA    CLOSE                     00FFC3 RLA    
CHKIN                     00FFC6 RLA    CKOUT                     00FFC9 RLA    
CLRCH                     00FFCC RLA    BASIN                     00FFCF RLA    
BSOUT                     00FFD2 RLA    LOAD                      00FFD5 RLA    
SAVE                      00FFD8 RLA    


Imports list:
-------------
BASIN (kernal.o):
    cbm_read.o                cbm/cbm.inc:47
BSOUT (kernal.o):
    write.o                   cbm/cbm.inc:49
    videomode.o               c128/videomode.s:9
    crt0.o                    c128/crt0.s:10
CHKIN (kernal.o):
    cbm_read.o                cbm/cbm.inc:44
CKOUT (kernal.o):
    write.o                   cbm/cbm.inc:45
CLOSE (kernal.o):
    c_close.o                 cbm/cbm.inc:36
CLRCH (kernal.o):
    write.o                   cbm/cbm.inc:46
    cbm_read.o                cbm/cbm.inc:46
CURS_X (conio.o):
    gotoxy.o                  cbm/gotoxy.s:9
CURS_Y (conio.o):
    gotoxy.o                  cbm/gotoxy.s:9
LOAD (kernal.o):
    c_load.o                  cbm/cbm.inc:37
OPEN (kernal.o):
    write.o                   cbm/cbm.inc:35
    c_open.o                  cbm/cbm.inc:35
READST (kernal.o):
    write.o                   cbm/cbm.inc:32
    cbm_read.o                cbm/cbm.inc:32
SAVE (kernal.o):
    c_save.o                  cbm/cbm.inc:38
SETLFS (kernal.o):
    write.o                   cbm/cbm.inc:33
    c_setlfs.o                cbm/cbm.inc:33
SETNAM (kernal.o):
    c_setnam.o                cbm/cbm.inc:34
ST (status.o):
    crt0.o                    c128/crt0.s:12
SWAPPER (kernal.o):
    videomode.o               c128/videomode.s:9
_BankMemCopy (vdc_core.o):
    main.o                    src/main.s:59
_BankMemCopy_core (vdc_core_assembly.o):
    vdc_core.o                src/vdc_core.s:61
_BankMemSet (vdc_core.o):
    main.o                    src/main.s:60
_BankMemSet_core (vdc_core_assembly.o):
    vdc_core.o                src/vdc_core.s:62
_PEEKB (vdc_core.o):
    main.o                    src/main.s:58
_PEEKB_core (vdc_core_assembly.o):
    vdc_core.o                src/vdc_core.s:60
_POKEB (vdc_core.o):
    main.o                    src/main.s:57
_POKEB_core (vdc_core_assembly.o):
    vdc_core.o                src/vdc_core.s:59
_SetLoadSaveBank (vdc_core.o):
    main.o                    src/main.s:56
_SetLoadSaveBank_core (vdc_core_assembly.o):
    vdc_core.o                src/vdc_core.s:58
_VDC_Attribute (vdc_core.o):
    main.o                    src/main.s:51
_VDC_BackColor (vdc_core.o):
    main.o                    src/main.s:47
_VDC_CopyCharsetsfromROM (vdc_core_assembly.o):
    main.o                    src/main.s:35
_VDC_CopyMemToVDC (vdc_core.o):
    main.o                    src/main.s:39
_VDC_CopyMemToVDC_core (vdc_core_assembly.o):
    vdc_core.o                src/vdc_core.s:52
_VDC_CopyVDCToMem (vdc_core.o):
    main.o                    src/main.s:40
_VDC_CopyVDCToMem_core (vdc_core_assembly.o):
    vdc_core.o                src/vdc_core.s:53
_VDC_CopyViewPortToVDC (vdc_core.o):
    main.o                    src/main.s:53
_VDC_CopyViewPortToVDC_core (vdc_core_assembly.o):
    vdc_core.o                src/vdc_core.s:56
_VDC_DetectVDCMemSize (vdc_core.o):
    main.o                    src/main.s:36
_VDC_DetectVDCMemSize_core (vdc_core_assembly.o):
    vdc_core.o                src/vdc_core.s:47
_VDC_Exit (vdc_core.o):
    main.o                    src/main.s:44
_VDC_FillArea (vdc_core.o):
    main.o                    src/main.s:42
_VDC_FillArea_core (vdc_core_assembly.o):
    vdc_core.o                src/vdc_core.s:55
_VDC_HChar (vdc_core.o):
    main.o                    src/main.s:37
_VDC_HChar_core (vdc_core_assembly.o):
    vdc_core.o                src/vdc_core.s:50
_VDC_Init (vdc_core.o):
    main.o                    src/main.s:43
_VDC_LoadCharset (vdc_core.o):
    main.o                    src/main.s:49
_VDC_LoadScreen (vdc_core.o):
    main.o                    src/main.s:50
_VDC_MemCopy_core (vdc_core_assembly.o):
    vdc_core.o                src/vdc_core.s:49
_VDC_Peek_core (vdc_core_assembly.o):
    vdc_core.o                src/vdc_core.s:46
_VDC_PetsciiToScreenCode (vdc_core.o):
    main.o                    src/main.s:45
_VDC_PetsciiToScreenCodeRvs (vdc_core.o):
    main.o                    src/main.s:46
_VDC_Plot (vdc_core.o):
    main.o                    src/main.s:52
_VDC_Poke_core (vdc_core_assembly.o):
    vdc_core.o                src/vdc_core.s:45
_VDC_PrintAt (vdc_core.o):
    main.o                    src/main.s:48
_VDC_ReadRegister_core (vdc_core_assembly.o):
    vdc_core.o                src/vdc_core.s:43
_VDC_RedefineCharset (vdc_core.o):
    main.o                    src/main.s:41
_VDC_RedefineCharset_core (vdc_core_assembly.o):
    vdc_core.o                src/vdc_core.s:54
_VDC_ScrollCopy (vdc_core.o):
    main.o                    src/main.s:54
_VDC_ScrollCopy_core (vdc_core_assembly.o):
    vdc_core.o                src/vdc_core.s:57
_VDC_ScrollMove (vdc_core.o):
    main.o                    src/main.s:55
_VDC_SetCursorMode_core (vdc_core_assembly.o):
    vdc_core.o                src/vdc_core.s:48
_VDC_SetExtendedVDCMemSize (vdc_core_assembly.o):
    main.o                    src/main.s:34
_VDC_VChar (vdc_core.o):
    main.o                    src/main.s:38
_VDC_VChar_core (vdc_core_assembly.o):
    vdc_core.o                src/vdc_core.s:51
_VDC_WriteRegister_core (vdc_core_assembly.o):
    vdc_core.o                src/vdc_core.s:44
_VDC_addrh (vdc_core_assembly.o):
    vdc_core.o                src/vdc_core.s:32
_VDC_addrl (vdc_core_assembly.o):
    vdc_core.o                src/vdc_core.s:33
_VDC_desth (vdc_core_assembly.o):
    vdc_core.o                src/vdc_core.s:34
_VDC_destl (vdc_core_assembly.o):
    vdc_core.o                src/vdc_core.s:35
_VDC_regadd (vdc_core_assembly.o):
    vdc_core.o                src/vdc_core.s:30
_VDC_regval (vdc_core_assembly.o):
    vdc_core.o                src/vdc_core.s:31
_VDC_strideh (vdc_core_assembly.o):
    vdc_core.o                src/vdc_core.s:36
_VDC_stridel (vdc_core_assembly.o):
    vdc_core.o                src/vdc_core.s:37
_VDC_tmp1 (vdc_core_assembly.o):
    vdc_core.o                src/vdc_core.s:39
_VDC_tmp2 (vdc_core_assembly.o):
    vdc_core.o                src/vdc_core.s:40
_VDC_tmp3 (vdc_core_assembly.o):
    vdc_core.o                src/vdc_core.s:41
_VDC_tmp4 (vdc_core_assembly.o):
    vdc_core.o                src/vdc_core.s:42
_VDC_value (vdc_core_assembly.o):
    vdc_core.o                src/vdc_core.s:38
__BSS_RUN__ ([linker generated]):
    zerobss.o                 common/zerobss.s:8
__BSS_SIZE__ ([linker generated]):
    zerobss.o                 common/zerobss.s:8
__CONSTRUCTOR_COUNT__ ([linker generated]):
    condes.o                  runtime/condes.s:18
__CONSTRUCTOR_TABLE__ ([linker generated]):
    condes.o                  runtime/condes.s:18
__DESTRUCTOR_COUNT__ ([linker generated]):
    condes.o                  runtime/condes.s:19
__DESTRUCTOR_TABLE__ ([linker generated]):
    condes.o                  runtime/condes.s:19
__EXEHDR__ (exehdr.o):
    [linker generated]        vdcse-cc65config.cfg:3
__LOADADDR__ (loadaddr.o):
    [linker generated]        vdcse-cc65config.cfg:2
__MAIN_SIZE__ ([linker generated]):
    crt0.o                    c128/crt0.s:11
__MAIN_START__ ([linker generated]):
    crt0.o                    c128/crt0.s:11
__STACKSIZE__ ([linker generated]):
    crt0.o                    c128/crt0.s:11
    [linker generated]        vdcse-cc65config.cfg:10
__STARTUP__ (crt0.o):
    main.o                    src/main.s:13
__ctype (ctype.o):
    ctypemask.o               common/ctypemask.s:23
__ctypeidx (ctype.o):
    ctypemask.o               common/ctypemask.s:24
__directerrno (_directerrno.o):
    write.o                   /mnt/d/retro/cc65/asminc/errno.inc:10
    vsnprintf.o               /mnt/d/retro/cc65/asminc/errno.inc:10
__errno (errno.o):
    _seterrno.o               /mnt/d/retro/cc65/asminc/errno.inc:7
__hextab (_hextab.o):
    ltoa.o                    common/ltoa.s:10
__longminstr (_longminstr.o):
    ltoa.o                    common/ltoa.s:10
__mappederrno (_mappederrno.o):
    write.o                   /mnt/d/retro/cc65/asminc/errno.inc:10
__oserror (_oserror.o):
    _mappederrno.o            /mnt/d/retro/cc65/asminc/errno.inc:7
    _directerrno.o            /mnt/d/retro/cc65/asminc/errno.inc:7
    write.o                   /mnt/d/retro/cc65/asminc/errno.inc:7
    cbm_read.o                cbm/cbm_read.s:44
    cbm_open.o                cbm/cbm_open.s:24
    c_load.o                  cbm/c_load.s:10
    main.o                    src/main.s:30
__osmaperrno (oserror.o):
    _mappederrno.o            /mnt/d/retro/cc65/asminc/errno.inc:8
__printf (_printf.o):
    vsnprintf.o               common/vsnprintf.s:10
    vfprintf.o                common/vfprintf.s:10
__seterrno (_seterrno.o):
    _mappederrno.o            /mnt/d/retro/cc65/asminc/errno.inc:9
    _directerrno.o            /mnt/d/retro/cc65/asminc/errno.inc:9
    fwrite.o                  /mnt/d/retro/cc65/asminc/errno.inc:9
    strtol.o                  ../libwrk/c128/strtol.s:17
_bgcolor (color.o):
    vdc_core.o                src/vdc_core.s:24
_bootdevice (main.o):
    vdc_core.o                src/vdc_core.s:28
_bordercolor (color.o):
    vdc_core.o                src/vdc_core.s:25
_cbm_close (cbm_close.o):
    vdc_core.o                src/vdc_core.s:20
    main.o                    src/main.s:22
_cbm_k_close (c_close.o):
    cbm_close.o               cbm/cbm_close.s:7
_cbm_k_load (c_load.o):
    vdc_core.o                src/vdc_core.s:15
    main.o                    src/main.s:17
_cbm_k_open (c_open.o):
    cbm_open.o                cbm/cbm_open.s:23
_cbm_k_save (c_save.o):
    vdc_core.o                src/vdc_core.s:16
    main.o                    src/main.s:18
_cbm_k_setlfs (c_setlfs.o):
    cbm_open.o                cbm/cbm_open.s:23
    vdc_core.o                src/vdc_core.s:17
    main.o                    src/main.s:19
_cbm_k_setnam (c_setnam.o):
    cbm_open.o                cbm/cbm_open.s:23
    vdc_core.o                src/vdc_core.s:18
    main.o                    src/main.s:20
_cbm_open (cbm_open.o):
    vdc_core.o                src/vdc_core.s:19
    main.o                    src/main.s:21
_cbm_read (cbm_read.o):
    vdc_core.o                src/vdc_core.s:21
    main.o                    src/main.s:23
_cgetc (cgetc.o):
    main.o                    src/main.s:26
_clrscr (clrscr.o):
    vdc_core.o                src/vdc_core.s:22
    main.o                    src/main.s:24
_cursor (cursor.o):
    main.o                    src/main.s:27
_exit (crt0.o):
    vdc_core.o                src/vdc_core.s:26
_fwrite (fwrite.o):
    vfprintf.o                common/vfprintf.s:10
_getcurrentdevice (curdevice.o):
    main.o                    src/main.s:32
_gotoxy (gotoxy.o):
    main.o                    src/main.s:25
_isdigit (isdigit.o):
    strtol.o                  ../libwrk/c128/strtol.s:13
_islower (islower.o):
    strtol.o                  ../libwrk/c128/strtol.s:14
_isprint (isprint.o):
    main.o                    src/main.s:31
_isspace (isspace.o):
    strtol.o                  ../libwrk/c128/strtol.s:15
_isupper (isupper.o):
    strtol.o                  ../libwrk/c128/strtol.s:16
_ltoa (ltoa.o):
    _printf.o                 common/_printf.s:12
_main (main.o):
    callmain.o                runtime/callmain.s:11
_memcpy (memcpy.o):
    vsnprintf.o               common/vsnprintf.s:10
_printf (printf.o):
    vdc_core.o                src/vdc_core.s:13
_set_c128_speed (acc_c128_speed.o):
    vdc_core.o                src/vdc_core.s:27
_sprintf (sprintf.o):
    main.o                    src/main.s:14
_stdout (_file.o):
    printf.o                  common/printf.s:8
_strcpy (strcpy.o):
    main.o                    src/main.s:15
_strlen (strlen.o):
    _printf.o                 common/_printf.s:13
    main.o                    src/main.s:16
_strlower (strlower.o):
    _printf.o                 common/_printf.s:13
_strtol (strtol.o):
    main.o                    src/main.s:29
_textcolor (color.o):
    vdc_core.o                src/vdc_core.s:23
    main.o                    src/main.s:28
_ultoa (ltoa.o):
    _printf.o                 common/_printf.s:12
_vdctoconiocol (vdc_core.o):
    main.o                    src/main.s:33
_vfprintf (vfprintf.o):
    printf.o                  common/printf.s:8
_videomode (videomode.o):
    vdc_core.o                src/vdc_core.s:14
_vsprintf (vsprintf.o):
    sprintf.o                 common/sprintf.s:8
_write (write.o):
    fwrite.o                  common/fwrite.s:10
addeq0sp (addeqsp.o):
    vdc_core.o                src/vdc_core.s:2230
    vdc_core.o                src/vdc_core.s:2230
    vdc_core.o                src/vdc_core.s:2230
    vdc_core.o                src/vdc_core.s:2230
    main.o                    src/main.s:8980
addeqysp (addeqsp.o):
    strtol.o                  ../libwrk/c128/strtol.s:320
    vdc_core.o                src/vdc_core.s:2230
    vdc_core.o                src/vdc_core.s:2230
    vdc_core.o                src/vdc_core.s:2230
    main.o                    src/main.s:8980
addysp (addysp.o):
    fwrite.o                  common/fwrite.s:11
    strtol.o                  ../libwrk/c128/strtol.s:320
    sprintf.o                 common/sprintf.s:8
    printf.o                  common/printf.s:8
    incsp8.o                  runtime/incsp8.s:8
    incsp7.o                  runtime/incsp7.s:8
    incsp6.o                  runtime/incsp6.s:8
    incsp5.o                  runtime/incsp5.s:8
    incsp4.o                  runtime/incsp4.s:8
    incsp3.o                  runtime/incsp3.s:8
    vdc_core.o                src/vdc_core.s:2230
    vdc_core.o                src/vdc_core.s:2230
    vdc_core.o                src/vdc_core.s:2230
    vdc_core.o                src/vdc_core.s:2230
    main.o                    src/main.s:8980
    main.o                    src/main.s:8980
    main.o                    src/main.s:8980
    main.o                    src/main.s:8980
    main.o                    src/main.s:8980
    main.o                    src/main.s:8980
addysp1 (addysp.o):
    ludiv.o                   runtime/ludiv.s:9
    lmul.o                    runtime/lmul.s:9
    ladd.o                    runtime/ladd.s:8
    sub.o                     runtime/sub.s:8
aslax1 (aslax1.o):
    main.o                    src/main.s:8980
aslax2 (aslax2.o):
    main.o                    src/main.s:8980
    main.o                    src/main.s:8980
aslax4 (aslax4.o):
    main.o                    src/main.s:8980
axlong (axlong.o):
    _printf.o                 common/_printf.s:11
    strtol.o                  ../libwrk/c128/strtol.s:320
axulong (axlong.o):
    _printf.o                 common/_printf.s:11
    strtol.o                  ../libwrk/c128/strtol.s:320
booleq (makebool.o):
    leq.o                     runtime/leq.s:8
    main.o                    src/main.s:8980
boolugt (makebool.o):
    lugt.o                    runtime/lugt.s:8
callmain (callmain.o):
    crt0.o                    c128/crt0.s:9
ctypemask (ctypemask.o):
    isupper.o                 common/isupper.s:15
    isspace.o                 common/isspace.s:15
    islower.o                 common/islower.s:15
    isdigit.o                 common/isdigit.s:15
    isprint.o                 common/isprint.s:15
ctypemaskdirect (ctypemask.o):
    strlower.o                common/strlower.s:14
cursor (_cursor.o):
    cursor.o                  conio/cursor.s:8
    cgetc.o                   c128/cgetc.s:11
curunit (filevars.o):
    curdevice.o               cbm/curdevice.s:8
decax1 (decax1.o):
    main.o                    src/main.s:8980
    main.o                    src/main.s:8980
    main.o                    src/main.s:8980
    main.o                    src/main.s:8980
    main.o                    src/main.s:8980
    main.o                    src/main.s:8980
    main.o                    src/main.s:8980
decaxy (decaxy.o):
    strtol.o                  ../libwrk/c128/strtol.s:320
    vdc_core.o                src/vdc_core.s:2230
    vdc_core.o                src/vdc_core.s:2230
    main.o                    src/main.s:8980
    main.o                    src/main.s:8980
    main.o                    src/main.s:8980
decsp1 (decsp1.o):
    vdc_core.o                src/vdc_core.s:2230
    vdc_core.o                src/vdc_core.s:2230
    main.o                    src/main.s:8980
    main.o                    src/main.s:8980
    main.o                    src/main.s:8980
    main.o                    src/main.s:8980
    main.o                    src/main.s:8980
    main.o                    src/main.s:8980
    main.o                    src/main.s:8980
    main.o                    src/main.s:8980
    main.o                    src/main.s:8980
decsp2 (decsp2.o):
    vdc_core.o                src/vdc_core.s:2230
    vdc_core.o                src/vdc_core.s:2230
    vdc_core.o                src/vdc_core.s:2230
    main.o                    src/main.s:8980
    main.o                    src/main.s:8980
    main.o                    src/main.s:8980
    main.o                    src/main.s:8980
    main.o                    src/main.s:8980
    main.o                    src/main.s:8980
    main.o                    src/main.s:8980
    main.o                    src/main.s:8980
    main.o                    src/main.s:8980
    main.o                    src/main.s:8980
decsp3 (decsp3.o):
    vdc_core.o                src/vdc_core.s:2230
    main.o                    src/main.s:8980
    main.o                    src/main.s:8980
    main.o                    src/main.s:8980
decsp4 (decsp4.o):
    lpush.o                   runtime/lpush.s:12
    sprintf.o                 common/sprintf.s:8
    vdc_core.o                src/vdc_core.s:2230
    main.o                    src/main.s:8980
    main.o                    src/main.s:8980
decsp5 (decsp5.o):
    main.o                    src/main.s:8980
decsp6 (decsp6.o):
    _printf.o                 common/_printf.s:11
    strtol.o                  ../libwrk/c128/strtol.s:320
    main.o                    src/main.s:8980
    main.o                    src/main.s:8980
devnum (devnum.o):
    filevars.o                cbm/filevars.s:9
donelib (condes.o):
    crt0.o                    c128/crt0.s:7
fdtab (filedes.o):
    write.o                   cbm/filedes.inc:7
getlop (ludiv.o):
    lumod.o                   runtime/lumod.s:9
gotoxy (gotoxy.o):
    cputc.o                   c128/cputc.s:11
incax1 (incax1.o):
    strtol.o                  ../libwrk/c128/strtol.s:320
    vdc_core.o                src/vdc_core.s:2230
    main.o                    src/main.s:8980
    main.o                    src/main.s:8980
incax2 (incax2.o):
    vdc_core.o                src/vdc_core.s:2230
incaxy (incaxy.o):
    vdc_core.o                src/vdc_core.s:2230
    vdc_core.o                src/vdc_core.s:2230
    vdc_core.o                src/vdc_core.s:2230
    main.o                    src/main.s:8980
    main.o                    src/main.s:8980
    main.o                    src/main.s:8980
    main.o                    src/main.s:8980
    main.o                    src/main.s:8980
    main.o                    src/main.s:8980
    main.o                    src/main.s:8980
    main.o                    src/main.s:8980
    main.o                    src/main.s:8980
    main.o                    src/main.s:8980
    main.o                    src/main.s:8980
    main.o                    src/main.s:8980
incsp1 (incsp1.o):
    vdc_core.o                src/vdc_core.s:2230
    vdc_core.o                src/vdc_core.s:2230
    vdc_core.o                src/vdc_core.s:2230
    vdc_core.o                src/vdc_core.s:2230
    vdc_core.o                src/vdc_core.s:2230
    main.o                    src/main.s:8980
    main.o                    src/main.s:8980
    main.o                    src/main.s:8980
    main.o                    src/main.s:8980
    main.o                    src/main.s:8980
    main.o                    src/main.s:8980
incsp2 (incsp2.o):
    vsnprintf.o               common/vsnprintf.s:9
    popptr1.o                 runtime/popptr1.s:8
    vdc_core.o                src/vdc_core.s:2230
    vdc_core.o                src/vdc_core.s:2230
    vdc_core.o                src/vdc_core.s:2230
    vdc_core.o                src/vdc_core.s:2230
    main.o                    src/main.s:8980
    main.o                    src/main.s:8980
    main.o                    src/main.s:8980
    main.o                    src/main.s:8980
incsp3 (incsp3.o):
    vdc_core.o                src/vdc_core.s:2230
    vdc_core.o                src/vdc_core.s:2230
    main.o                    src/main.s:8980
    main.o                    src/main.s:8980
    main.o                    src/main.s:8980
    main.o                    src/main.s:8980
    main.o                    src/main.s:8980
    main.o                    src/main.s:8980
    main.o                    src/main.s:8980
incsp4 (incsp4.o):
    lcmp.o                    runtime/lcmp.s:9
    vdc_core.o                src/vdc_core.s:2230
    vdc_core.o                src/vdc_core.s:2230
    vdc_core.o                src/vdc_core.s:2230
    main.o                    src/main.s:8980
    main.o                    src/main.s:8980
    main.o                    src/main.s:8980
    main.o                    src/main.s:8980
    main.o                    src/main.s:8980
    main.o                    src/main.s:8980
    main.o                    src/main.s:8980
    main.o                    src/main.s:8980
incsp5 (incsp5.o):
    vdc_core.o                src/vdc_core.s:2230
    main.o                    src/main.s:8980
    main.o                    src/main.s:8980
    main.o                    src/main.s:8980
    main.o                    src/main.s:8980
incsp6 (incsp6.o):
    vsnprintf.o               common/vsnprintf.s:9
    fwrite.o                  common/fwrite.s:11
    vfprintf.o                common/vfprintf.s:9
    vdc_core.o                src/vdc_core.s:2230
    vdc_core.o                src/vdc_core.s:2230
    vdc_core.o                src/vdc_core.s:2230
    vdc_core.o                src/vdc_core.s:2230
    main.o                    src/main.s:8980
    main.o                    src/main.s:8980
    main.o                    src/main.s:8980
incsp7 (incsp7.o):
    vdc_core.o                src/vdc_core.s:2230
    vdc_core.o                src/vdc_core.s:2230
    vdc_core.o                src/vdc_core.s:2230
    vdc_core.o                src/vdc_core.s:2230
    vdc_core.o                src/vdc_core.s:2230
    vdc_core.o                src/vdc_core.s:2230
    main.o                    src/main.s:8980
    main.o                    src/main.s:8980
    main.o                    src/main.s:8980
incsp8 (incsp8.o):
    vdc_core.o                src/vdc_core.s:2230
    vdc_core.o                src/vdc_core.s:2230
    vdc_core.o                src/vdc_core.s:2230
    vdc_core.o                src/vdc_core.s:2230
    main.o                    src/main.s:8980
initlib (condes.o):
    crt0.o                    c128/crt0.s:7
ldax0sp (ldaxsp.o):
    vdc_core.o                src/vdc_core.s:2230
    vdc_core.o                src/vdc_core.s:2230
    main.o                    src/main.s:8980
    main.o                    src/main.s:8980
ldaxi (ldaxi.o):
    main.o                    src/main.s:8980
    main.o                    src/main.s:8980
ldaxysp (ldaxsp.o):
    vsnprintf.o               common/vsnprintf.s:9
    fwrite.o                  common/fwrite.s:11
    strtol.o                  ../libwrk/c128/strtol.s:320
    vdc_core.o                src/vdc_core.s:2230
    vdc_core.o                src/vdc_core.s:2230
    vdc_core.o                src/vdc_core.s:2230
    vdc_core.o                src/vdc_core.s:2230
    vdc_core.o                src/vdc_core.s:2230
    vdc_core.o                src/vdc_core.s:2230
    main.o                    src/main.s:8980
    main.o                    src/main.s:8980
    main.o                    src/main.s:8980
    main.o                    src/main.s:8980
    main.o                    src/main.s:8980
    main.o                    src/main.s:8980
    main.o                    src/main.s:8980
    main.o                    src/main.s:8980
ldeaxysp (ldeaxysp.o):
    strtol.o                  ../libwrk/c128/strtol.s:320
leaa0sp (leaaxsp.o):
    main.o                    src/main.s:8980
    main.o                    src/main.s:8980
    main.o                    src/main.s:8980
    main.o                    src/main.s:8980
    main.o                    src/main.s:8980
    main.o                    src/main.s:8980
    main.o                    src/main.s:8980
mul8x16 (mul8.o):
    mul.o                     runtime/mul.s:8
mul8x16a (mul8.o):
    mul.o                     runtime/mul.s:8
mulax10 (mulax10.o):
    main.o                    src/main.s:8980
    main.o                    src/main.s:8980
mulax6 (mulax6.o):
    main.o                    src/main.s:8980
    main.o                    src/main.s:8980
    main.o                    src/main.s:8980
negeax (lneg.o):
    ltoa.o                    common/ltoa.s:9
    strtol.o                  ../libwrk/c128/strtol.s:320
plot (cputc.o):
    gotoxy.o                  cbm/gotoxy.s:8
popa (popa.o):
    gotoxy.o                  cbm/gotoxy.s:8
    cbm_read.o                cbm/cbm_read.s:43
    cbm_open.o                cbm/cbm_open.s:22
    c_setlfs.o                cbm/c_setlfs.s:12
    c_load.o                  cbm/c_load.s:11
popax (incsp2.o):
    rwcommon.o                cbm/rwcommon.s:9
    memcpy.o                  common/memcpy.s:14
    vsnprintf.o               common/vsnprintf.s:9
    ltoa.o                    common/ltoa.s:9
    _printf.o                 common/_printf.s:11
    strcpy.o                  common/strcpy.s:8
    cbm_read.o                cbm/cbm_read.s:43
popptr1 (popptr1.o):
    rwcommon.o                cbm/rwcommon.s:9
    memcpy.o                  common/memcpy.s:14
    udiv.o                    runtime/udiv.s:9
    ltoa.o                    common/ltoa.s:9
    mul8.o                    runtime/mul8.s:9
    mul.o                     runtime/mul.s:9
    c_save.o                  cbm/c_save.s:10
ptr1 (zeropage.o):
    memcpy.o                  common/memcpy.s:15
    lcmp.o                    runtime/lcmp.s:10
    write.o                   cbm/write.s:11
    vsnprintf.o               common/vsnprintf.s:11
    udiv.o                    runtime/udiv.s:10
    strlower.o                common/strlower.s:13
    ludiv.o                   runtime/ludiv.s:10
    ltoa.o                    common/ltoa.s:11
    lmul.o                    runtime/lmul.s:10
    fwrite.o                  common/fwrite.s:14
    _printf.o                 /mnt/d/retro/cc65/asminc/zeropage.inc:12
    zerobss.o                 common/zerobss.s:9
    vfprintf.o                common/vfprintf.s:11
    strtol.o                  ../libwrk/c128/strtol.s:11
    strcpy.o                  common/strcpy.s:9
    sprintf.o                 common/sprintf.s:9
    pushw.o                   runtime/pushw.s:9
    printf.o                  common/printf.s:9
    popptr1.o                 runtime/popptr1.s:9
    mulax6.o                  runtime/mulax6.s:9
    mulax10.o                 runtime/mulax10.s:9
    mul8.o                    runtime/mul8.s:10
    mul.o                     runtime/mul.s:10
    ldaxi.o                   runtime/ldaxi.s:8
    cbm_read.o                cbm/cbm_read.s:42
    c_setnam.o                cbm/c_setnam.s:10
    c_save.o                  cbm/c_save.s:11
    c_load.o                  cbm/c_load.s:12
    vdc_core.o                src/vdc_core.s:11
    main.o                    src/main.s:11
ptr2 (zeropage.o):
    rwcommon.o                cbm/rwcommon.s:10
    memcpy.o                  common/memcpy.s:15
    write.o                   cbm/write.s:11
    strlower.o                common/strlower.s:13
    lumod.o                   runtime/lumod.s:10
    ludiv.o                   runtime/ludiv.s:10
    ltoa.o                    common/ltoa.s:11
    _printf.o                 /mnt/d/retro/cc65/asminc/zeropage.inc:12
    strlen.o                  common/strlen.s:12
    strcpy.o                  common/strcpy.s:9
    cbm_read.o                cbm/cbm_read.s:42
ptr3 (zeropage.o):
    rwcommon.o                cbm/rwcommon.s:10
    memcpy.o                  common/memcpy.s:15
    write.o                   cbm/write.s:11
    ludiv.o                   runtime/ludiv.s:10
    ltoa.o                    common/ltoa.s:11
    lmul.o                    runtime/lmul.s:10
    cbm_read.o                cbm/cbm_read.s:42
ptr4 (zeropage.o):
    udiv.o                    runtime/udiv.s:10
    ludiv.o                   runtime/ludiv.s:10
    lmul.o                    runtime/lmul.s:10
    mul8.o                    runtime/mul8.s:10
    mul.o                     runtime/mul.s:10
push0 (pushax.o):
    strtol.o                  ../libwrk/c128/strtol.s:320
    vdc_core.o                src/vdc_core.s:2230
    vdc_core.o                src/vdc_core.s:2230
    main.o                    src/main.s:8980
push1 (push1.o):
    _printf.o                 common/_printf.s:11
    vfprintf.o                common/vfprintf.s:9
pusha (pusha.o):
    strtol.o                  ../libwrk/c128/strtol.s:320
    vdc_core.o                src/vdc_core.s:2230
    vdc_core.o                src/vdc_core.s:2230
    vdc_core.o                src/vdc_core.s:2230
    vdc_core.o                src/vdc_core.s:2230
    vdc_core.o                src/vdc_core.s:2230
    vdc_core.o                src/vdc_core.s:2230
    vdc_core.o                src/vdc_core.s:2230
    vdc_core.o                src/vdc_core.s:2230
    vdc_core.o                src/vdc_core.s:2230
    vdc_core.o                src/vdc_core.s:2230
    vdc_core.o                src/vdc_core.s:2230
    vdc_core.o                src/vdc_core.s:2230
    vdc_core.o                src/vdc_core.s:2230
    vdc_core.o                src/vdc_core.s:2230
    vdc_core.o                src/vdc_core.s:2230
    vdc_core.o                src/vdc_core.s:2230
    vdc_core.o                src/vdc_core.s:2230
    vdc_core.o                src/vdc_core.s:2230
    vdc_core.o                src/vdc_core.s:2230
    vdc_core.o                src/vdc_core.s:2230
    vdc_core.o                src/vdc_core.s:2230
    vdc_core.o                src/vdc_core.s:2230
    vdc_core.o                src/vdc_core.s:2230
    vdc_core.o                src/vdc_core.s:2230
    vdc_core.o                src/vdc_core.s:2230
    vdc_core.o                src/vdc_core.s:2230
    vdc_core.o                src/vdc_core.s:2230
    main.o                    src/main.s:8980
    main.o                    src/main.s:8980
    main.o                    src/main.s:8980
    main.o                    src/main.s:8980
    main.o                    src/main.s:8980
    main.o                    src/main.s:8980
    main.o                    src/main.s:8980
    main.o                    src/main.s:8980
    main.o                    src/main.s:8980
    main.o                    src/main.s:8980
    main.o                    src/main.s:8980
    main.o                    src/main.s:8980
    main.o                    src/main.s:8980
    main.o                    src/main.s:8980
    main.o                    src/main.s:8980
    main.o                    src/main.s:8980
    main.o                    src/main.s:8980
    main.o                    src/main.s:8980
    main.o                    src/main.s:8980
    main.o                    src/main.s:8980
    main.o                    src/main.s:8980
    main.o                    src/main.s:8980
    main.o                    src/main.s:8980
    main.o                    src/main.s:8980
    main.o                    src/main.s:8980
    main.o                    src/main.s:8980
    main.o                    src/main.s:8980
    main.o                    src/main.s:8980
    main.o                    src/main.s:8980
    main.o                    src/main.s:8980
    main.o                    src/main.s:8980
    main.o                    src/main.s:8980
    main.o                    src/main.s:8980
    main.o                    src/main.s:8980
    main.o                    src/main.s:8980
    main.o                    src/main.s:8980
    main.o                    src/main.s:8980
    main.o                    src/main.s:8980
    main.o                    src/main.s:8980
    main.o                    src/main.s:8980
    main.o                    src/main.s:8980
pusha0 (pushax.o):
    push1.o                   runtime/push1.s:8
    vdc_core.o                src/vdc_core.s:2230
    vdc_core.o                src/vdc_core.s:2230
    vdc_core.o                src/vdc_core.s:2230
    vdc_core.o                src/vdc_core.s:2230
    main.o                    src/main.s:8980
    main.o                    src/main.s:8980
    main.o                    src/main.s:8980
    main.o                    src/main.s:8980
    main.o                    src/main.s:8980
    main.o                    src/main.s:8980
    main.o                    src/main.s:8980
    main.o                    src/main.s:8980
    main.o                    src/main.s:8980
    main.o                    src/main.s:8980
    main.o                    src/main.s:8980
    main.o                    src/main.s:8980
    main.o                    src/main.s:8980
    main.o                    src/main.s:8980
    main.o                    src/main.s:8980
    main.o                    src/main.s:8980
    main.o                    src/main.s:8980
    main.o                    src/main.s:8980
    main.o                    src/main.s:8980
    main.o                    src/main.s:8980
pushax (pushax.o):
    fwrite.o                  common/fwrite.s:11
    callmain.o                runtime/callmain.s:11
    _printf.o                 common/_printf.s:11
    strtol.o                  ../libwrk/c128/strtol.s:320
    pushw.o                   runtime/pushw.s:8
    printf.o                  common/printf.s:8
    vdc_core.o                src/vdc_core.s:2230
    vdc_core.o                src/vdc_core.s:2230
    vdc_core.o                src/vdc_core.s:2230
    vdc_core.o                src/vdc_core.s:2230
    vdc_core.o                src/vdc_core.s:2230
    vdc_core.o                src/vdc_core.s:2230
    vdc_core.o                src/vdc_core.s:2230
    vdc_core.o                src/vdc_core.s:2230
    vdc_core.o                src/vdc_core.s:2230
    vdc_core.o                src/vdc_core.s:2230
    vdc_core.o                src/vdc_core.s:2230
    vdc_core.o                src/vdc_core.s:2230
    vdc_core.o                src/vdc_core.s:2230
    vdc_core.o                src/vdc_core.s:2230
    vdc_core.o                src/vdc_core.s:2230
    main.o                    src/main.s:8980
    main.o                    src/main.s:8980
    main.o                    src/main.s:8980
    main.o                    src/main.s:8980
    main.o                    src/main.s:8980
    main.o                    src/main.s:8980
    main.o                    src/main.s:8980
    main.o                    src/main.s:8980
    main.o                    src/main.s:8980
    main.o                    src/main.s:8980
    main.o                    src/main.s:8980
    main.o                    src/main.s:8980
    main.o                    src/main.s:8980
    main.o                    src/main.s:8980
    main.o                    src/main.s:8980
    main.o                    src/main.s:8980
    main.o                    src/main.s:8980
    main.o                    src/main.s:8980
    main.o                    src/main.s:8980
    main.o                    src/main.s:8980
    main.o                    src/main.s:8980
    main.o                    src/main.s:8980
    main.o                    src/main.s:8980
    main.o                    src/main.s:8980
    main.o                    src/main.s:8980
    main.o                    src/main.s:8980
    main.o                    src/main.s:8980
    main.o                    src/main.s:8980
    main.o                    src/main.s:8980
    main.o                    src/main.s:8980
    main.o                    src/main.s:8980
    main.o                    src/main.s:8980
    main.o                    src/main.s:8980
    main.o                    src/main.s:8980
    main.o                    src/main.s:8980
    main.o                    src/main.s:8980
    main.o                    src/main.s:8980
    main.o                    src/main.s:8980
    main.o                    src/main.s:8980
pusheax (lpush.o):
    _printf.o                 common/_printf.s:11
    strtol.o                  ../libwrk/c128/strtol.s:320
pushl0 (lpush.o):
    strtol.o                  ../libwrk/c128/strtol.s:320
pushw (pushw.o):
    main.o                    src/main.s:8980
pushw0sp (pushwsp.o):
    vsprintf.o                common/vsprintf.s:8
    vdc_core.o                src/vdc_core.s:2230
    vdc_core.o                src/vdc_core.s:2230
    main.o                    src/main.s:8980
    main.o                    src/main.s:8980
    main.o                    src/main.s:8980
pushwysp (pushwsp.o):
    fwrite.o                  common/fwrite.s:11
    vfprintf.o                common/vfprintf.s:9
    vdc_core.o                src/vdc_core.s:2230
    vdc_core.o                src/vdc_core.s:2230
    vdc_core.o                src/vdc_core.s:2230
    vdc_core.o                src/vdc_core.s:2230
    vdc_core.o                src/vdc_core.s:2230
    main.o                    src/main.s:8980
    main.o                    src/main.s:8980
    main.o                    src/main.s:8980
    main.o                    src/main.s:8980
    main.o                    src/main.s:8980
    main.o                    src/main.s:8980
    main.o                    src/main.s:8980
    main.o                    src/main.s:8980
    main.o                    src/main.s:8980
regbank (zeropage.o):
    _printf.o                 /mnt/d/retro/cc65/asminc/zeropage.inc:14
    strtol.o                  ../libwrk/c128/strtol.s:10
return0 (return0.o):
    color.o                   c128/color.s:10
rwcommon (rwcommon.o):
    write.o                   cbm/write.s:10
shlax1 (aslax1.o):
    vdc_core.o                src/vdc_core.s:2230
    main.o                    src/main.s:8980
    main.o                    src/main.s:8980
    main.o                    src/main.s:8980
    main.o                    src/main.s:8980
    main.o                    src/main.s:8980
shlax2 (aslax2.o):
    vdc_core.o                src/vdc_core.s:2230
shlax3 (aslax3.o):
    vdc_core.o                src/vdc_core.s:2230
shlax4 (aslax4.o):
    vdc_core.o                src/vdc_core.s:2230
shrax3 (shrax3.o):
    vdc_core.o                src/vdc_core.s:2230
sp (zeropage.o):
    memcpy.o                  common/memcpy.s:15
    lcmp.o                    runtime/lcmp.s:10
    vsnprintf.o               common/vsnprintf.s:11
    steaxsp.o                 runtime/steaxsp.s:8
    ludiv.o                   runtime/ludiv.s:10
    lpush.o                   runtime/lpush.s:13
    lmul.o                    runtime/lmul.s:10
    ldeaxysp.o                runtime/ldeaxysp.s:12
    ladd.o                    runtime/ladd.s:9
    _printf.o                 /mnt/d/retro/cc65/asminc/zeropage.inc:11
    vfprintf.o                common/vfprintf.s:11
    subysp.o                  runtime/subysp.s:9
    subeqsp.o                 runtime/subeqsp.s:8
    sub.o                     runtime/sub.s:9
    strtol.o                  ../libwrk/c128/strtol.s:10
    staxsp.o                  runtime/staxsp.s:8
    sprintf.o                 common/sprintf.s:9
    pushwsp.o                 runtime/pushwsp.s:8
    pushax.o                  runtime/pushax.s:8
    pusha.o                   runtime/pusha.s:8
    printf.o                  common/printf.s:9
    popptr1.o                 runtime/popptr1.s:9
    popa.o                    runtime/popa.s:8
    leaaxsp.o                 runtime/leaaxsp.s:8
    ldaxsp.o                  runtime/ldaxsp.s:8
    incsp2.o                  runtime/incsp2.s:8
    incsp1.o                  runtime/incsp1.s:8
    icmp.o                    runtime/icmp.s:9
    decsp6.o                  runtime/decsp6.s:8
    decsp5.o                  runtime/decsp5.s:8
    decsp4.o                  runtime/decsp4.s:8
    decsp3.o                  runtime/decsp3.s:8
    decsp2.o                  runtime/decsp2.s:8
    decsp1.o                  runtime/decsp1.s:8
    crt0.o                    /mnt/d/retro/cc65/asminc/zeropage.inc:11
    addysp.o                  runtime/addysp.s:8
    addeqsp.o                 runtime/addeqsp.s:8
    add.o                     runtime/add.s:12
    vdc_core.o                src/vdc_core.s:10
    main.o                    src/main.s:10
sreg (zeropage.o):
    lcmp.o                    runtime/lcmp.s:10
    udiv.o                    runtime/udiv.s:10
    steaxsp.o                 runtime/steaxsp.s:8
    lumod.o                   runtime/lumod.s:10
    ludiv.o                   runtime/ludiv.s:10
    ltoa.o                    common/ltoa.s:11
    lpush.o                   runtime/lpush.s:13
    lneg.o                    runtime/lneg.s:11
    lmul.o                    runtime/lmul.s:10
    ldeaxysp.o                runtime/ldeaxysp.s:12
    ladd.o                    runtime/ladd.s:9
    axlong.o                  runtime/axlong.s:9
    _printf.o                 /mnt/d/retro/cc65/asminc/zeropage.inc:11
    strtol.o                  ../libwrk/c128/strtol.s:10
    icmp.o                    runtime/icmp.s:9
    main.o                    src/main.s:10
stax0sp (staxsp.o):
    vdc_core.o                src/vdc_core.s:2230
    vdc_core.o                src/vdc_core.s:2230
    vdc_core.o                src/vdc_core.s:2230
    vdc_core.o                src/vdc_core.s:2230
    vdc_core.o                src/vdc_core.s:2230
    vdc_core.o                src/vdc_core.s:2230
    vdc_core.o                src/vdc_core.s:2230
    vdc_core.o                src/vdc_core.s:2230
    main.o                    src/main.s:8980
    main.o                    src/main.s:8980
    main.o                    src/main.s:8980
staxysp (staxsp.o):
    vsprintf.o                common/vsprintf.s:8
    strtol.o                  ../libwrk/c128/strtol.s:320
    vdc_core.o                src/vdc_core.s:2230
    vdc_core.o                src/vdc_core.s:2230
    vdc_core.o                src/vdc_core.s:2230
    main.o                    src/main.s:8980
    main.o                    src/main.s:8980
    main.o                    src/main.s:8980
    main.o                    src/main.s:8980
    main.o                    src/main.s:8980
steaxysp (steaxsp.o):
    strtol.o                  ../libwrk/c128/strtol.s:320
subeq0sp (subeqsp.o):
    vdc_core.o                src/vdc_core.s:2230
    vdc_core.o                src/vdc_core.s:2230
    vdc_core.o                src/vdc_core.s:2230
    vdc_core.o                src/vdc_core.s:2230
subeqysp (subeqsp.o):
    vdc_core.o                src/vdc_core.s:2230
subysp (subysp.o):
    main.o                    src/main.s:8980
    main.o                    src/main.s:8980
    main.o                    src/main.s:8980
tmp1 (zeropage.o):
    ltoa.o                    common/ltoa.s:11
    ladd.o                    runtime/ladd.s:9
    _printf.o                 /mnt/d/retro/cc65/asminc/zeropage.inc:13
    strtol.o                  ../libwrk/c128/strtol.s:11
    shrax3.o                  runtime/shrax3.s:8
    mul.o                     runtime/mul.s:10
    incaxy.o                  runtime/incaxy.s:8
    decaxy.o                  runtime/decaxy.s:8
    cbm_read.o                cbm/cbm_read.s:42
    c_setlfs.o                cbm/c_setlfs.s:13
    c_save.o                  cbm/c_save.s:11
    aslax4.o                  runtime/aslax4.s:8
    aslax3.o                  runtime/aslax3.s:8
    aslax2.o                  runtime/aslax2.s:8
    aslax1.o                  runtime/aslax1.s:8
    add.o                     runtime/add.s:12
    vdc_core.o                src/vdc_core.s:11
    main.o                    src/main.s:11
tmp2 (zeropage.o):
    rwcommon.o                cbm/rwcommon.s:10
    lmul.o                    runtime/lmul.s:10
tmp3 (zeropage.o):
    lumod.o                   runtime/lumod.s:10
    ludiv.o                   runtime/ludiv.s:10
    lmul.o                    runtime/lmul.s:10
tmp4 (zeropage.o):
    lumod.o                   runtime/lumod.s:10
    ludiv.o                   runtime/ludiv.s:10
    lmul.o                    runtime/lmul.s:10
tosaddax (add.o):
    main.o                    src/main.s:8980
    main.o                    src/main.s:8980
    main.o                    src/main.s:8980
    main.o                    src/main.s:8980
    main.o                    src/main.s:8980
    main.o                    src/main.s:8980
tosaddeax (ladd.o):
    strtol.o                  ../libwrk/c128/strtol.s:320
toseqeax (leq.o):
    strtol.o                  ../libwrk/c128/strtol.s:320
tosicmp (icmp.o):
    main.o                    src/main.s:8980
    main.o                    src/main.s:8980
    main.o                    src/main.s:8980
    main.o                    src/main.s:8980
    main.o                    src/main.s:8980
    main.o                    src/main.s:8980
    main.o                    src/main.s:8980
    main.o                    src/main.s:8980
toslcmp (lcmp.o):
    lugt.o                    runtime/lugt.s:8
    leq.o                     runtime/leq.s:8
tosmula0 (mul8.o):
    main.o                    src/main.s:8980
    main.o                    src/main.s:8980
    main.o                    src/main.s:8980
tossubax (sub.o):
    main.o                    src/main.s:8980
tosudivax (udiv.o):
    fwrite.o                  common/fwrite.s:12
tosudiveax (ludiv.o):
    strtol.o                  ../libwrk/c128/strtol.s:320
tosugteax (lugt.o):
    strtol.o                  ../libwrk/c128/strtol.s:320
tosumodeax (lumod.o):
    strtol.o                  ../libwrk/c128/strtol.s:320
tosumula0 (mul8.o):
    vdc_core.o                src/vdc_core.s:2230
    vdc_core.o                src/vdc_core.s:2230
    vdc_core.o                src/vdc_core.s:2230
    vdc_core.o                src/vdc_core.s:2230
    main.o                    src/main.s:8980
    main.o                    src/main.s:8980
    main.o                    src/main.s:8980
    main.o                    src/main.s:8980
    main.o                    src/main.s:8980
tosumulax (mul.o):
    fwrite.o                  common/fwrite.s:12
    vdc_core.o                src/vdc_core.s:2230
    main.o                    src/main.s:8980
    main.o                    src/main.s:8980
    main.o                    src/main.s:8980
    main.o                    src/main.s:8980
    main.o                    src/main.s:8980
    main.o                    src/main.s:8980
    main.o                    src/main.s:8980
    main.o                    src/main.s:8980
    main.o                    src/main.s:8980
tosumuleax (lmul.o):
    strtol.o                  ../libwrk/c128/strtol.s:320
udiv32 (ludiv.o):
    lumod.o                   runtime/lumod.s:9
vsnprintf (vsnprintf.o):
    vsprintf.o                common/vsprintf.s:9
zerobss (zerobss.o):
    crt0.o                    c128/crt0.s:8

