Modules list:
-------------
vdc_core_assembly.o:
    MACO              Offs=000000  Size=00047F  Align=00001  Fill=0000
bootsect.o:
    BOOTSECT          Offs=000000  Size=000100  Align=00100  Fill=0000
visualpetscii.o:
    PETSCII           Offs=000000  Size=000102  Align=00001  Fill=0000
main.o:
    CODE              Offs=000000  Size=003251  Align=00001  Fill=0000
    RODATA            Offs=000000  Size=00024C  Align=00001  Fill=0000
    BSS               Offs=000000  Size=000240  Align=00001  Fill=0000
    DATA              Offs=000000  Size=0001D8  Align=00001  Fill=0000
vdc_core.o:
    CODE              Offs=003251  Size=000D8D  Align=00001  Fill=0000
    RODATA            Offs=00024C  Size=00004E  Align=00001  Fill=0000
    DATA              Offs=0001D8  Size=000014  Align=00001  Fill=0000
overlay1.o:
    OVERLAY1          Offs=000000  Size=001243  Align=00001  Fill=0000
overlay2.o:
    OVERLAY2          Offs=000000  Size=001287  Align=00001  Fill=0000
overlay3.o:
    OVERLAY3          Offs=000000  Size=0011E5  Align=00001  Fill=0000
overlay4.o:
    OVERLAY4          Offs=000000  Size=00133C  Align=00001  Fill=0000
/mnt/d/retro/cc65/lib/c128.lib(_cursor.o):
    BSS               Offs=000240  Size=000001  Align=00001  Fill=0000
/mnt/d/retro/cc65/lib/c128.lib(_directerrno.o):
    CODE              Offs=003FDE  Size=00000A  Align=00001  Fill=0000
/mnt/d/retro/cc65/lib/c128.lib(_file.o):
    DATA              Offs=0001EC  Size=00001E  Align=00001  Fill=0000
/mnt/d/retro/cc65/lib/c128.lib(_hextab.o):
    RODATA            Offs=00029A  Size=000010  Align=00001  Fill=0000
/mnt/d/retro/cc65/lib/c128.lib(_longminstr.o):
    RODATA            Offs=0002AA  Size=00000C  Align=00001  Fill=0000
/mnt/d/retro/cc65/lib/c128.lib(_mappederrno.o):
    CODE              Offs=003FE8  Size=000010  Align=00001  Fill=0000
/mnt/d/retro/cc65/lib/c128.lib(_oserror.o):
    BSS               Offs=000241  Size=000001  Align=00001  Fill=0000
/mnt/d/retro/cc65/lib/c128.lib(_printf.o):
    CODE              Offs=003FF8  Size=0003A5  Align=00001  Fill=0000
    BSS               Offs=000242  Size=00002B  Align=00001  Fill=0000
    DATA              Offs=00020A  Size=000003  Align=00001  Fill=0000
/mnt/d/retro/cc65/lib/c128.lib(_seterrno.o):
    CODE              Offs=00439D  Size=000009  Align=00001  Fill=0000
/mnt/d/retro/cc65/lib/c128.lib(acc_c128_speed.o):
    CODE              Offs=0043A6  Size=000010  Align=00001  Fill=0000
/mnt/d/retro/cc65/lib/c128.lib(add.o):
    CODE              Offs=0043B6  Size=00001C  Align=00001  Fill=0000
/mnt/d/retro/cc65/lib/c128.lib(addeqsp.o):
    CODE              Offs=0043D2  Size=000011  Align=00001  Fill=0000
/mnt/d/retro/cc65/lib/c128.lib(addysp.o):
    CODE              Offs=0043E3  Size=00000E  Align=00001  Fill=0000
/mnt/d/retro/cc65/lib/c128.lib(aslax1.o):
    CODE              Offs=0043F1  Size=000008  Align=00001  Fill=0000
/mnt/d/retro/cc65/lib/c128.lib(aslax2.o):
    CODE              Offs=0043F9  Size=00000B  Align=00001  Fill=0000
/mnt/d/retro/cc65/lib/c128.lib(aslax3.o):
    CODE              Offs=004404  Size=00000E  Align=00001  Fill=0000
/mnt/d/retro/cc65/lib/c128.lib(aslax4.o):
    CODE              Offs=004412  Size=000011  Align=00001  Fill=0000
/mnt/d/retro/cc65/lib/c128.lib(axlong.o):
    CODE              Offs=004423  Size=00000D  Align=00001  Fill=0000
/mnt/d/retro/cc65/lib/c128.lib(c_close.o):
    CODE              Offs=004430  Size=000004  Align=00001  Fill=0000
/mnt/d/retro/cc65/lib/c128.lib(c_load.o):
    CODE              Offs=004434  Size=00001D  Align=00001  Fill=0000
/mnt/d/retro/cc65/lib/c128.lib(c_open.o):
    CODE              Offs=004451  Size=000009  Align=00001  Fill=0000
/mnt/d/retro/cc65/lib/c128.lib(c_save.o):
    CODE              Offs=00445A  Size=000016  Align=00001  Fill=0000
/mnt/d/retro/cc65/lib/c128.lib(c_setlfs.o):
    CODE              Offs=004470  Size=00000E  Align=00001  Fill=0000
/mnt/d/retro/cc65/lib/c128.lib(c_setnam.o):
    CODE              Offs=00447E  Size=000013  Align=00001  Fill=0000
/mnt/d/retro/cc65/lib/c128.lib(callmain.o):
    CODE              Offs=004491  Size=000017  Align=00001  Fill=0000
    DATA              Offs=00020D  Size=000004  Align=00001  Fill=0000
/mnt/d/retro/cc65/lib/c128.lib(cbm_close.o):
/mnt/d/retro/cc65/lib/c128.lib(cbm_load.o):
    CODE              Offs=0044A8  Size=000044  Align=00001  Fill=0000
/mnt/d/retro/cc65/lib/c128.lib(cbm_open.o):
    CODE              Offs=0044EC  Size=000016  Align=00001  Fill=0000
/mnt/d/retro/cc65/lib/c128.lib(cbm_read.o):
    CODE              Offs=004502  Size=00005B  Align=00001  Fill=0000
/mnt/d/retro/cc65/lib/c128.lib(cgetc.o):
    CODE              Offs=00455D  Size=000030  Align=00001  Fill=0000
    INIT              Offs=000000  Size=000002  Align=00001  Fill=0000
    ONCE              Offs=000000  Size=000013  Align=00001  Fill=0000
/mnt/d/retro/cc65/lib/c128.lib(clrscr.o):
/mnt/d/retro/cc65/lib/c128.lib(color.o):
    CODE              Offs=00458D  Size=000060  Align=00001  Fill=0000
/mnt/d/retro/cc65/lib/c128.lib(condes.o):
    CODE              Offs=0045ED  Size=00000C  Align=00001  Fill=0000
    DATA              Offs=000211  Size=000025  Align=00001  Fill=0000
    ONCE              Offs=000013  Size=00000C  Align=00001  Fill=0000
/mnt/d/retro/cc65/lib/c128.lib(conio.o):
/mnt/d/retro/cc65/lib/c128.lib(cputc.o):
    CODE              Offs=0045F9  Size=000049  Align=00001  Fill=0000
/mnt/d/retro/cc65/lib/c128.lib(cputs.o):
    CODE              Offs=004642  Size=000023  Align=00001  Fill=0000
/mnt/d/retro/cc65/lib/c128.lib(crt0.o):
    BSS               Offs=00026D  Size=000002  Align=00001  Fill=0000
    STARTUP           Offs=000000  Size=000051  Align=00001  Fill=0000
    INIT              Offs=000002  Size=00001A  Align=00001  Fill=0000
/mnt/d/retro/cc65/lib/c128.lib(ctype.o):
    RODATA            Offs=0002B6  Size=00008B  Align=00001  Fill=0000
/mnt/d/retro/cc65/lib/c128.lib(ctypemask.o):
    CODE              Offs=004665  Size=00001E  Align=00001  Fill=0000
/mnt/d/retro/cc65/lib/c128.lib(curdevice.o):
    CODE              Offs=004683  Size=000006  Align=00001  Fill=0000
/mnt/d/retro/cc65/lib/c128.lib(cursor.o):
    CODE              Offs=004689  Size=00000A  Align=00001  Fill=0000
/mnt/d/retro/cc65/lib/c128.lib(decax1.o):
    CODE              Offs=004693  Size=000007  Align=00001  Fill=0000
/mnt/d/retro/cc65/lib/c128.lib(decax2.o):
    CODE              Offs=00469A  Size=000007  Align=00001  Fill=0000
/mnt/d/retro/cc65/lib/c128.lib(decaxy.o):
    CODE              Offs=0046A1  Size=000009  Align=00001  Fill=0000
/mnt/d/retro/cc65/lib/c128.lib(decsp1.o):
    CODE              Offs=0046AA  Size=000009  Align=00001  Fill=0000
/mnt/d/retro/cc65/lib/c128.lib(decsp2.o):
    CODE              Offs=0046B3  Size=00000D  Align=00001  Fill=0000
/mnt/d/retro/cc65/lib/c128.lib(decsp3.o):
    CODE              Offs=0046C0  Size=00000D  Align=00001  Fill=0000
/mnt/d/retro/cc65/lib/c128.lib(decsp4.o):
    CODE              Offs=0046CD  Size=00000D  Align=00001  Fill=0000
/mnt/d/retro/cc65/lib/c128.lib(decsp5.o):
    CODE              Offs=0046DA  Size=00000D  Align=00001  Fill=0000
/mnt/d/retro/cc65/lib/c128.lib(decsp6.o):
    CODE              Offs=0046E7  Size=00000D  Align=00001  Fill=0000
/mnt/d/retro/cc65/lib/c128.lib(decsp7.o):
    CODE              Offs=0046F4  Size=00000D  Align=00001  Fill=0000
/mnt/d/retro/cc65/lib/c128.lib(devnum.o):
/mnt/d/retro/cc65/lib/c128.lib(errno.o):
    BSS               Offs=00026F  Size=000002  Align=00001  Fill=0000
/mnt/d/retro/cc65/lib/c128.lib(exehdr.o):
    EXEHDR            Offs=000000  Size=00000C  Align=00001  Fill=0000
/mnt/d/retro/cc65/lib/c128.lib(filedes.o):
    CODE              Offs=004701  Size=00000E  Align=00001  Fill=0000
    DATA              Offs=000236  Size=000010  Align=00001  Fill=0000
/mnt/d/retro/cc65/lib/c128.lib(filevars.o):
    INIT              Offs=00001C  Size=000001  Align=00001  Fill=0000
    ONCE              Offs=00001F  Size=00000C  Align=00001  Fill=0000
/mnt/d/retro/cc65/lib/c128.lib(fwrite.o):
    CODE              Offs=00470F  Size=00007B  Align=00001  Fill=0000
    BSS               Offs=000271  Size=000002  Align=00001  Fill=0000
/mnt/d/retro/cc65/lib/c128.lib(gotoxy.o):
    CODE              Offs=00478A  Size=00000D  Align=00001  Fill=0000
/mnt/d/retro/cc65/lib/c128.lib(icmp.o):
    CODE              Offs=004797  Size=00002E  Align=00001  Fill=0000
/mnt/d/retro/cc65/lib/c128.lib(incax1.o):
    CODE              Offs=0047C5  Size=000007  Align=00001  Fill=0000
/mnt/d/retro/cc65/lib/c128.lib(incax2.o):
    CODE              Offs=0047CC  Size=000007  Align=00001  Fill=0000
/mnt/d/retro/cc65/lib/c128.lib(incax6.o):
    CODE              Offs=0047D3  Size=000005  Align=00001  Fill=0000
/mnt/d/retro/cc65/lib/c128.lib(incaxy.o):
    CODE              Offs=0047D8  Size=00000B  Align=00001  Fill=0000
/mnt/d/retro/cc65/lib/c128.lib(incsp1.o):
    CODE              Offs=0047E3  Size=000007  Align=00001  Fill=0000
/mnt/d/retro/cc65/lib/c128.lib(incsp2.o):
    CODE              Offs=0047EA  Size=000016  Align=00001  Fill=0000
/mnt/d/retro/cc65/lib/c128.lib(incsp3.o):
    CODE              Offs=004800  Size=000005  Align=00001  Fill=0000
/mnt/d/retro/cc65/lib/c128.lib(incsp4.o):
    CODE              Offs=004805  Size=000005  Align=00001  Fill=0000
/mnt/d/retro/cc65/lib/c128.lib(incsp5.o):
    CODE              Offs=00480A  Size=000005  Align=00001  Fill=0000
/mnt/d/retro/cc65/lib/c128.lib(incsp6.o):
    CODE              Offs=00480F  Size=000005  Align=00001  Fill=0000
/mnt/d/retro/cc65/lib/c128.lib(incsp7.o):
    CODE              Offs=004814  Size=000005  Align=00001  Fill=0000
/mnt/d/retro/cc65/lib/c128.lib(incsp8.o):
    CODE              Offs=004819  Size=000005  Align=00001  Fill=0000
/mnt/d/retro/cc65/lib/c128.lib(isdigit.o):
    CODE              Offs=00481E  Size=000008  Align=00001  Fill=0000
/mnt/d/retro/cc65/lib/c128.lib(islower.o):
    CODE              Offs=004826  Size=000008  Align=00001  Fill=0000
/mnt/d/retro/cc65/lib/c128.lib(isprint.o):
    CODE              Offs=00482E  Size=00000A  Align=00001  Fill=0000
/mnt/d/retro/cc65/lib/c128.lib(isspace.o):
    CODE              Offs=004838  Size=000008  Align=00001  Fill=0000
/mnt/d/retro/cc65/lib/c128.lib(isupper.o):
    CODE              Offs=004840  Size=000008  Align=00001  Fill=0000
/mnt/d/retro/cc65/lib/c128.lib(kernal.o):
/mnt/d/retro/cc65/lib/c128.lib(ladd.o):
    CODE              Offs=004848  Size=000025  Align=00001  Fill=0000
/mnt/d/retro/cc65/lib/c128.lib(lcmp.o):
    CODE              Offs=00486D  Size=00003B  Align=00001  Fill=0000
/mnt/d/retro/cc65/lib/c128.lib(ldaxi.o):
    CODE              Offs=0048A8  Size=00000D  Align=00001  Fill=0000
/mnt/d/retro/cc65/lib/c128.lib(ldaxsp.o):
    CODE              Offs=0048B5  Size=000009  Align=00001  Fill=0000
/mnt/d/retro/cc65/lib/c128.lib(ldeaxysp.o):
    CODE              Offs=0048BE  Size=000013  Align=00001  Fill=0000
/mnt/d/retro/cc65/lib/c128.lib(leaaxsp.o):
    CODE              Offs=0048D1  Size=00000C  Align=00001  Fill=0000
/mnt/d/retro/cc65/lib/c128.lib(leq.o):
    CODE              Offs=0048DD  Size=000006  Align=00001  Fill=0000
/mnt/d/retro/cc65/lib/c128.lib(lmul.o):
    CODE              Offs=0048E3  Size=00005C  Align=00001  Fill=0000
/mnt/d/retro/cc65/lib/c128.lib(lneg.o):
    CODE              Offs=00493F  Size=00001E  Align=00001  Fill=0000
/mnt/d/retro/cc65/lib/c128.lib(loadaddr.o):
    LOADADDR          Offs=000000  Size=000002  Align=00001  Fill=0000
/mnt/d/retro/cc65/lib/c128.lib(lpush.o):
    CODE              Offs=00495D  Size=000021  Align=00001  Fill=0000
/mnt/d/retro/cc65/lib/c128.lib(ltoa.o):
    CODE              Offs=00497E  Size=000095  Align=00001  Fill=0000
/mnt/d/retro/cc65/lib/c128.lib(ludiv.o):
    CODE              Offs=004A13  Size=00007A  Align=00001  Fill=0000
/mnt/d/retro/cc65/lib/c128.lib(lugt.o):
    CODE              Offs=004A8D  Size=000006  Align=00001  Fill=0000
/mnt/d/retro/cc65/lib/c128.lib(lumod.o):
    CODE              Offs=004A93  Size=000019  Align=00001  Fill=0000
/mnt/d/retro/cc65/lib/c128.lib(makebool.o):
    CODE              Offs=004AAC  Size=00002C  Align=00001  Fill=0000
/mnt/d/retro/cc65/lib/c128.lib(memcpy.o):
    CODE              Offs=004AD8  Size=00003C  Align=00001  Fill=0000
/mnt/d/retro/cc65/lib/c128.lib(mul.o):
    CODE              Offs=004B14  Size=000045  Align=00001  Fill=0000
/mnt/d/retro/cc65/lib/c128.lib(mul8.o):
    CODE              Offs=004B59  Size=00003A  Align=00001  Fill=0000
/mnt/d/retro/cc65/lib/c128.lib(mulax10.o):
    CODE              Offs=004B93  Size=000019  Align=00001  Fill=0000
/mnt/d/retro/cc65/lib/c128.lib(mulax3.o):
    CODE              Offs=004BAC  Size=000011  Align=00001  Fill=0000
/mnt/d/retro/cc65/lib/c128.lib(mulax7.o):
    CODE              Offs=004BBD  Size=000019  Align=00001  Fill=0000
/mnt/d/retro/cc65/lib/c128.lib(mulax9.o):
    CODE              Offs=004BD6  Size=000017  Align=00001  Fill=0000
/mnt/d/retro/cc65/lib/c128.lib(or.o):
    CODE              Offs=004BED  Size=000012  Align=00001  Fill=0000
/mnt/d/retro/cc65/lib/c128.lib(oserror.o):
    CODE              Offs=004BFF  Size=000016  Align=00001  Fill=0000
    RODATA            Offs=000341  Size=00005A  Align=00001  Fill=0000
/mnt/d/retro/cc65/lib/c128.lib(overlayaddr.o):
    OVL1ADDR          Offs=000000  Size=000002  Align=00001  Fill=0000
    OVL2ADDR          Offs=000000  Size=000002  Align=00001  Fill=0000
    OVL3ADDR          Offs=000000  Size=000002  Align=00001  Fill=0000
    OVL4ADDR          Offs=000000  Size=000002  Align=00001  Fill=0000
    OVL5ADDR          Offs=000000  Size=000002  Align=00001  Fill=0000
    OVL6ADDR          Offs=000000  Size=000002  Align=00001  Fill=0000
    OVL7ADDR          Offs=000000  Size=000002  Align=00001  Fill=0000
    OVL8ADDR          Offs=000000  Size=000002  Align=00001  Fill=0000
    OVL9ADDR          Offs=000000  Size=000002  Align=00001  Fill=0000
/mnt/d/retro/cc65/lib/c128.lib(popa.o):
    CODE              Offs=004C15  Size=00000C  Align=00001  Fill=0000
/mnt/d/retro/cc65/lib/c128.lib(popptr1.o):
    CODE              Offs=004C21  Size=00000E  Align=00001  Fill=0000
/mnt/d/retro/cc65/lib/c128.lib(printf.o):
    CODE              Offs=004C2F  Size=000033  Align=00001  Fill=0000
    BSS               Offs=000273  Size=000001  Align=00001  Fill=0000
/mnt/d/retro/cc65/lib/c128.lib(push1.o):
    CODE              Offs=004C62  Size=000005  Align=00001  Fill=0000
/mnt/d/retro/cc65/lib/c128.lib(pusha.o):
    CODE              Offs=004C67  Size=000016  Align=00001  Fill=0000
/mnt/d/retro/cc65/lib/c128.lib(pushax.o):
    CODE              Offs=004C7D  Size=00001A  Align=00001  Fill=0000
/mnt/d/retro/cc65/lib/c128.lib(pushw.o):
    CODE              Offs=004C97  Size=00000F  Align=00001  Fill=0000
/mnt/d/retro/cc65/lib/c128.lib(pushwsp.o):
    CODE              Offs=004CA6  Size=00001C  Align=00001  Fill=0000
/mnt/d/retro/cc65/lib/c128.lib(return0.o):
    CODE              Offs=004CC2  Size=000004  Align=00001  Fill=0000
/mnt/d/retro/cc65/lib/c128.lib(rwcommon.o):
    CODE              Offs=004CC6  Size=00001A  Align=00001  Fill=0000
/mnt/d/retro/cc65/lib/c128.lib(shl.o):
    CODE              Offs=004CE0  Size=000033  Align=00001  Fill=0000
/mnt/d/retro/cc65/lib/c128.lib(shrax1.o):
    CODE              Offs=004D13  Size=000008  Align=00001  Fill=0000
/mnt/d/retro/cc65/lib/c128.lib(shrax3.o):
    CODE              Offs=004D1B  Size=00000E  Align=00001  Fill=0000
/mnt/d/retro/cc65/lib/c128.lib(sprintf.o):
    CODE              Offs=004D29  Size=00002B  Align=00001  Fill=0000
    BSS               Offs=000274  Size=000001  Align=00001  Fill=0000
/mnt/d/retro/cc65/lib/c128.lib(staspidx.o):
    CODE              Offs=004D54  Size=000016  Align=00001  Fill=0000
/mnt/d/retro/cc65/lib/c128.lib(status.o):
/mnt/d/retro/cc65/lib/c128.lib(staxsp.o):
    CODE              Offs=004D6A  Size=00000B  Align=00001  Fill=0000
/mnt/d/retro/cc65/lib/c128.lib(steaxsp.o):
    CODE              Offs=004D75  Size=000015  Align=00001  Fill=0000
/mnt/d/retro/cc65/lib/c128.lib(strlen.o):
    CODE              Offs=004D8A  Size=000016  Align=00001  Fill=0000
/mnt/d/retro/cc65/lib/c128.lib(strlower.o):
    CODE              Offs=004DA0  Size=000027  Align=00001  Fill=0000
/mnt/d/retro/cc65/lib/c128.lib(strtol.o):
    CODE              Offs=004DC7  Size=000273  Align=00001  Fill=0000
/mnt/d/retro/cc65/lib/c128.lib(sub.o):
    CODE              Offs=00503A  Size=000015  Align=00001  Fill=0000
/mnt/d/retro/cc65/lib/c128.lib(subeqsp.o):
    CODE              Offs=00504F  Size=000015  Align=00001  Fill=0000
/mnt/d/retro/cc65/lib/c128.lib(subysp.o):
    CODE              Offs=005064  Size=00000D  Align=00001  Fill=0000
/mnt/d/retro/cc65/lib/c128.lib(udiv.o):
    CODE              Offs=005071  Size=00004F  Align=00001  Fill=0000
/mnt/d/retro/cc65/lib/c128.lib(vfprintf.o):
    CODE              Offs=0050C0  Size=000061  Align=00001  Fill=0000
    DATA              Offs=000246  Size=000008  Align=00001  Fill=0000
/mnt/d/retro/cc65/lib/c128.lib(videomode.o):
    CODE              Offs=005121  Size=000013  Align=00001  Fill=0000
/mnt/d/retro/cc65/lib/c128.lib(vsnprintf.o):
    CODE              Offs=005134  Size=0000DA  Align=00001  Fill=0000
    DATA              Offs=00024E  Size=000008  Align=00001  Fill=0000
/mnt/d/retro/cc65/lib/c128.lib(vsprintf.o):
    CODE              Offs=00520E  Size=000012  Align=00001  Fill=0000
/mnt/d/retro/cc65/lib/c128.lib(write.o):
    CODE              Offs=005220  Size=000054  Align=00001  Fill=0000
    ONCE              Offs=00002B  Size=000011  Align=00001  Fill=0000
/mnt/d/retro/cc65/lib/c128.lib(zerobss.o):
    CODE              Offs=005274  Size=000023  Align=00001  Fill=0000
/mnt/d/retro/cc65/lib/c128.lib(zeropage.o):
    ZEROPAGE          Offs=000000  Size=00001A  Align=00001  Fill=0000


Segment list:
-------------
Name                   Start     End    Size  Align
----------------------------------------------------
ZEROPAGE              000002  00001B  00001A  00001
BOOTSECT              000B00  000BFF  000100  00100
PETSCII               000BFE  000CFF  000102  00001
MACO                  001300  00177E  00047F  00001
LOADADDR              001BFF  001C00  000002  00001
EXEHDR                001C01  001C0C  00000C  00001
STARTUP               001C0D  001C5D  000051  00001
ONCE                  001C5E  001C9F  000042  00001
CODE                  001CA0  006F36  005297  00001
RODATA                006F37  0072D3  00039D  00001
DATA                  0072D4  007529  000256  00001
INIT                  00752A  007546  00001D  00001
BSS                   007547  0077BB  000275  00001
OVL1ADDR              00ABFE  00ABFF  000002  00001
OVL2ADDR              00ABFE  00ABFF  000002  00001
OVL3ADDR              00ABFE  00ABFF  000002  00001
OVL4ADDR              00ABFE  00ABFF  000002  00001
OVL5ADDR              00ABFE  00ABFF  000002  00001
OVL6ADDR              00ABFE  00ABFF  000002  00001
OVL7ADDR              00ABFE  00ABFF  000002  00001
OVL8ADDR              00ABFE  00ABFF  000002  00001
OVL9ADDR              00ABFE  00ABFF  000002  00001
OVERLAY1              00AC00  00BE42  001243  00001
OVERLAY2              00AC00  00BE86  001287  00001
OVERLAY3              00AC00  00BDE4  0011E5  00001
OVERLAY4              00AC00  00BF3B  00133C  00001


Exports list by name:
---------------------
BASIN                     00FFCF RLA    BSOUT                     00FFD2 RLA    
CHKIN                     00FFC6 RLA    CKOUT                     00FFC9 RLA    
CLOSE                     00FFC3 RLA    CLRCH                     00FFCC RLA    
CURS_X                    0000EC RLZ    CURS_Y                    0000EB RLZ    
LOAD                      00FFD5 RLA    OPEN                      00FFC0 RLA    
READST                    00FFB7 RLA    SAVE                      00FFD8 RLA    
SETLFS                    00FFBA RLA    SETNAM                    00FFBD RLA    
ST                        000090 RLZ    SWAPPER                   00FF5F RLA    
_BankMemCopy              005BF2 RLA    _BankMemCopy_core         0016EC RLA    
_BankMemSet               005C41 RLA    _BankMemSet_core          00174D RLA    
_PEEKB                    005BCB RLA    _PEEKB_core               0016D4 RLA    
_POKEB                    005BA4 RLA    _POKEB_core               0016BC RLA    
_SetLoadSaveBank          005B94 RLA    _SetLoadSaveBank_core     0016B3 RLA    
_VDC_Attribute            005567 RLA    _VDC_BackColor            00537E RLA    
_VDC_CopyCharsetsfromROM  0013F9 RLA    _VDC_CopyMemToVDC         00500E RLA    
_VDC_CopyMemToVDC_core    0014E0 RLA    _VDC_CopyVDCToMem         005058 RLA    
_VDC_CopyVDCToMem_core    001523 RLA    _VDC_CopyViewPortToVDC    005646 RLA    
_VDC_CopyViewPortToVDC_core 0015EB RLA    _VDC_DetectVDCMemSize     004F1D RLA    
_VDC_DetectVDCMemSize_core 001396 RLA    _VDC_Exit                 0051D6 RLA    
_VDC_FillArea             0050D9 RLA    _VDC_FillArea_core        0015D1 RLA    
_VDC_HChar                004F93 RLA    _VDC_HChar_core           001444 RLA    
_VDC_Init                 00511F RLA    _VDC_LoadCharset          00542D RLA    
_VDC_LoadScreen           0054C6 RLA    _VDC_MemCopy_core         0013FD RLA    
_VDC_Peek                 004F43 RLA    _VDC_Peek_core            00137E RLA    
_VDC_PetsciiToScreenCode  0051F0 RLA    _VDC_PetsciiToScreenCodeRvs 005292 RLA    
_VDC_Plot                 0055C0 RLA    _VDC_Poke                 004F26 RLA    
_VDC_Poke_core            001366 RLA    _VDC_PrintAt              0053A9 RLA    
_VDC_ReadRegister_core    001352 RLA    _VDC_RedefineCharset      0050A1 RLA    
_VDC_RedefineCharset_core 001573 RLA    _VDC_ScrollCopy           005742 RLA    
_VDC_ScrollCopy_core      001654 RLA    _VDC_ScrollMove           0059C6 RLA    
_VDC_SetExtendedVDCMemSize 0013EE RLA    _VDC_VChar                004FD2 RLA    
_VDC_VChar_core           001496 RLA    _VDC_WriteRegister_core   00135C RLA    
_VDC_addrh                001302 RLA    _VDC_addrl                001303 RLA    
_VDC_desth                001304 RLA    _VDC_destl                001305 RLA    
_VDC_regadd               001300 RLA    _VDC_regval               001301 RLA    
_VDC_strideh              001306 RLA    _VDC_stridel              001307 RLA    
_VDC_tmp1                 001309 RLA    _VDC_tmp2                 00130A RLA    
_VDC_tmp3                 00130B RLA    _VDC_tmp4                 00130C RLA    
_VDC_value                001308 RLA    __BSS_RUN__               007547 RLA    
__BSS_SIZE__              000275 REA    __CONSTRUCTOR_COUNT__     000003 REA    
__CONSTRUCTOR_TABLE__     001C9A RLA    __DESTRUCTOR_COUNT__      000001 REA    
__DESTRUCTOR_TABLE__      0072D2 RLA    __EXEHDR__                000001 REA    
__LOADADDR__              000001 REA    __MAIN_SIZE__             009BF3 REA    
__MAIN_START__            001C0D RLA    __OVERLAYADDR__           000001 REA    
__OVERLAYSIZE__           001400 REA    __STACKSIZE__             000800 REA    
__STARTUP__               000001 REA    __ctype                   0071ED RLA    
__ctypeidx                0071F8 RLA    __directerrno             005C7E RLA    
__errno                   0077B6 RLA    __hextab                  0071D1 RLA    
__longminstr              0071E1 RLA    __mappederrno             005C88 RLA    
__oserror                 007788 RLA    __osmaperrno              00689F RLA    
__printf                  005D8B RLA    __seterrno                00603D RLA    
_areyousure               002C7C RLA    _bgcolor                  006256 RLA    
_bootdevice               00769C RLA    _bordercolor              00627C RLA    
_buffer                   007720 RLA    _cbm_close                0060D0 REA    
_cbm_k_close              0060D0 RLA    _cbm_k_load               0060D4 RLA    
_cbm_k_open               0060F1 RLA    _cbm_k_save               0060FA RLA    
_cbm_k_setlfs             006110 RLA    _cbm_k_setnam             00611E RLA    
_cbm_load                 006148 RLA    _cbm_open                 00618C RLA    
_cbm_read                 0061A2 RLA    _cgetc                    0061FD RLA    
_change_plotcolor         003F52 RLA    _changebackgroundcolor    00BA2D RLA    
_charaddress              003FE6 RLA    _chareditor               00AC12 RLA    
_charsetchanged           0076C5 RLA    _clrscr                   00C142 REA    
_cmd                      001D62 RLA    _colorwrite               00B0A7 RLA    
_colsel                   0074AA RLA    _cputc                    00629E RLA    
_cputs                    0062EC RLA    _cursor                   006329 RLA    
_cursormove               00328F RLA    _exit                     001C42 RLA    
_favourites               00770C RLA    _fileerrormessage         002CEA RLA    
_filename                 0076C9 RLA    _fwrite                   0063AF RLA    
_getcurrentdevice         006323 RLA    _gotoxy                   00642D RLA    
_helpscreen_load          003D15 RLA    _hidestatusbar            003057 RLA    
_initstatusbar            002FBA RLA    _isdigit                  0064BE RLA    
_islower                  0064C6 RLA    _isprint                  0064CE RLA    
_isspace                  0064D8 RLA    _isupper                  0064E0 RLA    
_lineandbox               00ADFF RLA    _loadcharset              00B8D3 RLA    
_loadproject              00B641 RLA    _loadscreenmap            00B059 RLA    
_ltoa                     006636 RLA    _main                     00441D RLA    
_mc_mb_normal             0074A4 RLA    _mc_mb_select             0074A5 RLA    
_mc_menupopup             0074A8 RLA    _mc_pd_normal             0074A6 RLA    
_mc_pd_select             0074A7 RLA    _memcpy                   006778 RLA    
_menuplacebar             002574 RLA    _menupulldown             0025D8 RLA    
_messagepopup             002D78 RLA    _movemode                 00B224 RLA    
_palette                  00B62B RLA    _palettechar              00770B RLA    
_placesignature           003190 RLA    _plot_try                 00BD4C RLA    
_plotaltchar              0076FC RLA    _plotblink                0076FB RLA    
_plotcolor                0076F8 RLA    _plotmove                 003E5F RLA    
_plotreverse              0076F9 RLA    _plotscreencode           0076F7 RLA    
_plotunderline            0076FA RLA    _printf                   0068CF RLA    
_printstatusbar           002DCB RLA    _programmode              0076DE RLA    
_pulldownmenutitles       007313 RLA    _resizeheight             00BAD0 RLA    
_resizewidth              00B914 RLA    _rowsel                   0074A9 RLA    
_savecharset              00B96A RLA    _saveproject              00B33B RLA    
_savescreenmap            00B267 RLA    _screen_col               0076EA RLA    
_screen_row               0076EB RLA    _screenbackground         0076F6 RLA    
_screenheight             0076F2 RLA    _screenmap_attraddr       0030ED RLA    
_screenmap_screenaddr     0030BD RLA    _screenmapplot            003135 RLA    
_screentotal              0076F4 RLA    _screenwidth              0076F0 RLA    
_select_accept            007709 RLA    _select_endx              007701 RLA    
_select_endy              007703 RLA    _select_height            007707 RLA    
_select_startx            0076FD RLA    _select_starty            0076FF RLA    
_select_width             007705 RLA    _selectmode               00B535 RLA    
_set_c128_speed           006046 RLA    _showbar                  0076E9 RLA    
_showchareditfield        003F9B RLA    _showchareditgrid         004030 RLA    
_sprintf                  0069C9 RLA    _stdout                   0074DA RLA    
_strlen                   006A2A RLA    _strlower                 006A40 RLA    
_strtol                   006A67 RLA    _targetdevice             0076C8 RLA    
_textInput                001D81 RLA    _textcolor                00622D RLA    
_togglestatusbar          0030A0 RLA    _ultoa                    006677 RLA    
_undo_escapeundo          003ABC RLA    _undo_new                 003510 RLA    
_undo_performredo         003AE9 RLA    _undo_performundo         00376F RLA    
_undo_redopossible        00757C RLA    _undo_undopossible        00757B RLA    
_undoenabled              0074A3 RLA    _vdctoconiocol            0074AC RLA    
_version                  007771 RLA    _versioninfo              00BC56 RLA    
_vfprintf                 006D98 RLA    _videomode                006DC1 RLA    
_visualmap                0074AB RLA    _vsprintf                 006EAE RLA    
_windownew                002532 RLA    _windowrestore            002417 RLA    
_windowsave               002300 RLA    _write                    006EC0 RLA    
_writemode                00ACA0 RLA    _xoffset                  0076EC RLA    
_yoffset                  0076EE RLA    addeq0sp                  006072 RLA    
addeqysp                  006074 RLA    addysp                    006084 RLA    
addysp1                   006083 RLA    aslax1                    006091 RLA    
aslax2                    006099 RLA    aslax4                    0060B2 RLA    
aslaxy                    006987 RLA    axlong                    0060C3 RLA    
axulong                   0060C9 RLA    booleq                    006752 RLA    
boolugt                   006771 RLA    callmain                  006131 RLA    
ctypemask                 006305 RLA    ctypemaskdirect           006309 RLA    
cursor                    007787 RLA    curunit                   007546 RLA    
decax1                    006333 RLA    decax2                    00633A RLA    
decaxy                    006341 RLA    decsp1                    00634A RLA    
decsp2                    006353 RLA    decsp3                    006360 RLA    
decsp4                    00636D RLA    decsp5                    00637A RLA    
decsp6                    006387 RLA    decsp7                    006394 RLA    
devnum                    0000BA RLZ    donecgetc                 00621E  LAI   
donelib                   00628D RLA    fdtab                     00750A RLA    
getlop                    0066C4 RLA    gotoxy                    00642A RLA    
incax1                    006465 RLA    incax2                    00646C RLA    
incax6                    006473 RLA    incaxy                    00647A RLA    
incsp1                    006483 RLA    incsp2                    006492 RLA    
incsp3                    0064A0 RLA    incsp4                    0064A5 RLA    
incsp5                    0064AA RLA    incsp6                    0064AF RLA    
incsp7                    0064B4 RLA    incsp8                    0064B9 RLA    
initcgetc                 001C5E  LAI   initcurunit               001C7D  LAI   
initlib                   001C71 RLA    initstdout                001C89  LAI   
ldax0sp                   006555 RLA    ldaxi                     006548 RLA    
ldaxysp                   006557 RLA    ldeaxysp                  006560 RLA    
leaa0sp                   006571 RLA    leaaxsp                   006573 RLA    
mul8x16                   0067FB RLA    mul8x16a                  006805 RLA    
mulax10                   006833 RLA    mulax3                    00684C RLA    
mulax7                    00685D RLA    mulax9                    006876 RLA    
negeax                    0065DF RLA    plot                      0062DA RLA    
popa                      0068B5 RLA    popax                     00648A RLA    
popptr1                   0068C1 RLA    ptr1                      00000A RLZ    
ptr2                      00000C RLZ    ptr3                      00000E RLZ    
ptr4                      000010 RLZ    push0                     00691D RLA    
push1                     006902 RLA    pusha                     00690B RLA    
pusha0                    00691F RLA    pushax                    006921 RLA    
pusheax                   006606 RLA    pushl0                    0065FD RLA    
pushw                     006937 RLA    pushw0sp                  006946 RLA    
pushwidx                  006939 RLA    pushwysp                  006948 RLA    
regbank                   000016 RLZ    return0                   006962 RLA    
rwcommon                  006966 RLA    shlax1                    006091 RLA    
shlax2                    006099 RLA    shlax3                    0060A4 RLA    
shlax4                    0060B2 RLA    shrax1                    0069B3 RLA    
shrax3                    0069BB RLA    sp                        000002 RLZ    
sreg                      000004 RLZ    staspidx                  0069F4 RLA    
stax0sp                   006A0A RLA    staxysp                   006A0C RLA    
steaxysp                  006A17 RLA    subeq0sp                  006CEF RLA    
subeqysp                  006CF1 RLA    subysp                    006D04 RLA    
tmp1                      000012 RLZ    tmp2                      000013 RLZ    
tmp3                      000014 RLZ    tmp4                      000015 RLZ    
tosaddax                  006058 RLA    tosaddeax                 0064EE RLA    
toseqeax                  00657D RLA    tosicmp                   006439 RLA    
tosicmp0                  006437 RLA    toslcmp                   00650D RLA    
tosmula0                  0067F9 RLA    tosmulax                  0067B4 RLA    
tosorax                   00688F RLA    tossubax                  006CDC RLA    
tosudivax                 006D13 RLA    tosudiveax                0066B9 RLA    
tosugteax                 00672D RLA    tosumodeax                006739 RLA    
tosumula0                 0067F9 RLA    tosumulax                 0067B4 RLA    
tosumuleax                006589 RLA    udiv32                    0066E8 RLA    
vsnprintf                 006DD7 RLA    zerobss                   006F14 RLA    



Exports list by value:
----------------------
__DESTRUCTOR_COUNT__      000001 REA    __EXEHDR__                000001 REA    
__LOADADDR__              000001 REA    __OVERLAYADDR__           000001 REA    
__STARTUP__               000001 REA    sp                        000002 RLZ    
__CONSTRUCTOR_COUNT__     000003 REA    sreg                      000004 RLZ    
ptr1                      00000A RLZ    ptr2                      00000C RLZ    
ptr3                      00000E RLZ    ptr4                      000010 RLZ    
tmp1                      000012 RLZ    tmp2                      000013 RLZ    
tmp3                      000014 RLZ    tmp4                      000015 RLZ    
regbank                   000016 RLZ    ST                        000090 RLZ    
devnum                    0000BA RLZ    CURS_Y                    0000EB RLZ    
CURS_X                    0000EC RLZ    __BSS_SIZE__              000275 REA    
__STACKSIZE__             000800 REA    _VDC_regadd               001300 RLA    
_VDC_regval               001301 RLA    _VDC_addrh                001302 RLA    
_VDC_addrl                001303 RLA    _VDC_desth                001304 RLA    
_VDC_destl                001305 RLA    _VDC_strideh              001306 RLA    
_VDC_stridel              001307 RLA    _VDC_value                001308 RLA    
_VDC_tmp1                 001309 RLA    _VDC_tmp2                 00130A RLA    
_VDC_tmp3                 00130B RLA    _VDC_tmp4                 00130C RLA    
_VDC_ReadRegister_core    001352 RLA    _VDC_WriteRegister_core   00135C RLA    
_VDC_Poke_core            001366 RLA    _VDC_Peek_core            00137E RLA    
_VDC_DetectVDCMemSize_core 001396 RLA    _VDC_SetExtendedVDCMemSize 0013EE RLA    
_VDC_CopyCharsetsfromROM  0013F9 RLA    _VDC_MemCopy_core         0013FD RLA    
__OVERLAYSIZE__           001400 REA    _VDC_HChar_core           001444 RLA    
_VDC_VChar_core           001496 RLA    _VDC_CopyMemToVDC_core    0014E0 RLA    
_VDC_CopyVDCToMem_core    001523 RLA    _VDC_RedefineCharset_core 001573 RLA    
_VDC_FillArea_core        0015D1 RLA    _VDC_CopyViewPortToVDC_core 0015EB RLA    
_VDC_ScrollCopy_core      001654 RLA    _SetLoadSaveBank_core     0016B3 RLA    
_POKEB_core               0016BC RLA    _PEEKB_core               0016D4 RLA    
_BankMemCopy_core         0016EC RLA    _BankMemSet_core          00174D RLA    
__MAIN_START__            001C0D RLA    _exit                     001C42 RLA    
initcgetc                 001C5E  LAI   initlib                   001C71 RLA    
initcurunit               001C7D  LAI   initstdout                001C89  LAI   
__CONSTRUCTOR_TABLE__     001C9A RLA    _cmd                      001D62 RLA    
_textInput                001D81 RLA    _windowsave               002300 RLA    
_windowrestore            002417 RLA    _windownew                002532 RLA    
_menuplacebar             002574 RLA    _menupulldown             0025D8 RLA    
_areyousure               002C7C RLA    _fileerrormessage         002CEA RLA    
_messagepopup             002D78 RLA    _printstatusbar           002DCB RLA    
_initstatusbar            002FBA RLA    _hidestatusbar            003057 RLA    
_togglestatusbar          0030A0 RLA    _screenmap_screenaddr     0030BD RLA    
_screenmap_attraddr       0030ED RLA    _screenmapplot            003135 RLA    
_placesignature           003190 RLA    _cursormove               00328F RLA    
_undo_new                 003510 RLA    _undo_performundo         00376F RLA    
_undo_escapeundo          003ABC RLA    _undo_performredo         003AE9 RLA    
_helpscreen_load          003D15 RLA    _plotmove                 003E5F RLA    
_change_plotcolor         003F52 RLA    _showchareditfield        003F9B RLA    
_charaddress              003FE6 RLA    _showchareditgrid         004030 RLA    
_main                     00441D RLA    _VDC_DetectVDCMemSize     004F1D RLA    
_VDC_Poke                 004F26 RLA    _VDC_Peek                 004F43 RLA    
_VDC_HChar                004F93 RLA    _VDC_VChar                004FD2 RLA    
_VDC_CopyMemToVDC         00500E RLA    _VDC_CopyVDCToMem         005058 RLA    
_VDC_RedefineCharset      0050A1 RLA    _VDC_FillArea             0050D9 RLA    
_VDC_Init                 00511F RLA    _VDC_Exit                 0051D6 RLA    
_VDC_PetsciiToScreenCode  0051F0 RLA    _VDC_PetsciiToScreenCodeRvs 005292 RLA    
_VDC_BackColor            00537E RLA    _VDC_PrintAt              0053A9 RLA    
_VDC_LoadCharset          00542D RLA    _VDC_LoadScreen           0054C6 RLA    
_VDC_Attribute            005567 RLA    _VDC_Plot                 0055C0 RLA    
_VDC_CopyViewPortToVDC    005646 RLA    _VDC_ScrollCopy           005742 RLA    
_VDC_ScrollMove           0059C6 RLA    _SetLoadSaveBank          005B94 RLA    
_POKEB                    005BA4 RLA    _PEEKB                    005BCB RLA    
_BankMemCopy              005BF2 RLA    _BankMemSet               005C41 RLA    
__directerrno             005C7E RLA    __mappederrno             005C88 RLA    
__printf                  005D8B RLA    __seterrno                00603D RLA    
_set_c128_speed           006046 RLA    tosaddax                  006058 RLA    
addeq0sp                  006072 RLA    addeqysp                  006074 RLA    
addysp1                   006083 RLA    addysp                    006084 RLA    
aslax1                    006091 RLA    shlax1                    006091 RLA    
aslax2                    006099 RLA    shlax2                    006099 RLA    
shlax3                    0060A4 RLA    aslax4                    0060B2 RLA    
shlax4                    0060B2 RLA    axlong                    0060C3 RLA    
axulong                   0060C9 RLA    _cbm_close                0060D0 REA    
_cbm_k_close              0060D0 RLA    _cbm_k_load               0060D4 RLA    
_cbm_k_open               0060F1 RLA    _cbm_k_save               0060FA RLA    
_cbm_k_setlfs             006110 RLA    _cbm_k_setnam             00611E RLA    
callmain                  006131 RLA    _cbm_load                 006148 RLA    
_cbm_open                 00618C RLA    _cbm_read                 0061A2 RLA    
_cgetc                    0061FD RLA    donecgetc                 00621E  LAI   
_textcolor                00622D RLA    _bgcolor                  006256 RLA    
_bordercolor              00627C RLA    donelib                   00628D RLA    
_cputc                    00629E RLA    plot                      0062DA RLA    
_cputs                    0062EC RLA    ctypemask                 006305 RLA    
ctypemaskdirect           006309 RLA    _getcurrentdevice         006323 RLA    
_cursor                   006329 RLA    decax1                    006333 RLA    
decax2                    00633A RLA    decaxy                    006341 RLA    
decsp1                    00634A RLA    decsp2                    006353 RLA    
decsp3                    006360 RLA    decsp4                    00636D RLA    
decsp5                    00637A RLA    decsp6                    006387 RLA    
decsp7                    006394 RLA    _fwrite                   0063AF RLA    
gotoxy                    00642A RLA    _gotoxy                   00642D RLA    
tosicmp0                  006437 RLA    tosicmp                   006439 RLA    
incax1                    006465 RLA    incax2                    00646C RLA    
incax6                    006473 RLA    incaxy                    00647A RLA    
incsp1                    006483 RLA    popax                     00648A RLA    
incsp2                    006492 RLA    incsp3                    0064A0 RLA    
incsp4                    0064A5 RLA    incsp5                    0064AA RLA    
incsp6                    0064AF RLA    incsp7                    0064B4 RLA    
incsp8                    0064B9 RLA    _isdigit                  0064BE RLA    
_islower                  0064C6 RLA    _isprint                  0064CE RLA    
_isspace                  0064D8 RLA    _isupper                  0064E0 RLA    
tosaddeax                 0064EE RLA    toslcmp                   00650D RLA    
ldaxi                     006548 RLA    ldax0sp                   006555 RLA    
ldaxysp                   006557 RLA    ldeaxysp                  006560 RLA    
leaa0sp                   006571 RLA    leaaxsp                   006573 RLA    
toseqeax                  00657D RLA    tosumuleax                006589 RLA    
negeax                    0065DF RLA    pushl0                    0065FD RLA    
pusheax                   006606 RLA    _ltoa                     006636 RLA    
_ultoa                    006677 RLA    tosudiveax                0066B9 RLA    
getlop                    0066C4 RLA    udiv32                    0066E8 RLA    
tosugteax                 00672D RLA    tosumodeax                006739 RLA    
booleq                    006752 RLA    boolugt                   006771 RLA    
_memcpy                   006778 RLA    tosmulax                  0067B4 RLA    
tosumulax                 0067B4 RLA    tosmula0                  0067F9 RLA    
tosumula0                 0067F9 RLA    mul8x16                   0067FB RLA    
mul8x16a                  006805 RLA    mulax10                   006833 RLA    
mulax3                    00684C RLA    mulax7                    00685D RLA    
mulax9                    006876 RLA    tosorax                   00688F RLA    
__osmaperrno              00689F RLA    popa                      0068B5 RLA    
popptr1                   0068C1 RLA    _printf                   0068CF RLA    
push1                     006902 RLA    pusha                     00690B RLA    
push0                     00691D RLA    pusha0                    00691F RLA    
pushax                    006921 RLA    pushw                     006937 RLA    
pushwidx                  006939 RLA    pushw0sp                  006946 RLA    
pushwysp                  006948 RLA    return0                   006962 RLA    
rwcommon                  006966 RLA    aslaxy                    006987 RLA    
shrax1                    0069B3 RLA    shrax3                    0069BB RLA    
_sprintf                  0069C9 RLA    staspidx                  0069F4 RLA    
stax0sp                   006A0A RLA    staxysp                   006A0C RLA    
steaxysp                  006A17 RLA    _strlen                   006A2A RLA    
_strlower                 006A40 RLA    _strtol                   006A67 RLA    
tossubax                  006CDC RLA    subeq0sp                  006CEF RLA    
subeqysp                  006CF1 RLA    subysp                    006D04 RLA    
tosudivax                 006D13 RLA    _vfprintf                 006D98 RLA    
_videomode                006DC1 RLA    vsnprintf                 006DD7 RLA    
_vsprintf                 006EAE RLA    _write                    006EC0 RLA    
zerobss                   006F14 RLA    __hextab                  0071D1 RLA    
__longminstr              0071E1 RLA    __ctype                   0071ED RLA    
__ctypeidx                0071F8 RLA    __DESTRUCTOR_TABLE__      0072D2 RLA    
_pulldownmenutitles       007313 RLA    _undoenabled              0074A3 RLA    
_mc_mb_normal             0074A4 RLA    _mc_mb_select             0074A5 RLA    
_mc_pd_normal             0074A6 RLA    _mc_pd_select             0074A7 RLA    
_mc_menupopup             0074A8 RLA    _rowsel                   0074A9 RLA    
_colsel                   0074AA RLA    _visualmap                0074AB RLA    
_vdctoconiocol            0074AC RLA    _stdout                   0074DA RLA    
fdtab                     00750A RLA    curunit                   007546 RLA    
__BSS_RUN__               007547 RLA    _undo_undopossible        00757B RLA    
_undo_redopossible        00757C RLA    _bootdevice               00769C RLA    
_charsetchanged           0076C5 RLA    _targetdevice             0076C8 RLA    
_filename                 0076C9 RLA    _programmode              0076DE RLA    
_showbar                  0076E9 RLA    _screen_col               0076EA RLA    
_screen_row               0076EB RLA    _xoffset                  0076EC RLA    
_yoffset                  0076EE RLA    _screenwidth              0076F0 RLA    
_screenheight             0076F2 RLA    _screentotal              0076F4 RLA    
_screenbackground         0076F6 RLA    _plotscreencode           0076F7 RLA    
_plotcolor                0076F8 RLA    _plotreverse              0076F9 RLA    
_plotunderline            0076FA RLA    _plotblink                0076FB RLA    
_plotaltchar              0076FC RLA    _select_startx            0076FD RLA    
_select_starty            0076FF RLA    _select_endx              007701 RLA    
_select_endy              007703 RLA    _select_width             007705 RLA    
_select_height            007707 RLA    _select_accept            007709 RLA    
_palettechar              00770B RLA    _favourites               00770C RLA    
_buffer                   007720 RLA    _version                  007771 RLA    
cursor                    007787 RLA    __oserror                 007788 RLA    
__errno                   0077B6 RLA    __MAIN_SIZE__             009BF3 REA    
_chareditor               00AC12 RLA    _writemode                00ACA0 RLA    
_lineandbox               00ADFF RLA    _loadscreenmap            00B059 RLA    
_colorwrite               00B0A7 RLA    _movemode                 00B224 RLA    
_savescreenmap            00B267 RLA    _saveproject              00B33B RLA    
_selectmode               00B535 RLA    _palette                  00B62B RLA    
_loadproject              00B641 RLA    _loadcharset              00B8D3 RLA    
_resizewidth              00B914 RLA    _savecharset              00B96A RLA    
_changebackgroundcolor    00BA2D RLA    _resizeheight             00BAD0 RLA    
_versioninfo              00BC56 RLA    _plot_try                 00BD4C RLA    
_clrscr                   00C142 REA    SWAPPER                   00FF5F RLA    
READST                    00FFB7 RLA    SETLFS                    00FFBA RLA    
SETNAM                    00FFBD RLA    OPEN                      00FFC0 RLA    
CLOSE                     00FFC3 RLA    CHKIN                     00FFC6 RLA    
CKOUT                     00FFC9 RLA    CLRCH                     00FFCC RLA    
BASIN                     00FFCF RLA    BSOUT                     00FFD2 RLA    
LOAD                      00FFD5 RLA    SAVE                      00FFD8 RLA    



Imports list:
-------------
BASIN (kernal.o):
    cbm_read.o                cbm/cbm.inc:47
BSOUT (kernal.o):
    write.o                   cbm/cbm.inc:49
    videomode.o               c128/videomode.s:9
    crt0.o                    c128/crt0.s:10
CHKIN (kernal.o):
    cbm_read.o                cbm/cbm.inc:44
CKOUT (kernal.o):
    write.o                   cbm/cbm.inc:45
CLOSE (kernal.o):
    c_close.o                 cbm/cbm.inc:36
CLRCH (kernal.o):
    write.o                   cbm/cbm.inc:46
    cbm_read.o                cbm/cbm.inc:46
CURS_X (conio.o):
    gotoxy.o                  cbm/gotoxy.s:9
CURS_Y (conio.o):
    gotoxy.o                  cbm/gotoxy.s:9
LOAD (kernal.o):
    c_load.o                  cbm/cbm.inc:37
OPEN (kernal.o):
    write.o                   cbm/cbm.inc:35
    c_open.o                  cbm/cbm.inc:35
READST (kernal.o):
    write.o                   cbm/cbm.inc:32
    cbm_read.o                cbm/cbm.inc:32
SAVE (kernal.o):
    c_save.o                  cbm/cbm.inc:38
SETLFS (kernal.o):
    write.o                   cbm/cbm.inc:33
    c_setlfs.o                cbm/cbm.inc:33
SETNAM (kernal.o):
    c_setnam.o                cbm/cbm.inc:34
ST (status.o):
    crt0.o                    c128/crt0.s:12
SWAPPER (kernal.o):
    videomode.o               c128/videomode.s:9
_BankMemCopy (vdc_core.o):
    overlay2.o                src/overlay2.s:29
    main.o                    src/main.s:59
_BankMemCopy_core (vdc_core_assembly.o):
    vdc_core.o                src/vdc_core.s:61
_BankMemSet (vdc_core.o):
    overlay2.o                src/overlay2.s:30
    overlay1.o                src/overlay1.s:32
    main.o                    src/main.s:60
_BankMemSet_core (vdc_core_assembly.o):
    vdc_core.o                src/vdc_core.s:62
_PEEKB (vdc_core.o):
    overlay4.o                src/overlay4.s:27
    overlay2.o                src/overlay2.s:28
    overlay1.o                src/overlay1.s:31
    main.o                    src/main.s:58
_PEEKB_core (vdc_core_assembly.o):
    vdc_core.o                src/vdc_core.s:60
_POKEB (vdc_core.o):
    overlay4.o                src/overlay4.s:26
    overlay2.o                src/overlay2.s:27
    overlay1.o                src/overlay1.s:30
    main.o                    src/main.s:57
_POKEB_core (vdc_core_assembly.o):
    vdc_core.o                src/vdc_core.s:59
_SetLoadSaveBank (vdc_core.o):
    overlay3.o                src/overlay3.s:29
    main.o                    src/main.s:56
_SetLoadSaveBank_core (vdc_core_assembly.o):
    vdc_core.o                src/vdc_core.s:58
_VDC_Attribute (vdc_core.o):
    overlay4.o                src/overlay4.s:24
    overlay3.o                src/overlay3.s:27
    overlay2.o                src/overlay2.s:23
    overlay1.o                src/overlay1.s:27
    main.o                    src/main.s:52
_VDC_BackColor (vdc_core.o):
    overlay3.o                src/overlay3.s:23
    main.o                    src/main.s:48
_VDC_CopyCharsetsfromROM (vdc_core_assembly.o):
    main.o                    src/main.s:38
_VDC_CopyMemToVDC (vdc_core.o):
    overlay2.o                src/overlay2.s:20
    overlay1.o                src/overlay1.s:21
    main.o                    src/main.s:41
_VDC_CopyMemToVDC_core (vdc_core_assembly.o):
    vdc_core.o                src/vdc_core.s:52
_VDC_CopyVDCToMem (vdc_core.o):
    overlay2.o                src/overlay2.s:21
    overlay1.o                src/overlay1.s:22
    main.o                    src/main.s:42
_VDC_CopyVDCToMem_core (vdc_core_assembly.o):
    vdc_core.o                src/vdc_core.s:53
_VDC_CopyViewPortToVDC (vdc_core.o):
    overlay3.o                src/overlay3.s:28
    overlay2.o                src/overlay2.s:25
    overlay1.o                src/overlay1.s:29
    main.o                    src/main.s:54
_VDC_CopyViewPortToVDC_core (vdc_core_assembly.o):
    vdc_core.o                src/vdc_core.s:56
_VDC_DetectVDCMemSize (vdc_core.o):
    main.o                    src/main.s:39
_VDC_DetectVDCMemSize_core (vdc_core_assembly.o):
    vdc_core.o                src/vdc_core.s:48
_VDC_Exit (vdc_core.o):
    main.o                    src/main.s:46
_VDC_FillArea (vdc_core.o):
    overlay1.o                src/overlay1.s:23
    main.o                    src/main.s:44
_VDC_FillArea_core (vdc_core_assembly.o):
    vdc_core.o                src/vdc_core.s:55
_VDC_HChar (vdc_core.o):
    overlay2.o                src/overlay2.s:18
_VDC_HChar_core (vdc_core_assembly.o):
    vdc_core.o                src/vdc_core.s:50
_VDC_Init (vdc_core.o):
    main.o                    src/main.s:45
_VDC_LoadCharset (vdc_core.o):
    overlay3.o                src/overlay3.s:25
    main.o                    src/main.s:50
_VDC_LoadScreen (vdc_core.o):
    overlay3.o                src/overlay3.s:26
    main.o                    src/main.s:51
_VDC_MemCopy_core (vdc_core_assembly.o):
    vdc_core.o                src/vdc_core.s:49
_VDC_Peek (vdc_core.o):
    overlay4.o                src/overlay4.s:22
    main.o                    src/main.s:40
_VDC_Peek_core (vdc_core_assembly.o):
    vdc_core.o                src/vdc_core.s:47
_VDC_PetsciiToScreenCode (vdc_core.o):
    overlay1.o                src/overlay1.s:24
    main.o                    src/main.s:47
_VDC_PetsciiToScreenCodeRvs (vdc_core.o):
    overlay1.o                src/overlay1.s:25
_VDC_Plot (vdc_core.o):
    overlay4.o                src/overlay4.s:25
    overlay2.o                src/overlay2.s:24
    overlay1.o                src/overlay1.s:28
    main.o                    src/main.s:53
_VDC_Poke (vdc_core.o):
    overlay4.o                src/overlay4.s:21
_VDC_Poke_core (vdc_core_assembly.o):
    vdc_core.o                src/vdc_core.s:46
_VDC_PrintAt (vdc_core.o):
    overlay3.o                src/overlay3.s:24
    overlay2.o                src/overlay2.s:22
    overlay1.o                src/overlay1.s:26
    main.o                    src/main.s:49
_VDC_ReadRegister_core (vdc_core_assembly.o):
    vdc_core.o                src/vdc_core.s:44
_VDC_RedefineCharset (vdc_core.o):
    overlay4.o                src/overlay4.s:23
    overlay3.o                src/overlay3.s:22
    main.o                    src/main.s:43
_VDC_RedefineCharset_core (vdc_core_assembly.o):
    vdc_core.o                src/vdc_core.s:54
_VDC_ScrollCopy (vdc_core.o):
    main.o                    src/main.s:55
_VDC_ScrollCopy_core (vdc_core_assembly.o):
    vdc_core.o                src/vdc_core.s:57
_VDC_ScrollMove (vdc_core.o):
    overlay2.o                src/overlay2.s:26
_VDC_SetExtendedVDCMemSize (vdc_core_assembly.o):
    main.o                    src/main.s:37
_VDC_VChar (vdc_core.o):
    overlay2.o                src/overlay2.s:19
_VDC_VChar_core (vdc_core_assembly.o):
    vdc_core.o                src/vdc_core.s:51
_VDC_WriteRegister_core (vdc_core_assembly.o):
    vdc_core.o                src/vdc_core.s:45
_VDC_addrh (vdc_core_assembly.o):
    vdc_core.o                src/vdc_core.s:33
_VDC_addrl (vdc_core_assembly.o):
    vdc_core.o                src/vdc_core.s:34
_VDC_desth (vdc_core_assembly.o):
    vdc_core.o                src/vdc_core.s:35
_VDC_destl (vdc_core_assembly.o):
    vdc_core.o                src/vdc_core.s:36
_VDC_regadd (vdc_core_assembly.o):
    vdc_core.o                src/vdc_core.s:31
_VDC_regval (vdc_core_assembly.o):
    vdc_core.o                src/vdc_core.s:32
_VDC_strideh (vdc_core_assembly.o):
    vdc_core.o                src/vdc_core.s:37
_VDC_stridel (vdc_core_assembly.o):
    vdc_core.o                src/vdc_core.s:38
_VDC_tmp1 (vdc_core_assembly.o):
    vdc_core.o                src/vdc_core.s:40
_VDC_tmp2 (vdc_core_assembly.o):
    vdc_core.o                src/vdc_core.s:41
_VDC_tmp3 (vdc_core_assembly.o):
    vdc_core.o                src/vdc_core.s:42
_VDC_tmp4 (vdc_core_assembly.o):
    vdc_core.o                src/vdc_core.s:43
_VDC_value (vdc_core_assembly.o):
    vdc_core.o                src/vdc_core.s:39
__BSS_RUN__ ([linker generated]):
    zerobss.o                 common/zerobss.s:8
__BSS_SIZE__ ([linker generated]):
    zerobss.o                 common/zerobss.s:8
__CONSTRUCTOR_COUNT__ ([linker generated]):
    condes.o                  runtime/condes.s:18
__CONSTRUCTOR_TABLE__ ([linker generated]):
    condes.o                  runtime/condes.s:18
__DESTRUCTOR_COUNT__ ([linker generated]):
    condes.o                  runtime/condes.s:19
__DESTRUCTOR_TABLE__ ([linker generated]):
    condes.o                  runtime/condes.s:19
__EXEHDR__ (exehdr.o):
    [linker generated]        vdcse-cc65config.cfg:3
__LOADADDR__ (loadaddr.o):
    [linker generated]        vdcse-cc65config.cfg:2
__MAIN_SIZE__ ([linker generated]):
    crt0.o                    c128/crt0.s:11
__MAIN_START__ ([linker generated]):
    crt0.o                    c128/crt0.s:11
__OVERLAYADDR__ (overlayaddr.o):
    [linker generated]        vdcse-cc65config.cfg:4
__OVERLAYSIZE__ ([linker generated]):
    [linker generated]        vdcse-cc65config.cfg:33
    [linker generated]        vdcse-cc65config.cfg:33
    [linker generated]        vdcse-cc65config.cfg:32
    [linker generated]        vdcse-cc65config.cfg:31
    [linker generated]        vdcse-cc65config.cfg:31
    [linker generated]        vdcse-cc65config.cfg:30
    [linker generated]        vdcse-cc65config.cfg:29
    [linker generated]        vdcse-cc65config.cfg:29
    [linker generated]        vdcse-cc65config.cfg:28
    [linker generated]        vdcse-cc65config.cfg:27
    [linker generated]        vdcse-cc65config.cfg:27
    [linker generated]        vdcse-cc65config.cfg:26
    [linker generated]        vdcse-cc65config.cfg:25
    [linker generated]        vdcse-cc65config.cfg:25
    [linker generated]        vdcse-cc65config.cfg:24
    [linker generated]        vdcse-cc65config.cfg:23
    [linker generated]        vdcse-cc65config.cfg:23
    [linker generated]        vdcse-cc65config.cfg:22
    [linker generated]        vdcse-cc65config.cfg:21
    [linker generated]        vdcse-cc65config.cfg:21
    [linker generated]        vdcse-cc65config.cfg:20
    [linker generated]        vdcse-cc65config.cfg:19
    [linker generated]        vdcse-cc65config.cfg:19
    [linker generated]        vdcse-cc65config.cfg:18
    [linker generated]        vdcse-cc65config.cfg:17
    [linker generated]        vdcse-cc65config.cfg:17
    [linker generated]        vdcse-cc65config.cfg:16
__STACKSIZE__ ([linker generated]):
    crt0.o                    c128/crt0.s:11
    [linker generated]        vdcse-cc65config.cfg:12
__STARTUP__ (crt0.o):
    main.o                    src/main.s:13
__ctype (ctype.o):
    ctypemask.o               common/ctypemask.s:23
__ctypeidx (ctype.o):
    ctypemask.o               common/ctypemask.s:24
__directerrno (_directerrno.o):
    write.o                   /mnt/d/retro/cc65/asminc/errno.inc:10
    vsnprintf.o               /mnt/d/retro/cc65/asminc/errno.inc:10
__errno (errno.o):
    _seterrno.o               /mnt/d/retro/cc65/asminc/errno.inc:7
__hextab (_hextab.o):
    ltoa.o                    common/ltoa.s:10
__longminstr (_longminstr.o):
    ltoa.o                    common/ltoa.s:10
__mappederrno (_mappederrno.o):
    write.o                   /mnt/d/retro/cc65/asminc/errno.inc:10
__oserror (_oserror.o):
    _mappederrno.o            /mnt/d/retro/cc65/asminc/errno.inc:7
    _directerrno.o            /mnt/d/retro/cc65/asminc/errno.inc:7
    write.o                   /mnt/d/retro/cc65/asminc/errno.inc:7
    cbm_read.o                cbm/cbm_read.s:44
    cbm_open.o                cbm/cbm_open.s:24
    c_load.o                  cbm/c_load.s:10
    main.o                    src/main.s:33
__osmaperrno (oserror.o):
    _mappederrno.o            /mnt/d/retro/cc65/asminc/errno.inc:8
__printf (_printf.o):
    vsnprintf.o               common/vsnprintf.s:10
    vfprintf.o                common/vfprintf.s:10
__seterrno (_seterrno.o):
    _mappederrno.o            /mnt/d/retro/cc65/asminc/errno.inc:9
    _directerrno.o            /mnt/d/retro/cc65/asminc/errno.inc:9
    fwrite.o                  /mnt/d/retro/cc65/asminc/errno.inc:9
    strtol.o                  ../libwrk/c128/strtol.s:17
_areyousure (main.o):
    overlay3.o                src/overlay3.s:66
_bgcolor (color.o):
    vdc_core.o                src/vdc_core.s:24
_bootdevice (main.o):
    vdc_core.o                src/vdc_core.s:28
_bordercolor (color.o):
    vdc_core.o                src/vdc_core.s:25
_buffer (main.o):
    overlay4.o                src/overlay4.s:41
    overlay3.o                src/overlay3.s:58
    overlay2.o                src/overlay2.s:58
    overlay1.o                src/overlay1.s:58
_cbm_close (cbm_close.o):
    vdc_core.o                src/vdc_core.s:20
    main.o                    src/main.s:23
_cbm_k_close (c_close.o):
    cbm_close.o               cbm/cbm_close.s:7
_cbm_k_load (c_load.o):
    cbm_load.o                ../libwrk/c128/cbm_load.s:13
    overlay3.o                src/overlay3.s:15
    vdc_core.o                src/vdc_core.s:15
    main.o                    src/main.s:18
_cbm_k_open (c_open.o):
    cbm_open.o                cbm/cbm_open.s:23
_cbm_k_save (c_save.o):
    overlay3.o                src/overlay3.s:16
    vdc_core.o                src/vdc_core.s:16
_cbm_k_setlfs (c_setlfs.o):
    cbm_open.o                cbm/cbm_open.s:23
    cbm_load.o                ../libwrk/c128/cbm_load.s:14
    overlay3.o                src/overlay3.s:17
    vdc_core.o                src/vdc_core.s:17
    main.o                    src/main.s:19
_cbm_k_setnam (c_setnam.o):
    cbm_open.o                cbm/cbm_open.s:23
    cbm_load.o                ../libwrk/c128/cbm_load.s:15
    overlay3.o                src/overlay3.s:18
    vdc_core.o                src/vdc_core.s:18
    main.o                    src/main.s:20
_cbm_load (cbm_load.o):
    main.o                    src/main.s:21
_cbm_open (cbm_open.o):
    vdc_core.o                src/vdc_core.s:19
    main.o                    src/main.s:22
_cbm_read (cbm_read.o):
    vdc_core.o                src/vdc_core.s:21
    main.o                    src/main.s:24
_cgetc (cgetc.o):
    overlay4.o                src/overlay4.s:16
    overlay3.o                src/overlay3.s:19
    overlay2.o                src/overlay2.s:15
    overlay1.o                src/overlay1.s:16
    main.o                    src/main.s:29
_change_plotcolor (main.o):
    overlay1.o                src/overlay1.s:74
_changebackgroundcolor (overlay3.o):
    main.o                    src/main.s:134
_charaddress (main.o):
    overlay4.o                src/overlay4.s:48
_chareditor (overlay4.o):
    main.o                    src/main.s:137
_charsetchanged (main.o):
    overlay4.o                src/overlay4.s:29
    overlay3.o                src/overlay3.s:39
_clrscr (clrscr.o):
    vdc_core.o                src/vdc_core.s:22
    main.o                    src/main.s:25
_cmd (main.o):
    overlay3.o                src/overlay3.s:60
_colorwrite (overlay1.o):
    main.o                    src/main.s:121
_colsel (main.o):
    overlay1.o                src/overlay1.s:54
_cputc (cputc.o):
    cputs.o                   conio/cputs.s:9
    main.o                    src/main.s:27
_cputs (cputs.o):
    main.o                    src/main.s:28
_cursor (cursor.o):
    overlay4.o                src/overlay4.s:17
    overlay3.o                src/overlay3.s:20
    overlay2.o                src/overlay2.s:16
    main.o                    src/main.s:30
_cursormove (main.o):
    overlay2.o                src/overlay2.s:68
_exit (crt0.o):
    vdc_core.o                src/vdc_core.s:26
    main.o                    src/main.s:32
_favourites (main.o):
    overlay4.o                src/overlay4.s:40
    overlay1.o                src/overlay1.s:57
_fileerrormessage (main.o):
    overlay3.o                src/overlay3.s:67
_filename (main.o):
    overlay3.o                src/overlay3.s:41
_fwrite (fwrite.o):
    vfprintf.o                common/vfprintf.s:10
_getcurrentdevice (curdevice.o):
    main.o                    src/main.s:35
_gotoxy (gotoxy.o):
    overlay4.o                src/overlay4.s:15
    overlay1.o                src/overlay1.s:15
    main.o                    src/main.s:26
_helpscreen_load (main.o):
    overlay4.o                src/overlay4.s:44
    overlay2.o                src/overlay2.s:71
    overlay1.o                src/overlay1.s:72
_hidestatusbar (main.o):
    overlay2.o                src/overlay2.s:75
_initstatusbar (main.o):
    overlay3.o                src/overlay3.s:71
    overlay2.o                src/overlay2.s:74
    overlay1.o                src/overlay1.s:76
_isdigit (isdigit.o):
    strtol.o                  ../libwrk/c128/strtol.s:13
_islower (islower.o):
    strtol.o                  ../libwrk/c128/strtol.s:14
_isprint (isprint.o):
    overlay1.o                src/overlay1.s:19
    main.o                    src/main.s:34
_isspace (isspace.o):
    strtol.o                  ../libwrk/c128/strtol.s:15
_isupper (isupper.o):
    strtol.o                  ../libwrk/c128/strtol.s:16
_lineandbox (overlay2.o):
    main.o                    src/main.s:124
_loadcharset (overlay3.o):
    main.o                    src/main.s:132
_loadproject (overlay3.o):
    main.o                    src/main.s:131
_loadscreenmap (overlay3.o):
    main.o                    src/main.s:128
_ltoa (ltoa.o):
    _printf.o                 common/_printf.s:12
_main (main.o):
    callmain.o                runtime/callmain.s:11
_mc_mb_normal (main.o):
    overlay3.o                src/overlay3.s:34
_mc_mb_select (main.o):
    overlay3.o                src/overlay3.s:35
_mc_menupopup (main.o):
    overlay4.o                src/overlay4.s:28
    overlay3.o                src/overlay3.s:38
    overlay2.o                src/overlay2.s:35
    overlay1.o                src/overlay1.s:37
_mc_pd_normal (main.o):
    overlay3.o                src/overlay3.s:36
_mc_pd_select (main.o):
    overlay3.o                src/overlay3.s:37
_memcpy (memcpy.o):
    vsnprintf.o               common/vsnprintf.s:10
_menuplacebar (main.o):
    overlay3.o                src/overlay3.s:65
    overlay2.o                src/overlay2.s:62
    overlay1.o                src/overlay1.s:63
_menupulldown (main.o):
    overlay2.o                src/overlay2.s:63
    overlay1.o                src/overlay1.s:64
_messagepopup (main.o):
    overlay2.o                src/overlay2.s:64
_movemode (overlay2.o):
    main.o                    src/main.s:125
_palette (overlay1.o):
    main.o                    src/main.s:122
_palettechar (main.o):
    overlay1.o                src/overlay1.s:55
_placesignature (main.o):
    overlay2.o                src/overlay2.s:67
    overlay1.o                src/overlay1.s:68
_plot_try (overlay3.o):
    main.o                    src/main.s:136
_plotaltchar (main.o):
    overlay4.o                src/overlay4.s:39
    overlay3.o                src/overlay3.s:57
    overlay2.o                src/overlay2.s:50
    overlay1.o                src/overlay1.s:52
_plotblink (main.o):
    overlay4.o                src/overlay4.s:38
    overlay3.o                src/overlay3.s:56
    overlay2.o                src/overlay2.s:49
    overlay1.o                src/overlay1.s:51
_plotcolor (main.o):
    overlay4.o                src/overlay4.s:35
    overlay3.o                src/overlay3.s:53
    overlay2.o                src/overlay2.s:46
    overlay1.o                src/overlay1.s:48
_plotmove (main.o):
    overlay2.o                src/overlay2.s:72
    overlay1.o                src/overlay1.s:73
_plotreverse (main.o):
    overlay4.o                src/overlay4.s:36
    overlay3.o                src/overlay3.s:54
    overlay2.o                src/overlay2.s:47
    overlay1.o                src/overlay1.s:49
_plotscreencode (main.o):
    overlay4.o                src/overlay4.s:34
    overlay3.o                src/overlay3.s:52
    overlay2.o                src/overlay2.s:45
    overlay1.o                src/overlay1.s:47
_plotunderline (main.o):
    overlay4.o                src/overlay4.s:37
    overlay3.o                src/overlay3.s:55
    overlay2.o                src/overlay2.s:48
    overlay1.o                src/overlay1.s:50
_printf (printf.o):
    vdc_core.o                src/vdc_core.s:13
    main.o                    src/main.s:14
_printstatusbar (main.o):
    overlay4.o                src/overlay4.s:45
    overlay3.o                src/overlay3.s:70
    overlay2.o                src/overlay2.s:73
    overlay1.o                src/overlay1.s:75
_programmode (main.o):
    overlay4.o                src/overlay4.s:30
    overlay3.o                src/overlay3.s:42
    overlay2.o                src/overlay2.s:36
    overlay1.o                src/overlay1.s:38
_pulldownmenutitles (main.o):
    overlay3.o                src/overlay3.s:30
    overlay2.o                src/overlay2.s:31
    overlay1.o                src/overlay1.s:33
_resizeheight (overlay2.o):
    main.o                    src/main.s:127
_resizewidth (overlay1.o):
    main.o                    src/main.s:123
_rowsel (main.o):
    overlay1.o                src/overlay1.s:53
_savecharset (overlay3.o):
    main.o                    src/main.s:133
_saveproject (overlay3.o):
    main.o                    src/main.s:130
_savescreenmap (overlay3.o):
    main.o                    src/main.s:129
_screen_col (main.o):
    overlay4.o                src/overlay4.s:32
    overlay3.o                src/overlay3.s:44
    overlay2.o                src/overlay2.s:38
    overlay1.o                src/overlay1.s:40
_screen_row (main.o):
    overlay4.o                src/overlay4.s:33
    overlay3.o                src/overlay3.s:45
    overlay2.o                src/overlay2.s:39
    overlay1.o                src/overlay1.s:41
_screenbackground (main.o):
    overlay3.o                src/overlay3.s:51
_screenheight (main.o):
    overlay3.o                src/overlay3.s:49
    overlay2.o                src/overlay2.s:43
    overlay1.o                src/overlay1.s:45
_screenmap_attraddr (main.o):
    overlay2.o                src/overlay2.s:66
    overlay1.o                src/overlay1.s:66
_screenmap_screenaddr (main.o):
    overlay2.o                src/overlay2.s:65
    overlay1.o                src/overlay1.s:65
_screenmapplot (main.o):
    overlay3.o                src/overlay3.s:68
    overlay1.o                src/overlay1.s:67
_screentotal (main.o):
    overlay3.o                src/overlay3.s:50
    overlay2.o                src/overlay2.s:44
    overlay1.o                src/overlay1.s:46
_screenwidth (main.o):
    overlay3.o                src/overlay3.s:48
    overlay2.o                src/overlay2.s:42
    overlay1.o                src/overlay1.s:44
_select_accept (main.o):
    overlay2.o                src/overlay2.s:57
_select_endx (main.o):
    overlay2.o                src/overlay2.s:53
_select_endy (main.o):
    overlay2.o                src/overlay2.s:54
_select_height (main.o):
    overlay2.o                src/overlay2.s:56
_select_startx (main.o):
    overlay2.o                src/overlay2.s:51
_select_starty (main.o):
    overlay2.o                src/overlay2.s:52
_select_width (main.o):
    overlay2.o                src/overlay2.s:55
_selectmode (overlay2.o):
    main.o                    src/main.s:126
_set_c128_speed (acc_c128_speed.o):
    vdc_core.o                src/vdc_core.s:27
_showbar (main.o):
    overlay4.o                src/overlay4.s:31
    overlay3.o                src/overlay3.s:43
    overlay2.o                src/overlay2.s:37
    overlay1.o                src/overlay1.s:39
_showchareditfield (main.o):
    overlay4.o                src/overlay4.s:47
_showchareditgrid (main.o):
    overlay4.o                src/overlay4.s:49
_sprintf (sprintf.o):
    overlay4.o                src/overlay4.s:13
    overlay3.o                src/overlay3.s:13
    overlay2.o                src/overlay2.s:13
    overlay1.o                src/overlay1.s:13
    main.o                    src/main.s:15
_stdout (_file.o):
    printf.o                  common/printf.s:8
_strlen (strlen.o):
    _printf.o                 common/_printf.s:13
    main.o                    src/main.s:17
_strlower (strlower.o):
    _printf.o                 common/_printf.s:13
_strtol (strtol.o):
    overlay4.o                src/overlay4.s:19
    overlay3.o                src/overlay3.s:21
    overlay2.o                src/overlay2.s:17
    overlay1.o                src/overlay1.s:18
_targetdevice (main.o):
    overlay3.o                src/overlay3.s:40
_textInput (main.o):
    overlay4.o                src/overlay4.s:42
    overlay3.o                src/overlay3.s:61
    overlay2.o                src/overlay2.s:59
    overlay1.o                src/overlay1.s:59
_textcolor (color.o):
    overlay4.o                src/overlay4.s:18
    overlay1.o                src/overlay1.s:17
    vdc_core.o                src/vdc_core.s:23
    main.o                    src/main.s:31
_togglestatusbar (main.o):
    overlay4.o                src/overlay4.s:46
    overlay2.o                src/overlay2.s:76
    overlay1.o                src/overlay1.s:77
_ultoa (ltoa.o):
    _printf.o                 common/_printf.s:12
_undo_escapeundo (main.o):
    overlay2.o                src/overlay2.s:70
_undo_new (main.o):
    overlay3.o                src/overlay3.s:69
    overlay2.o                src/overlay2.s:69
    overlay1.o                src/overlay1.s:69
_undo_performredo (main.o):
    overlay1.o                src/overlay1.s:71
_undo_performundo (main.o):
    overlay1.o                src/overlay1.s:70
_undo_redopossible (main.o):
    overlay3.o                src/overlay3.s:33
    overlay2.o                src/overlay2.s:34
    overlay1.o                src/overlay1.s:36
_undo_undopossible (main.o):
    overlay3.o                src/overlay3.s:32
    overlay2.o                src/overlay2.s:33
    overlay1.o                src/overlay1.s:35
_undoenabled (main.o):
    overlay3.o                src/overlay3.s:31
    overlay2.o                src/overlay2.s:32
    overlay1.o                src/overlay1.s:34
_vdctoconiocol (vdc_core.o):
    overlay4.o                src/overlay4.s:20
    overlay1.o                src/overlay1.s:20
    main.o                    src/main.s:36
_version (main.o):
    overlay3.o                src/overlay3.s:59
_versioninfo (overlay3.o):
    main.o                    src/main.s:135
_vfprintf (vfprintf.o):
    printf.o                  common/printf.s:8
_videomode (videomode.o):
    vdc_core.o                src/vdc_core.s:14
_visualmap (main.o):
    overlay1.o                src/overlay1.s:56
_vsprintf (vsprintf.o):
    sprintf.o                 common/sprintf.s:8
_windownew (main.o):
    overlay3.o                src/overlay3.s:64
    overlay2.o                src/overlay2.s:61
    overlay1.o                src/overlay1.s:62
_windowrestore (main.o):
    overlay4.o                src/overlay4.s:43
    overlay3.o                src/overlay3.s:63
    overlay2.o                src/overlay2.s:60
    overlay1.o                src/overlay1.s:61
_windowsave (main.o):
    overlay3.o                src/overlay3.s:62
    overlay1.o                src/overlay1.s:60
_write (write.o):
    fwrite.o                  common/fwrite.s:10
_writemode (overlay1.o):
    main.o                    src/main.s:120
_xoffset (main.o):
    overlay3.o                src/overlay3.s:46
    overlay2.o                src/overlay2.s:40
    overlay1.o                src/overlay1.s:42
_yoffset (main.o):
    overlay3.o                src/overlay3.s:47
    overlay2.o                src/overlay2.s:41
    overlay1.o                src/overlay1.s:43
addeq0sp (addeqsp.o):
    overlay1.o                src/overlay1.s:2053
    vdc_core.o                src/vdc_core.s:2155
    vdc_core.o                src/vdc_core.s:2155
    vdc_core.o                src/vdc_core.s:2155
    vdc_core.o                src/vdc_core.s:2155
    main.o                    src/main.s:6406
    main.o                    src/main.s:6406
addeqysp (addeqsp.o):
    strtol.o                  ../libwrk/c128/strtol.s:320
    overlay1.o                src/overlay1.s:2053
    vdc_core.o                src/vdc_core.s:2155
    vdc_core.o                src/vdc_core.s:2155
    vdc_core.o                src/vdc_core.s:2155
    main.o                    src/main.s:6406
addysp (addysp.o):
    fwrite.o                  common/fwrite.s:11
    strtol.o                  ../libwrk/c128/strtol.s:320
    sprintf.o                 common/sprintf.s:8
    printf.o                  common/printf.s:8
    incsp8.o                  runtime/incsp8.s:8
    incsp7.o                  runtime/incsp7.s:8
    incsp6.o                  runtime/incsp6.s:8
    incsp5.o                  runtime/incsp5.s:8
    incsp4.o                  runtime/incsp4.s:8
    incsp3.o                  runtime/incsp3.s:8
    overlay4.o                src/overlay4.s:2415
    overlay3.o                src/overlay3.s:1955
    overlay3.o                src/overlay3.s:1955
    overlay3.o                src/overlay3.s:1955
    overlay2.o                src/overlay2.s:1999
    overlay1.o                src/overlay1.s:2053
    vdc_core.o                src/vdc_core.s:2155
    vdc_core.o                src/vdc_core.s:2155
    vdc_core.o                src/vdc_core.s:2155
    vdc_core.o                src/vdc_core.s:2155
    main.o                    src/main.s:6406
    main.o                    src/main.s:6406
addysp1 (addysp.o):
    ludiv.o                   runtime/ludiv.s:9
    lmul.o                    runtime/lmul.s:9
    ladd.o                    runtime/ladd.s:8
    sub.o                     runtime/sub.s:8
    or.o                      runtime/or.s:9
aslax1 (aslax1.o):
    overlay4.o                src/overlay4.s:2415
    overlay1.o                src/overlay1.s:2053
    overlay1.o                src/overlay1.s:2053
    main.o                    src/main.s:6406
    main.o                    src/main.s:6406
    main.o                    src/main.s:6406
aslax2 (aslax2.o):
    overlay4.o                src/overlay4.s:2415
    main.o                    src/main.s:6406
    main.o                    src/main.s:6406
    main.o                    src/main.s:6406
aslax4 (aslax4.o):
    overlay4.o                src/overlay4.s:2415
    overlay1.o                src/overlay1.s:2053
    main.o                    src/main.s:6406
aslaxy (shl.o):
    overlay4.o                src/overlay4.s:2415
    main.o                    src/main.s:6406
axlong (axlong.o):
    _printf.o                 common/_printf.s:11
    strtol.o                  ../libwrk/c128/strtol.s:320
axulong (axlong.o):
    _printf.o                 common/_printf.s:11
    strtol.o                  ../libwrk/c128/strtol.s:320
booleq (makebool.o):
    leq.o                     runtime/leq.s:8
    cbm_load.o                ../libwrk/c128/cbm_load.s:61
    overlay1.o                src/overlay1.s:2053
    main.o                    src/main.s:6406
boolugt (makebool.o):
    lugt.o                    runtime/lugt.s:8
callmain (callmain.o):
    crt0.o                    c128/crt0.s:9
ctypemask (ctypemask.o):
    isupper.o                 common/isupper.s:15
    isspace.o                 common/isspace.s:15
    islower.o                 common/islower.s:15
    isdigit.o                 common/isdigit.s:15
    isprint.o                 common/isprint.s:15
ctypemaskdirect (ctypemask.o):
    strlower.o                common/strlower.s:14
cursor (_cursor.o):
[...]
    vdc_core.o                src/vdc_core.s:2155
    vdc_core.o                src/vdc_core.s:2155
    vdc_core.o                src/vdc_core.s:2155
    main.o                    src/main.s:6406
    main.o                    src/main.s:6406
    main.o                    src/main.s:6406
    main.o                    src/main.s:6406
    main.o                    src/main.s:6406
    main.o                    src/main.s:6406
    main.o                    src/main.s:6406
    main.o                    src/main.s:6406
    main.o                    src/main.s:6406
    main.o                    src/main.s:6406
    main.o                    src/main.s:6406
    main.o                    src/main.s:6406
    main.o                    src/main.s:6406
    main.o                    src/main.s:6406
    main.o                    src/main.s:6406
    main.o                    src/main.s:6406
    main.o                    src/main.s:6406
    main.o                    src/main.s:6406
    main.o                    src/main.s:6406
    main.o                    src/main.s:6406
    main.o                    src/main.s:6406
    main.o                    src/main.s:6406
    main.o                    src/main.s:6406
    main.o                    src/main.s:6406
    main.o                    src/main.s:6406
    main.o                    src/main.s:6406
    main.o                    src/main.s:6406
    main.o                    src/main.s:6406
    main.o                    src/main.s:6406
    main.o                    src/main.s:6406
    main.o                    src/main.s:6406
    main.o                    src/main.s:6406
    main.o                    src/main.s:6406
    main.o                    src/main.s:6406
pusha0 (pushax.o):
    push1.o                   runtime/push1.s:8
    overlay4.o                src/overlay4.s:2415
    overlay3.o                src/overlay3.s:1955
    overlay3.o                src/overlay3.s:1955
    overlay3.o                src/overlay3.s:1955
    overlay2.o                src/overlay2.s:1999
    overlay2.o                src/overlay2.s:1999
    overlay2.o                src/overlay2.s:1999
    overlay2.o                src/overlay2.s:1999
    overlay1.o                src/overlay1.s:2053
    vdc_core.o                src/vdc_core.s:2155
    vdc_core.o                src/vdc_core.s:2155
    vdc_core.o                src/vdc_core.s:2155
    vdc_core.o                src/vdc_core.s:2155
    main.o                    src/main.s:6406
    main.o                    src/main.s:6406
    main.o                    src/main.s:6406
    main.o                    src/main.s:6406
    main.o                    src/main.s:6406
    main.o                    src/main.s:6406
    main.o                    src/main.s:6406
    main.o                    src/main.s:6406
    main.o                    src/main.s:6406
    main.o                    src/main.s:6406
    main.o                    src/main.s:6406
    main.o                    src/main.s:6406
    main.o                    src/main.s:6406
    main.o                    src/main.s:6406
    main.o                    src/main.s:6406
    main.o                    src/main.s:6406
    main.o                    src/main.s:6406
    main.o                    src/main.s:6406
    main.o                    src/main.s:6406
    main.o                    src/main.s:6406
pushax (pushax.o):
    fwrite.o                  common/fwrite.s:11
    callmain.o                runtime/callmain.s:11
    _printf.o                 common/_printf.s:11
    strtol.o                  ../libwrk/c128/strtol.s:320
    pushw.o                   runtime/pushw.s:8
    printf.o                  common/printf.s:8
    cbm_load.o                ../libwrk/c128/cbm_load.s:61
    overlay4.o                src/overlay4.s:2415
    overlay3.o                src/overlay3.s:1955
    overlay3.o                src/overlay3.s:1955
    overlay3.o                src/overlay3.s:1955
    overlay3.o                src/overlay3.s:1955
    overlay3.o                src/overlay3.s:1955
    overlay3.o                src/overlay3.s:1955
    overlay3.o                src/overlay3.s:1955
    overlay3.o                src/overlay3.s:1955
    overlay3.o                src/overlay3.s:1955
    overlay3.o                src/overlay3.s:1955
    overlay2.o                src/overlay2.s:1999
    overlay2.o                src/overlay2.s:1999
    overlay2.o                src/overlay2.s:1999
    overlay2.o                src/overlay2.s:1999
    overlay2.o                src/overlay2.s:1999
    overlay1.o                src/overlay1.s:2053
    overlay1.o                src/overlay1.s:2053
    overlay1.o                src/overlay1.s:2053
    vdc_core.o                src/vdc_core.s:2155
    vdc_core.o                src/vdc_core.s:2155
    vdc_core.o                src/vdc_core.s:2155
    vdc_core.o                src/vdc_core.s:2155
    vdc_core.o                src/vdc_core.s:2155
    vdc_core.o                src/vdc_core.s:2155
    vdc_core.o                src/vdc_core.s:2155
    vdc_core.o                src/vdc_core.s:2155
    vdc_core.o                src/vdc_core.s:2155
    vdc_core.o                src/vdc_core.s:2155
    vdc_core.o                src/vdc_core.s:2155
    vdc_core.o                src/vdc_core.s:2155
    vdc_core.o                src/vdc_core.s:2155
    vdc_core.o                src/vdc_core.s:2155
    vdc_core.o                src/vdc_core.s:2155
    main.o                    src/main.s:6406
    main.o                    src/main.s:6406
    main.o                    src/main.s:6406
    main.o                    src/main.s:6406
    main.o                    src/main.s:6406
    main.o                    src/main.s:6406
    main.o                    src/main.s:6406
    main.o                    src/main.s:6406
    main.o                    src/main.s:6406
    main.o                    src/main.s:6406
    main.o                    src/main.s:6406
    main.o                    src/main.s:6406
    main.o                    src/main.s:6406
    main.o                    src/main.s:6406
    main.o                    src/main.s:6406
    main.o                    src/main.s:6406
    main.o                    src/main.s:6406
    main.o                    src/main.s:6406
    main.o                    src/main.s:6406
    main.o                    src/main.s:6406
    main.o                    src/main.s:6406
    main.o                    src/main.s:6406
    main.o                    src/main.s:6406
    main.o                    src/main.s:6406
    main.o                    src/main.s:6406
    main.o                    src/main.s:6406
    main.o                    src/main.s:6406
    main.o                    src/main.s:6406
    main.o                    src/main.s:6406
pusheax (lpush.o):
    _printf.o                 common/_printf.s:11
    strtol.o                  ../libwrk/c128/strtol.s:320
pushl0 (lpush.o):
    strtol.o                  ../libwrk/c128/strtol.s:320
pushw (pushw.o):
    main.o                    src/main.s:6406
    main.o                    src/main.s:6406
pushw0sp (pushwsp.o):
    vsprintf.o                common/vsprintf.s:8
    vdc_core.o                src/vdc_core.s:2155
    vdc_core.o                src/vdc_core.s:2155
    main.o                    src/main.s:6406
pushwidx (pushw.o):
    main.o                    src/main.s:6406
pushwysp (pushwsp.o):
    fwrite.o                  common/fwrite.s:11
    vfprintf.o                common/vfprintf.s:9
    overlay3.o                src/overlay3.s:1955
    overlay3.o                src/overlay3.s:1955
    overlay3.o                src/overlay3.s:1955
    overlay3.o                src/overlay3.s:1955
    overlay3.o                src/overlay3.s:1955
    overlay1.o                src/overlay1.s:2053
    vdc_core.o                src/vdc_core.s:2155
    vdc_core.o                src/vdc_core.s:2155
    vdc_core.o                src/vdc_core.s:2155
    vdc_core.o                src/vdc_core.s:2155
    vdc_core.o                src/vdc_core.s:2155
    main.o                    src/main.s:6406
    main.o                    src/main.s:6406
    main.o                    src/main.s:6406
    main.o                    src/main.s:6406
    main.o                    src/main.s:6406
    main.o                    src/main.s:6406
regbank (zeropage.o):
    _printf.o                 /mnt/d/retro/cc65/asminc/zeropage.inc:14
    strtol.o                  ../libwrk/c128/strtol.s:10
return0 (return0.o):
    color.o                   c128/color.s:10
rwcommon (rwcommon.o):
    write.o                   cbm/write.s:10
shlax1 (aslax1.o):
    overlay3.o                src/overlay3.s:1955
    overlay3.o                src/overlay3.s:1955
    overlay3.o                src/overlay3.s:1955
    overlay2.o                src/overlay2.s:1999
    overlay1.o                src/overlay1.s:2053
    vdc_core.o                src/vdc_core.s:2155
shlax2 (aslax2.o):
    vdc_core.o                src/vdc_core.s:2155
shlax3 (aslax3.o):
    overlay4.o                src/overlay4.s:2415
    vdc_core.o                src/vdc_core.s:2155
    main.o                    src/main.s:6406
    main.o                    src/main.s:6406
    main.o                    src/main.s:6406
shlax4 (aslax4.o):
    vdc_core.o                src/vdc_core.s:2155
    main.o                    src/main.s:6406
    main.o                    src/main.s:6406
    main.o                    src/main.s:6406
shrax1 (shrax1.o):
    main.o                    src/main.s:6406
shrax3 (shrax3.o):
    vdc_core.o                src/vdc_core.s:2155
sp (zeropage.o):
    memcpy.o                  common/memcpy.s:15
    lcmp.o                    runtime/lcmp.s:10
    vsnprintf.o               common/vsnprintf.s:11
    steaxsp.o                 runtime/steaxsp.s:8
    ludiv.o                   runtime/ludiv.s:10
    lpush.o                   runtime/lpush.s:13
    lmul.o                    runtime/lmul.s:10
    ldeaxysp.o                runtime/ldeaxysp.s:12
    ladd.o                    runtime/ladd.s:9
    _printf.o                 /mnt/d/retro/cc65/asminc/zeropage.inc:11
    vfprintf.o                common/vfprintf.s:11
    subysp.o                  runtime/subysp.s:9
    subeqsp.o                 runtime/subeqsp.s:8
    sub.o                     runtime/sub.s:9
    strtol.o                  ../libwrk/c128/strtol.s:10
    staxsp.o                  runtime/staxsp.s:8
    staspidx.o                runtime/staspidx.s:9
    sprintf.o                 common/sprintf.s:9
    pushwsp.o                 runtime/pushwsp.s:8
    pushax.o                  runtime/pushax.s:8
    pusha.o                   runtime/pusha.s:8
    printf.o                  common/printf.s:9
    popptr1.o                 runtime/popptr1.s:9
    popa.o                    runtime/popa.s:8
    or.o                      runtime/or.s:10
    leaaxsp.o                 runtime/leaaxsp.s:8
    ldaxsp.o                  runtime/ldaxsp.s:8
    incsp2.o                  runtime/incsp2.s:8
    incsp1.o                  runtime/incsp1.s:8
    icmp.o                    runtime/icmp.s:9
    decsp7.o                  runtime/decsp7.s:8
    decsp6.o                  runtime/decsp6.s:8
    decsp5.o                  runtime/decsp5.s:8
    decsp4.o                  runtime/decsp4.s:8
    decsp3.o                  runtime/decsp3.s:8
    decsp2.o                  runtime/decsp2.s:8
    decsp1.o                  runtime/decsp1.s:8
    crt0.o                    /mnt/d/retro/cc65/asminc/zeropage.inc:11
    cbm_load.o                ../libwrk/c128/cbm_load.s:10
    addysp.o                  runtime/addysp.s:8
    addeqsp.o                 runtime/addeqsp.s:8
    add.o                     runtime/add.s:12
    overlay4.o                src/overlay4.s:10
    overlay3.o                src/overlay3.s:10
    overlay2.o                src/overlay2.s:10
    overlay1.o                src/overlay1.s:10
    vdc_core.o                src/vdc_core.s:10
    main.o                    src/main.s:10
sreg (zeropage.o):
    lcmp.o                    runtime/lcmp.s:10
    udiv.o                    runtime/udiv.s:10
    steaxsp.o                 runtime/steaxsp.s:8
    lumod.o                   runtime/lumod.s:10
    ludiv.o                   runtime/ludiv.s:10
    ltoa.o                    common/ltoa.s:11
    lpush.o                   runtime/lpush.s:13
    lneg.o                    runtime/lneg.s:11
    lmul.o                    runtime/lmul.s:10
    ldeaxysp.o                runtime/ldeaxysp.s:12
    ladd.o                    runtime/ladd.s:9
    axlong.o                  runtime/axlong.s:9
    _printf.o                 /mnt/d/retro/cc65/asminc/zeropage.inc:11
    strtol.o                  ../libwrk/c128/strtol.s:10
    icmp.o                    runtime/icmp.s:9
    overlay4.o                src/overlay4.s:10
    overlay1.o                src/overlay1.s:10
    main.o                    src/main.s:10
staspidx (staspidx.o):
    overlay4.o                src/overlay4.s:2415
stax0sp (staxsp.o):
    overlay3.o                src/overlay3.s:1955
    overlay3.o                src/overlay3.s:1955
    overlay3.o                src/overlay3.s:1955
    overlay3.o                src/overlay3.s:1955
    overlay3.o                src/overlay3.s:1955
    overlay3.o                src/overlay3.s:1955
    vdc_core.o                src/vdc_core.s:2155
    vdc_core.o                src/vdc_core.s:2155
    vdc_core.o                src/vdc_core.s:2155
    vdc_core.o                src/vdc_core.s:2155
    vdc_core.o                src/vdc_core.s:2155
    vdc_core.o                src/vdc_core.s:2155
    vdc_core.o                src/vdc_core.s:2155
    main.o                    src/main.s:6406
    main.o                    src/main.s:6406
    main.o                    src/main.s:6406
staxysp (staxsp.o):
    vsprintf.o                common/vsprintf.s:8
    strtol.o                  ../libwrk/c128/strtol.s:320
    overlay4.o                src/overlay4.s:2415
    overlay3.o                src/overlay3.s:1955
    overlay3.o                src/overlay3.s:1955
    overlay3.o                src/overlay3.s:1955
    overlay3.o                src/overlay3.s:1955
    overlay2.o                src/overlay2.s:1999
    overlay1.o                src/overlay1.s:2053
    vdc_core.o                src/vdc_core.s:2155
    vdc_core.o                src/vdc_core.s:2155
    vdc_core.o                src/vdc_core.s:2155
    main.o                    src/main.s:6406
steaxysp (steaxsp.o):
    strtol.o                  ../libwrk/c128/strtol.s:320
subeq0sp (subeqsp.o):
    vdc_core.o                src/vdc_core.s:2155
    vdc_core.o                src/vdc_core.s:2155
    vdc_core.o                src/vdc_core.s:2155
    vdc_core.o                src/vdc_core.s:2155
subeqysp (subeqsp.o):
    vdc_core.o                src/vdc_core.s:2155
subysp (subysp.o):
    overlay4.o                src/overlay4.s:2415
    overlay3.o                src/overlay3.s:1955
    overlay3.o                src/overlay3.s:1955
    main.o                    src/main.s:6406
tmp1 (zeropage.o):
    ltoa.o                    common/ltoa.s:11
    ladd.o                    runtime/ladd.s:9
    _printf.o                 /mnt/d/retro/cc65/asminc/zeropage.inc:13
    strtol.o                  ../libwrk/c128/strtol.s:11
    staspidx.o                runtime/staspidx.s:9
    shrax3.o                  runtime/shrax3.s:8
    shrax1.o                  runtime/shrax1.s:8
    shl.o                     runtime/shl.s:16
    or.o                      runtime/or.s:10
    mul.o                     runtime/mul.s:10
    incaxy.o                  runtime/incaxy.s:8
    decaxy.o                  runtime/decaxy.s:8
    cputs.o                   conio/cputs.s:10
    cbm_read.o                cbm/cbm_read.s:42
    c_setlfs.o                cbm/c_setlfs.s:13
    c_save.o                  cbm/c_save.s:11
    aslax4.o                  runtime/aslax4.s:8
    aslax3.o                  runtime/aslax3.s:8
    aslax2.o                  runtime/aslax2.s:8
    aslax1.o                  runtime/aslax1.s:8
    add.o                     runtime/add.s:12
    overlay3.o                src/overlay3.s:11
    overlay2.o                src/overlay2.s:11
    overlay1.o                src/overlay1.s:11
    vdc_core.o                src/vdc_core.s:11
    main.o                    src/main.s:11
tmp2 (zeropage.o):
    rwcommon.o                cbm/rwcommon.s:10
    lmul.o                    runtime/lmul.s:10
tmp3 (zeropage.o):
    lumod.o                   runtime/lumod.s:10
    ludiv.o                   runtime/ludiv.s:10
    lmul.o                    runtime/lmul.s:10
tmp4 (zeropage.o):
    lumod.o                   runtime/lumod.s:10
    ludiv.o                   runtime/ludiv.s:10
    lmul.o                    runtime/lmul.s:10
tosaddax (add.o):
    main.o                    src/main.s:6406
    main.o                    src/main.s:6406
    main.o                    src/main.s:6406
    main.o                    src/main.s:6406
    main.o                    src/main.s:6406
    main.o                    src/main.s:6406
    main.o                    src/main.s:6406
tosaddeax (ladd.o):
    strtol.o                  ../libwrk/c128/strtol.s:320
toseqeax (leq.o):
    strtol.o                  ../libwrk/c128/strtol.s:320
tosicmp (icmp.o):
    overlay3.o                src/overlay3.s:1955
    overlay2.o                src/overlay2.s:1999
    overlay2.o                src/overlay2.s:1999
    overlay2.o                src/overlay2.s:1999
    overlay1.o                src/overlay1.s:2053
    main.o                    src/main.s:6406
    main.o                    src/main.s:6406
tosicmp0 (icmp.o):
    main.o                    src/main.s:6406
toslcmp (lcmp.o):
    lugt.o                    runtime/lugt.s:8
    leq.o                     runtime/leq.s:8
tosmula0 (mul8.o):
    main.o                    src/main.s:6406
    main.o                    src/main.s:6406
    main.o                    src/main.s:6406
tosmulax (mul.o):
    main.o                    src/main.s:6406
tosorax (or.o):
    overlay4.o                src/overlay4.s:2415
tossubax (sub.o):
    main.o                    src/main.s:6406
    main.o                    src/main.s:6406
    main.o                    src/main.s:6406
    main.o                    src/main.s:6406
tosudivax (udiv.o):
    fwrite.o                  common/fwrite.s:12
tosudiveax (ludiv.o):
    strtol.o                  ../libwrk/c128/strtol.s:320
tosugteax (lugt.o):
    strtol.o                  ../libwrk/c128/strtol.s:320
tosumodeax (lumod.o):
    strtol.o                  ../libwrk/c128/strtol.s:320
tosumula0 (mul8.o):
    overlay2.o                src/overlay2.s:1999
    vdc_core.o                src/vdc_core.s:2155
    vdc_core.o                src/vdc_core.s:2155
    vdc_core.o                src/vdc_core.s:2155
    vdc_core.o                src/vdc_core.s:2155
    main.o                    src/main.s:6406
    main.o                    src/main.s:6406
    main.o                    src/main.s:6406
    main.o                    src/main.s:6406
    main.o                    src/main.s:6406
tosumulax (mul.o):
    fwrite.o                  common/fwrite.s:12
    overlay3.o                src/overlay3.s:1955
    overlay3.o                src/overlay3.s:1955
    overlay3.o                src/overlay3.s:1955
    overlay2.o                src/overlay2.s:1999
    overlay1.o                src/overlay1.s:2053
    vdc_core.o                src/vdc_core.s:2155
    main.o                    src/main.s:6406
    main.o                    src/main.s:6406
    main.o                    src/main.s:6406
    main.o                    src/main.s:6406
tosumuleax (lmul.o):
    strtol.o                  ../libwrk/c128/strtol.s:320
udiv32 (ludiv.o):
    lumod.o                   runtime/lumod.s:9
vsnprintf (vsnprintf.o):
    vsprintf.o                common/vsprintf.s:9
zerobss (zerobss.o):
    crt0.o                    c128/crt0.s:8

