Modules list:
-------------
vdc_core_assembly.o:
    MACO              Offs=000000  Size=00047F  Align=00001  Fill=0000
bootsect.o:
    BOOTSECT          Offs=000000  Size=000100  Align=00100  Fill=0000
main.o:
    CODE              Offs=000000  Size=006AC8  Align=00001  Fill=0000
    RODATA            Offs=000000  Size=0004B2  Align=00001  Fill=0000
    BSS               Offs=000000  Size=000227  Align=00001  Fill=0000
    DATA              Offs=000000  Size=0001D4  Align=00001  Fill=0000
vdc_core.o:
    CODE              Offs=006AC8  Size=000D8D  Align=00001  Fill=0000
    RODATA            Offs=0004B2  Size=00004E  Align=00001  Fill=0000
    DATA              Offs=0001D4  Size=000014  Align=00001  Fill=0000
/mnt/d/retro/cc65/lib/c128.lib(_cursor.o):
    BSS               Offs=000227  Size=000001  Align=00001  Fill=0000
/mnt/d/retro/cc65/lib/c128.lib(_directerrno.o):
    CODE              Offs=007855  Size=00000A  Align=00001  Fill=0000
/mnt/d/retro/cc65/lib/c128.lib(_file.o):
    DATA              Offs=0001E8  Size=00001E  Align=00001  Fill=0000
/mnt/d/retro/cc65/lib/c128.lib(_hextab.o):
    RODATA            Offs=000500  Size=000010  Align=00001  Fill=0000
/mnt/d/retro/cc65/lib/c128.lib(_longminstr.o):
    RODATA            Offs=000510  Size=00000C  Align=00001  Fill=0000
/mnt/d/retro/cc65/lib/c128.lib(_mappederrno.o):
    CODE              Offs=00785F  Size=000010  Align=00001  Fill=0000
/mnt/d/retro/cc65/lib/c128.lib(_oserror.o):
    BSS               Offs=000228  Size=000001  Align=00001  Fill=0000
/mnt/d/retro/cc65/lib/c128.lib(_printf.o):
    CODE              Offs=00786F  Size=0003A5  Align=00001  Fill=0000
    BSS               Offs=000229  Size=00002B  Align=00001  Fill=0000
    DATA              Offs=000206  Size=000003  Align=00001  Fill=0000
/mnt/d/retro/cc65/lib/c128.lib(_seterrno.o):
    CODE              Offs=007C14  Size=000009  Align=00001  Fill=0000
/mnt/d/retro/cc65/lib/c128.lib(acc_c128_speed.o):
    CODE              Offs=007C1D  Size=000010  Align=00001  Fill=0000
/mnt/d/retro/cc65/lib/c128.lib(add.o):
    CODE              Offs=007C2D  Size=00001C  Align=00001  Fill=0000
/mnt/d/retro/cc65/lib/c128.lib(addeqsp.o):
    CODE              Offs=007C49  Size=000011  Align=00001  Fill=0000
/mnt/d/retro/cc65/lib/c128.lib(addysp.o):
    CODE              Offs=007C5A  Size=00000E  Align=00001  Fill=0000
/mnt/d/retro/cc65/lib/c128.lib(aslax1.o):
    CODE              Offs=007C68  Size=000008  Align=00001  Fill=0000
/mnt/d/retro/cc65/lib/c128.lib(aslax2.o):
    CODE              Offs=007C70  Size=00000B  Align=00001  Fill=0000
/mnt/d/retro/cc65/lib/c128.lib(aslax3.o):
    CODE              Offs=007C7B  Size=00000E  Align=00001  Fill=0000
/mnt/d/retro/cc65/lib/c128.lib(aslax4.o):
    CODE              Offs=007C89  Size=000011  Align=00001  Fill=0000
/mnt/d/retro/cc65/lib/c128.lib(axlong.o):
    CODE              Offs=007C9A  Size=00000D  Align=00001  Fill=0000
/mnt/d/retro/cc65/lib/c128.lib(c_close.o):
    CODE              Offs=007CA7  Size=000004  Align=00001  Fill=0000
/mnt/d/retro/cc65/lib/c128.lib(c_load.o):
    CODE              Offs=007CAB  Size=00001D  Align=00001  Fill=0000
/mnt/d/retro/cc65/lib/c128.lib(c_open.o):
    CODE              Offs=007CC8  Size=000009  Align=00001  Fill=0000
/mnt/d/retro/cc65/lib/c128.lib(c_save.o):
    CODE              Offs=007CD1  Size=000016  Align=00001  Fill=0000
/mnt/d/retro/cc65/lib/c128.lib(c_setlfs.o):
    CODE              Offs=007CE7  Size=00000E  Align=00001  Fill=0000
/mnt/d/retro/cc65/lib/c128.lib(c_setnam.o):
    CODE              Offs=007CF5  Size=000013  Align=00001  Fill=0000
/mnt/d/retro/cc65/lib/c128.lib(callmain.o):
    CODE              Offs=007D08  Size=000017  Align=00001  Fill=0000
    DATA              Offs=000209  Size=000004  Align=00001  Fill=0000
/mnt/d/retro/cc65/lib/c128.lib(cbm_close.o):
/mnt/d/retro/cc65/lib/c128.lib(cbm_open.o):
    CODE              Offs=007D1F  Size=000016  Align=00001  Fill=0000
/mnt/d/retro/cc65/lib/c128.lib(cbm_read.o):
    CODE              Offs=007D35  Size=00005B  Align=00001  Fill=0000
/mnt/d/retro/cc65/lib/c128.lib(cgetc.o):
    CODE              Offs=007D90  Size=000030  Align=00001  Fill=0000
    INIT              Offs=000000  Size=000002  Align=00001  Fill=0000
    ONCE              Offs=000000  Size=000013  Align=00001  Fill=0000
/mnt/d/retro/cc65/lib/c128.lib(clrscr.o):
/mnt/d/retro/cc65/lib/c128.lib(color.o):
    CODE              Offs=007DC0  Size=000060  Align=00001  Fill=0000
/mnt/d/retro/cc65/lib/c128.lib(condes.o):
    CODE              Offs=007E20  Size=00000C  Align=00001  Fill=0000
    DATA              Offs=00020D  Size=000025  Align=00001  Fill=0000
    ONCE              Offs=000013  Size=00000C  Align=00001  Fill=0000
/mnt/d/retro/cc65/lib/c128.lib(conio.o):
/mnt/d/retro/cc65/lib/c128.lib(cputc.o):
    CODE              Offs=007E2C  Size=000049  Align=00001  Fill=0000
/mnt/d/retro/cc65/lib/c128.lib(crt0.o):
    BSS               Offs=000254  Size=000002  Align=00001  Fill=0000
    STARTUP           Offs=000000  Size=000051  Align=00001  Fill=0000
    INIT              Offs=000002  Size=00001A  Align=00001  Fill=0000
/mnt/d/retro/cc65/lib/c128.lib(ctype.o):
    RODATA            Offs=00051C  Size=00008B  Align=00001  Fill=0000
/mnt/d/retro/cc65/lib/c128.lib(ctypemask.o):
    CODE              Offs=007E75  Size=00001E  Align=00001  Fill=0000
/mnt/d/retro/cc65/lib/c128.lib(curdevice.o):
    CODE              Offs=007E93  Size=000006  Align=00001  Fill=0000
/mnt/d/retro/cc65/lib/c128.lib(cursor.o):
    CODE              Offs=007E99  Size=00000A  Align=00001  Fill=0000
/mnt/d/retro/cc65/lib/c128.lib(decax1.o):
    CODE              Offs=007EA3  Size=000007  Align=00001  Fill=0000
/mnt/d/retro/cc65/lib/c128.lib(decaxy.o):
    CODE              Offs=007EAA  Size=000009  Align=00001  Fill=0000
/mnt/d/retro/cc65/lib/c128.lib(decsp1.o):
    CODE              Offs=007EB3  Size=000009  Align=00001  Fill=0000
/mnt/d/retro/cc65/lib/c128.lib(decsp2.o):
    CODE              Offs=007EBC  Size=00000D  Align=00001  Fill=0000
/mnt/d/retro/cc65/lib/c128.lib(decsp3.o):
    CODE              Offs=007EC9  Size=00000D  Align=00001  Fill=0000
/mnt/d/retro/cc65/lib/c128.lib(decsp4.o):
    CODE              Offs=007ED6  Size=00000D  Align=00001  Fill=0000
/mnt/d/retro/cc65/lib/c128.lib(decsp5.o):
    CODE              Offs=007EE3  Size=00000D  Align=00001  Fill=0000
/mnt/d/retro/cc65/lib/c128.lib(decsp6.o):
    CODE              Offs=007EF0  Size=00000D  Align=00001  Fill=0000
/mnt/d/retro/cc65/lib/c128.lib(decsp7.o):
    CODE              Offs=007EFD  Size=00000D  Align=00001  Fill=0000
/mnt/d/retro/cc65/lib/c128.lib(devnum.o):
/mnt/d/retro/cc65/lib/c128.lib(errno.o):
    BSS               Offs=000256  Size=000002  Align=00001  Fill=0000
/mnt/d/retro/cc65/lib/c128.lib(exehdr.o):
    EXEHDR            Offs=000000  Size=00000C  Align=00001  Fill=0000
/mnt/d/retro/cc65/lib/c128.lib(filedes.o):
    CODE              Offs=007F0A  Size=00000E  Align=00001  Fill=0000
    DATA              Offs=000232  Size=000010  Align=00001  Fill=0000
/mnt/d/retro/cc65/lib/c128.lib(filevars.o):
    INIT              Offs=00001C  Size=000001  Align=00001  Fill=0000
    ONCE              Offs=00001F  Size=00000C  Align=00001  Fill=0000
/mnt/d/retro/cc65/lib/c128.lib(fwrite.o):
    CODE              Offs=007F18  Size=00007B  Align=00001  Fill=0000
    BSS               Offs=000258  Size=000002  Align=00001  Fill=0000
/mnt/d/retro/cc65/lib/c128.lib(gotoxy.o):
    CODE              Offs=007F93  Size=00000D  Align=00001  Fill=0000
/mnt/d/retro/cc65/lib/c128.lib(icmp.o):
    CODE              Offs=007FA0  Size=00002E  Align=00001  Fill=0000
/mnt/d/retro/cc65/lib/c128.lib(incax1.o):
    CODE              Offs=007FCE  Size=000007  Align=00001  Fill=0000
/mnt/d/retro/cc65/lib/c128.lib(incax2.o):
    CODE              Offs=007FD5  Size=000007  Align=00001  Fill=0000
/mnt/d/retro/cc65/lib/c128.lib(incaxy.o):
    CODE              Offs=007FDC  Size=00000B  Align=00001  Fill=0000
/mnt/d/retro/cc65/lib/c128.lib(incsp1.o):
    CODE              Offs=007FE7  Size=000007  Align=00001  Fill=0000
/mnt/d/retro/cc65/lib/c128.lib(incsp2.o):
    CODE              Offs=007FEE  Size=000016  Align=00001  Fill=0000
/mnt/d/retro/cc65/lib/c128.lib(incsp3.o):
    CODE              Offs=008004  Size=000005  Align=00001  Fill=0000
/mnt/d/retro/cc65/lib/c128.lib(incsp4.o):
    CODE              Offs=008009  Size=000005  Align=00001  Fill=0000
/mnt/d/retro/cc65/lib/c128.lib(incsp5.o):
    CODE              Offs=00800E  Size=000005  Align=00001  Fill=0000
/mnt/d/retro/cc65/lib/c128.lib(incsp6.o):
    CODE              Offs=008013  Size=000005  Align=00001  Fill=0000
/mnt/d/retro/cc65/lib/c128.lib(incsp7.o):
    CODE              Offs=008018  Size=000005  Align=00001  Fill=0000
/mnt/d/retro/cc65/lib/c128.lib(incsp8.o):
    CODE              Offs=00801D  Size=000005  Align=00001  Fill=0000
/mnt/d/retro/cc65/lib/c128.lib(isdigit.o):
    CODE              Offs=008022  Size=000008  Align=00001  Fill=0000
/mnt/d/retro/cc65/lib/c128.lib(islower.o):
    CODE              Offs=00802A  Size=000008  Align=00001  Fill=0000
/mnt/d/retro/cc65/lib/c128.lib(isprint.o):
    CODE              Offs=008032  Size=00000A  Align=00001  Fill=0000
/mnt/d/retro/cc65/lib/c128.lib(isspace.o):
    CODE              Offs=00803C  Size=000008  Align=00001  Fill=0000
/mnt/d/retro/cc65/lib/c128.lib(isupper.o):
    CODE              Offs=008044  Size=000008  Align=00001  Fill=0000
/mnt/d/retro/cc65/lib/c128.lib(kernal.o):
/mnt/d/retro/cc65/lib/c128.lib(ladd.o):
    CODE              Offs=00804C  Size=000025  Align=00001  Fill=0000
/mnt/d/retro/cc65/lib/c128.lib(lcmp.o):
    CODE              Offs=008071  Size=00003B  Align=00001  Fill=0000
/mnt/d/retro/cc65/lib/c128.lib(ldaxi.o):
    CODE              Offs=0080AC  Size=00000D  Align=00001  Fill=0000
/mnt/d/retro/cc65/lib/c128.lib(ldaxsp.o):
    CODE              Offs=0080B9  Size=000009  Align=00001  Fill=0000
/mnt/d/retro/cc65/lib/c128.lib(ldeaxysp.o):
    CODE              Offs=0080C2  Size=000013  Align=00001  Fill=0000
/mnt/d/retro/cc65/lib/c128.lib(leaaxsp.o):
    CODE              Offs=0080D5  Size=00000C  Align=00001  Fill=0000
/mnt/d/retro/cc65/lib/c128.lib(leq.o):
    CODE              Offs=0080E1  Size=000006  Align=00001  Fill=0000
/mnt/d/retro/cc65/lib/c128.lib(lmul.o):
    CODE              Offs=0080E7  Size=00005C  Align=00001  Fill=0000
/mnt/d/retro/cc65/lib/c128.lib(lneg.o):
    CODE              Offs=008143  Size=00001E  Align=00001  Fill=0000
/mnt/d/retro/cc65/lib/c128.lib(loadaddr.o):
    LOADADDR          Offs=000000  Size=000002  Align=00001  Fill=0000
/mnt/d/retro/cc65/lib/c128.lib(lpush.o):
    CODE              Offs=008161  Size=000021  Align=00001  Fill=0000
/mnt/d/retro/cc65/lib/c128.lib(ltoa.o):
    CODE              Offs=008182  Size=000095  Align=00001  Fill=0000
/mnt/d/retro/cc65/lib/c128.lib(ludiv.o):
    CODE              Offs=008217  Size=00007A  Align=00001  Fill=0000
/mnt/d/retro/cc65/lib/c128.lib(lugt.o):
    CODE              Offs=008291  Size=000006  Align=00001  Fill=0000
/mnt/d/retro/cc65/lib/c128.lib(lumod.o):
    CODE              Offs=008297  Size=000019  Align=00001  Fill=0000
/mnt/d/retro/cc65/lib/c128.lib(makebool.o):
    CODE              Offs=0082B0  Size=00002C  Align=00001  Fill=0000
/mnt/d/retro/cc65/lib/c128.lib(memcpy.o):
    CODE              Offs=0082DC  Size=00003C  Align=00001  Fill=0000
/mnt/d/retro/cc65/lib/c128.lib(mul.o):
    CODE              Offs=008318  Size=000045  Align=00001  Fill=0000
/mnt/d/retro/cc65/lib/c128.lib(mul8.o):
    CODE              Offs=00835D  Size=00003A  Align=00001  Fill=0000
/mnt/d/retro/cc65/lib/c128.lib(mulax10.o):
    CODE              Offs=008397  Size=000019  Align=00001  Fill=0000
/mnt/d/retro/cc65/lib/c128.lib(mulax3.o):
    CODE              Offs=0083B0  Size=000011  Align=00001  Fill=0000
/mnt/d/retro/cc65/lib/c128.lib(mulax7.o):
    CODE              Offs=0083C1  Size=000019  Align=00001  Fill=0000
/mnt/d/retro/cc65/lib/c128.lib(mulax9.o):
    CODE              Offs=0083DA  Size=000017  Align=00001  Fill=0000
/mnt/d/retro/cc65/lib/c128.lib(or.o):
    CODE              Offs=0083F1  Size=000012  Align=00001  Fill=0000
/mnt/d/retro/cc65/lib/c128.lib(oserror.o):
    CODE              Offs=008403  Size=000016  Align=00001  Fill=0000
    RODATA            Offs=0005A7  Size=00005A  Align=00001  Fill=0000
/mnt/d/retro/cc65/lib/c128.lib(popa.o):
    CODE              Offs=008419  Size=00000C  Align=00001  Fill=0000
/mnt/d/retro/cc65/lib/c128.lib(popptr1.o):
    CODE              Offs=008425  Size=00000E  Align=00001  Fill=0000
/mnt/d/retro/cc65/lib/c128.lib(printf.o):
    CODE              Offs=008433  Size=000033  Align=00001  Fill=0000
    BSS               Offs=00025A  Size=000001  Align=00001  Fill=0000
/mnt/d/retro/cc65/lib/c128.lib(push1.o):
    CODE              Offs=008466  Size=000005  Align=00001  Fill=0000
/mnt/d/retro/cc65/lib/c128.lib(pusha.o):
    CODE              Offs=00846B  Size=000016  Align=00001  Fill=0000
/mnt/d/retro/cc65/lib/c128.lib(pushax.o):
    CODE              Offs=008481  Size=00001A  Align=00001  Fill=0000
/mnt/d/retro/cc65/lib/c128.lib(pushw.o):
    CODE              Offs=00849B  Size=00000F  Align=00001  Fill=0000
/mnt/d/retro/cc65/lib/c128.lib(pushwsp.o):
    CODE              Offs=0084AA  Size=00001C  Align=00001  Fill=0000
/mnt/d/retro/cc65/lib/c128.lib(return0.o):
    CODE              Offs=0084C6  Size=000004  Align=00001  Fill=0000
/mnt/d/retro/cc65/lib/c128.lib(rwcommon.o):
    CODE              Offs=0084CA  Size=00001A  Align=00001  Fill=0000
/mnt/d/retro/cc65/lib/c128.lib(shl.o):
    CODE              Offs=0084E4  Size=000033  Align=00001  Fill=0000
/mnt/d/retro/cc65/lib/c128.lib(shrax3.o):
    CODE              Offs=008517  Size=00000E  Align=00001  Fill=0000
/mnt/d/retro/cc65/lib/c128.lib(sprintf.o):
    CODE              Offs=008525  Size=00002B  Align=00001  Fill=0000
    BSS               Offs=00025B  Size=000001  Align=00001  Fill=0000
/mnt/d/retro/cc65/lib/c128.lib(staspidx.o):
    CODE              Offs=008550  Size=000016  Align=00001  Fill=0000
/mnt/d/retro/cc65/lib/c128.lib(status.o):
/mnt/d/retro/cc65/lib/c128.lib(staxsp.o):
    CODE              Offs=008566  Size=00000B  Align=00001  Fill=0000
/mnt/d/retro/cc65/lib/c128.lib(steaxsp.o):
    CODE              Offs=008571  Size=000015  Align=00001  Fill=0000
/mnt/d/retro/cc65/lib/c128.lib(strlen.o):
    CODE              Offs=008586  Size=000016  Align=00001  Fill=0000
/mnt/d/retro/cc65/lib/c128.lib(strlower.o):
    CODE              Offs=00859C  Size=000027  Align=00001  Fill=0000
/mnt/d/retro/cc65/lib/c128.lib(strtol.o):
    CODE              Offs=0085C3  Size=000273  Align=00001  Fill=0000
/mnt/d/retro/cc65/lib/c128.lib(sub.o):
    CODE              Offs=008836  Size=000015  Align=00001  Fill=0000
/mnt/d/retro/cc65/lib/c128.lib(subeqsp.o):
    CODE              Offs=00884B  Size=000015  Align=00001  Fill=0000
/mnt/d/retro/cc65/lib/c128.lib(subysp.o):
    CODE              Offs=008860  Size=00000D  Align=00001  Fill=0000
/mnt/d/retro/cc65/lib/c128.lib(udiv.o):
    CODE              Offs=00886D  Size=00004F  Align=00001  Fill=0000
/mnt/d/retro/cc65/lib/c128.lib(vfprintf.o):
    CODE              Offs=0088BC  Size=000061  Align=00001  Fill=0000
    DATA              Offs=000242  Size=000008  Align=00001  Fill=0000
/mnt/d/retro/cc65/lib/c128.lib(videomode.o):
    CODE              Offs=00891D  Size=000013  Align=00001  Fill=0000
/mnt/d/retro/cc65/lib/c128.lib(vsnprintf.o):
    CODE              Offs=008930  Size=0000DA  Align=00001  Fill=0000
    DATA              Offs=00024A  Size=000008  Align=00001  Fill=0000
/mnt/d/retro/cc65/lib/c128.lib(vsprintf.o):
    CODE              Offs=008A0A  Size=000012  Align=00001  Fill=0000
/mnt/d/retro/cc65/lib/c128.lib(write.o):
    CODE              Offs=008A1C  Size=000054  Align=00001  Fill=0000
    ONCE              Offs=00002B  Size=000011  Align=00001  Fill=0000
/mnt/d/retro/cc65/lib/c128.lib(zerobss.o):
    CODE              Offs=008A70  Size=000023  Align=00001  Fill=0000
/mnt/d/retro/cc65/lib/c128.lib(zeropage.o):
    ZEROPAGE          Offs=000000  Size=00001A  Align=00001  Fill=0000


Segment list:
-------------
Name                   Start     End    Size  Align
----------------------------------------------------
ZEROPAGE              000002  00001B  00001A  00001
BOOTSECT              000B00  000BFF  000100  00100
MACO                  001300  00177E  00047F  00001
LOADADDR              001BFF  001C00  000002  00001
EXEHDR                001C01  001C0C  00000C  00001
STARTUP               001C0D  001C5D  000051  00001
ONCE                  001C5E  001C9F  000042  00001
CODE                  001CA0  00A732  008A93  00001
RODATA                00A733  00AD35  000603  00001
DATA                  00AD36  00AF87  000252  00001
INIT                  00AF88  00AFA4  00001D  00001
BSS                   00AFA5  00B200  00025C  00001


Exports list by name:
---------------------
BASIN                     00FFCF RLA    BSOUT                     00FFD2 RLA    
CHKIN                     00FFC6 RLA    CKOUT                     00FFC9 RLA    
CLOSE                     00FFC3 RLA    CLRCH                     00FFCC RLA    
CURS_X                    0000EC RLZ    CURS_Y                    0000EB RLZ    
LOAD                      00FFD5 RLA    OPEN                      00FFC0 RLA    
READST                    00FFB7 RLA    SAVE                      00FFD8 RLA    
SETLFS                    00FFBA RLA    SETNAM                    00FFBD RLA    
ST                        000090 RLZ    SWAPPER                   00FF5F RLA    
_BankMemCopy              009469 RLA    _BankMemCopy_core         0016EC RLA    
_BankMemSet               0094B8 RLA    _BankMemSet_core          00174D RLA    
_PEEKB                    009442 RLA    _PEEKB_core               0016D4 RLA    
_POKEB                    00941B RLA    _POKEB_core               0016BC RLA    
_SetLoadSaveBank          00940B RLA    _SetLoadSaveBank_core     0016B3 RLA    
_VDC_Attribute            008DDE RLA    _VDC_BackColor            008BF5 RLA    
_VDC_CopyCharsetsfromROM  0013F9 RLA    _VDC_CopyMemToVDC         008885 RLA    
_VDC_CopyMemToVDC_core    0014E0 RLA    _VDC_CopyVDCToMem         0088CF RLA    
_VDC_CopyVDCToMem_core    001523 RLA    _VDC_CopyViewPortToVDC    008EBD RLA    
_VDC_CopyViewPortToVDC_core 0015EB RLA    _VDC_DetectVDCMemSize     008794 RLA    
_VDC_DetectVDCMemSize_core 001396 RLA    _VDC_Exit                 008A4D RLA    
_VDC_FillArea             008950 RLA    _VDC_FillArea_core        0015D1 RLA    
_VDC_HChar                00880A RLA    _VDC_HChar_core           001444 RLA    
_VDC_Init                 008996 RLA    _VDC_LoadCharset          008CA4 RLA    
_VDC_LoadScreen           008D3D RLA    _VDC_MemCopy_core         0013FD RLA    
_VDC_Peek                 0087BA RLA    _VDC_Peek_core            00137E RLA    
_VDC_PetsciiToScreenCode  008A67 RLA    _VDC_PetsciiToScreenCodeRvs 008B09 RLA    
_VDC_Plot                 008E37 RLA    _VDC_Poke                 00879D RLA    
_VDC_Poke_core            001366 RLA    _VDC_PrintAt              008C20 RLA    
_VDC_ReadRegister_core    001352 RLA    _VDC_RedefineCharset      008918 RLA    
_VDC_RedefineCharset_core 001573 RLA    _VDC_ScrollCopy           008FB9 RLA    
_VDC_ScrollCopy_core      001654 RLA    _VDC_ScrollMove           00923D RLA    
_VDC_SetExtendedVDCMemSize 0013EE RLA    _VDC_VChar                008849 RLA    
_VDC_VChar_core           001496 RLA    _VDC_WriteRegister_core   00135C RLA    
_VDC_addrh                001302 RLA    _VDC_addrl                001303 RLA    
_VDC_desth                001304 RLA    _VDC_destl                001305 RLA    
_VDC_regadd               001300 RLA    _VDC_regval               001301 RLA    
_VDC_strideh              001306 RLA    _VDC_stridel              001307 RLA    
_VDC_tmp1                 001309 RLA    _VDC_tmp2                 00130A RLA    
_VDC_tmp3                 00130B RLA    _VDC_tmp4                 00130C RLA    
_VDC_value                001308 RLA    __BSS_RUN__               00AFA5 RLA    
__BSS_SIZE__              00025C REA    __CONSTRUCTOR_COUNT__     000003 REA    
__CONSTRUCTOR_TABLE__     001C9A RLA    __DESTRUCTOR_COUNT__      000001 REA    
__DESTRUCTOR_TABLE__      00AD34 RLA    __EXEHDR__                000001 REA    
__LOADADDR__              000001 REA    __MAIN_SIZE__             009BF3 REA    
__MAIN_START__            001C0D RLA    __STACKSIZE__             000800 REA    
__STARTUP__               000001 REA    __ctype                   00AC4F RLA    
__ctypeidx                00AC5A RLA    __directerrno             0094F5 RLA    
__errno                   00B1FB RLA    __hextab                  00AC33 RLA    
__longminstr              00AC43 RLA    __mappederrno             0094FF RLA    
__oserror                 00B1CD RLA    __osmaperrno              00A0A3 RLA    
__printf                  009602 RLA    __seterrno                0098B4 RLA    
_bgcolor                  009A89 RLA    _bootdevice               00AFA5 RLA    
_bordercolor              009AAF RLA    _cbm_close                009947 REA    
_cbm_k_close              009947 RLA    _cbm_k_load               00994B RLA    
_cbm_k_open               009968 RLA    _cbm_k_save               009971 RLA    
_cbm_k_setlfs             009987 RLA    _cbm_k_setnam             009995 RLA    
_cbm_open                 0099BF RLA    _cbm_read                 0099D5 RLA    
_cgetc                    009A30 RLA    _clrscr                   00C142 REA    
_cursor                   009B39 RLA    _exit                     001C42 RLA    
_fwrite                   009BB8 RLA    _getcurrentdevice         009B33 RLA    
_gotoxy                   009C36 RLA    _isdigit                  009CC2 RLA    
_islower                  009CCA RLA    _isprint                  009CD2 RLA    
_isspace                  009CDC RLA    _isupper                  009CE4 RLA    
_ltoa                     009E3A RLA    _main                     007D69 RLA    
_memcpy                   009F7C RLA    _printf                   00A0D3 RLA    
_set_c128_speed           0098BD RLA    _sprintf                  00A1C5 RLA    
_stdout                   00AF38 RLA    _strlen                   00A226 RLA    
_strlower                 00A23C RLA    _strtol                   00A263 RLA    
_textcolor                009A60 RLA    _ultoa                    009E7B RLA    
_vdctoconiocol            00AF0A RLA    _vfprintf                 00A594 RLA    
_videomode                00A5BD RLA    _vsprintf                 00A6AA RLA    
_write                    00A6BC RLA    addeq0sp                  0098E9 RLA    
addeqysp                  0098EB RLA    addysp                    0098FB RLA    
addysp1                   0098FA RLA    aslax1                    009908 RLA    
aslax2                    009910 RLA    aslax4                    009929 RLA    
aslaxy                    00A18B RLA    axlong                    00993A RLA    
axulong                   009940 RLA    booleq                    009F56 RLA    
boolugt                   009F75 RLA    callmain                  0099A8 RLA    
ctypemask                 009B15 RLA    ctypemaskdirect           009B19 RLA    
cursor                    00B1CC RLA    curunit                   00AFA4 RLA    
decax1                    009B43 RLA    decaxy                    009B4A RLA    
decsp1                    009B53 RLA    decsp2                    009B5C RLA    
decsp3                    009B69 RLA    decsp4                    009B76 RLA    
decsp5                    009B83 RLA    decsp6                    009B90 RLA    
decsp7                    009B9D RLA    devnum                    0000BA RLZ    
donecgetc                 009A51  LAI   donelib                   009AC0 RLA    
fdtab                     00AF68 RLA    getlop                    009EC8 RLA    
gotoxy                    009C33 RLA    incax1                    009C6E RLA    
incax2                    009C75 RLA    incax4                    009C7C RLA    
incaxy                    009C7E RLA    incsp1                    009C87 RLA    
incsp2                    009C96 RLA    incsp3                    009CA4 RLA    
incsp4                    009CA9 RLA    incsp5                    009CAE RLA    
incsp6                    009CB3 RLA    incsp7                    009CB8 RLA    
incsp8                    009CBD RLA    initcgetc                 001C5E  LAI   
initcurunit               001C7D  LAI   initlib                   001C71 RLA    
initstdout                001C89  LAI   ldax0sp                   009D59 RLA    
ldaxi                     009D4C RLA    ldaxysp                   009D5B RLA    
ldeaxysp                  009D64 RLA    leaa0sp                   009D75 RLA    
leaaxsp                   009D77 RLA    mul8x16                   009FFF RLA    
mul8x16a                  00A009 RLA    mulax10                   00A037 RLA    
mulax3                    00A050 RLA    mulax7                    00A061 RLA    
mulax9                    00A07A RLA    negeax                    009DE3 RLA    
plot                      009B0D RLA    popa                      00A0B9 RLA    
popax                     009C8E RLA    popptr1                   00A0C5 RLA    
ptr1                      00000A RLZ    ptr2                      00000C RLZ    
ptr3                      00000E RLZ    ptr4                      000010 RLZ    
push0                     00A121 RLA    push1                     00A106 RLA    
pusha                     00A10F RLA    pusha0                    00A123 RLA    
pushax                    00A125 RLA    pusheax                   009E0A RLA    
pushl0                    009E01 RLA    pushw                     00A13B RLA    
pushw0sp                  00A14A RLA    pushwysp                  00A14C RLA    
regbank                   000016 RLZ    return0                   00A166 RLA    
rwcommon                  00A16A RLA    shlax1                    009908 RLA    
shlax2                    009910 RLA    shlax3                    00991B RLA    
shlax4                    009929 RLA    shrax3                    00A1B7 RLA    
sp                        000002 RLZ    sreg                      000004 RLZ    
staspidx                  00A1F0 RLA    stax0sp                   00A206 RLA    
staxysp                   00A208 RLA    steaxysp                  00A213 RLA    
subeq0sp                  00A4EB RLA    subeqysp                  00A4ED RLA    
subysp                    00A500 RLA    tmp1                      000012 RLZ    
tmp2                      000013 RLZ    tmp3                      000014 RLZ    
tmp4                      000015 RLZ    tosaddax                  0098CF RLA    
tosaddeax                 009CF2 RLA    toseqeax                  009D81 RLA    
tosicmp                   009C42 RLA    tosicmp0                  009C40 RLA    
toslcmp                   009D11 RLA    tosmula0                  009FFD RLA    
tosmulax                  009FB8 RLA    tosorax                   00A093 RLA    
tossubax                  00A4D8 RLA    tosudivax                 00A50F RLA    
tosudiveax                009EBD RLA    tosugteax                 009F31 RLA    
tosumodeax                009F3D RLA    tosumula0                 009FFD RLA    
tosumulax                 009FB8 RLA    tosumuleax                009D8D RLA    
udiv32                    009EEC RLA    vsnprintf                 00A5D3 RLA    
zerobss                   00A710 RLA    


Exports list by value:
----------------------
__DESTRUCTOR_COUNT__      000001 REA    __EXEHDR__                000001 REA    
__LOADADDR__              000001 REA    __STARTUP__               000001 REA    
sp                        000002 RLZ    __CONSTRUCTOR_COUNT__     000003 REA    
sreg                      000004 RLZ    ptr1                      00000A RLZ    
ptr2                      00000C RLZ    ptr3                      00000E RLZ    
ptr4                      000010 RLZ    tmp1                      000012 RLZ    
tmp2                      000013 RLZ    tmp3                      000014 RLZ    
tmp4                      000015 RLZ    regbank                   000016 RLZ    
ST                        000090 RLZ    devnum                    0000BA RLZ    
CURS_Y                    0000EB RLZ    CURS_X                    0000EC RLZ    
__BSS_SIZE__              00025C REA    __STACKSIZE__             000800 REA    
_VDC_regadd               001300 RLA    _VDC_regval               001301 RLA    
_VDC_addrh                001302 RLA    _VDC_addrl                001303 RLA    
_VDC_desth                001304 RLA    _VDC_destl                001305 RLA    
_VDC_strideh              001306 RLA    _VDC_stridel              001307 RLA    
_VDC_value                001308 RLA    _VDC_tmp1                 001309 RLA    
_VDC_tmp2                 00130A RLA    _VDC_tmp3                 00130B RLA    
_VDC_tmp4                 00130C RLA    _VDC_ReadRegister_core    001352 RLA    
_VDC_WriteRegister_core   00135C RLA    _VDC_Poke_core            001366 RLA    
_VDC_Peek_core            00137E RLA    _VDC_DetectVDCMemSize_core 001396 RLA    
_VDC_SetExtendedVDCMemSize 0013EE RLA    _VDC_CopyCharsetsfromROM  0013F9 RLA    
_VDC_MemCopy_core         0013FD RLA    _VDC_HChar_core           001444 RLA    
_VDC_VChar_core           001496 RLA    _VDC_CopyMemToVDC_core    0014E0 RLA    
_VDC_CopyVDCToMem_core    001523 RLA    _VDC_RedefineCharset_core 001573 RLA    
_VDC_FillArea_core        0015D1 RLA    _VDC_CopyViewPortToVDC_core 0015EB RLA    
_VDC_ScrollCopy_core      001654 RLA    _SetLoadSaveBank_core     0016B3 RLA    
_POKEB_core               0016BC RLA    _PEEKB_core               0016D4 RLA    
_BankMemCopy_core         0016EC RLA    _BankMemSet_core          00174D RLA    
__MAIN_START__            001C0D RLA    _exit                     001C42 RLA    
initcgetc                 001C5E  LAI   initlib                   001C71 RLA    
initcurunit               001C7D  LAI   initstdout                001C89  LAI   
__CONSTRUCTOR_TABLE__     001C9A RLA    _main                     007D69 RLA    
_VDC_DetectVDCMemSize     008794 RLA    _VDC_Poke                 00879D RLA    
_VDC_Peek                 0087BA RLA    _VDC_HChar                00880A RLA    
_VDC_VChar                008849 RLA    _VDC_CopyMemToVDC         008885 RLA    
_VDC_CopyVDCToMem         0088CF RLA    _VDC_RedefineCharset      008918 RLA    
_VDC_FillArea             008950 RLA    _VDC_Init                 008996 RLA    
_VDC_Exit                 008A4D RLA    _VDC_PetsciiToScreenCode  008A67 RLA    
_VDC_PetsciiToScreenCodeRvs 008B09 RLA    _VDC_BackColor            008BF5 RLA    
_VDC_PrintAt              008C20 RLA    _VDC_LoadCharset          008CA4 RLA    
_VDC_LoadScreen           008D3D RLA    _VDC_Attribute            008DDE RLA    
_VDC_Plot                 008E37 RLA    _VDC_CopyViewPortToVDC    008EBD RLA    
_VDC_ScrollCopy           008FB9 RLA    _VDC_ScrollMove           00923D RLA    
_SetLoadSaveBank          00940B RLA    _POKEB                    00941B RLA    
_PEEKB                    009442 RLA    _BankMemCopy              009469 RLA    
_BankMemSet               0094B8 RLA    __directerrno             0094F5 RLA    
__mappederrno             0094FF RLA    __printf                  009602 RLA    
__seterrno                0098B4 RLA    _set_c128_speed           0098BD RLA    
tosaddax                  0098CF RLA    addeq0sp                  0098E9 RLA    
addeqysp                  0098EB RLA    addysp1                   0098FA RLA    
addysp                    0098FB RLA    aslax1                    009908 RLA    
shlax1                    009908 RLA    aslax2                    009910 RLA    
shlax2                    009910 RLA    shlax3                    00991B RLA    
aslax4                    009929 RLA    shlax4                    009929 RLA    
axlong                    00993A RLA    axulong                   009940 RLA    
_cbm_close                009947 REA    _cbm_k_close              009947 RLA    
_cbm_k_load               00994B RLA    _cbm_k_open               009968 RLA    
_cbm_k_save               009971 RLA    _cbm_k_setlfs             009987 RLA    
_cbm_k_setnam             009995 RLA    callmain                  0099A8 RLA    
_cbm_open                 0099BF RLA    _cbm_read                 0099D5 RLA    
_cgetc                    009A30 RLA    donecgetc                 009A51  LAI   
_textcolor                009A60 RLA    _bgcolor                  009A89 RLA    
_bordercolor              009AAF RLA    donelib                   009AC0 RLA    
plot                      009B0D RLA    ctypemask                 009B15 RLA    
ctypemaskdirect           009B19 RLA    _getcurrentdevice         009B33 RLA    
_cursor                   009B39 RLA    decax1                    009B43 RLA    
decaxy                    009B4A RLA    decsp1                    009B53 RLA    
decsp2                    009B5C RLA    decsp3                    009B69 RLA    
decsp4                    009B76 RLA    decsp5                    009B83 RLA    
decsp6                    009B90 RLA    decsp7                    009B9D RLA    
_fwrite                   009BB8 RLA    __MAIN_SIZE__             009BF3 REA    
gotoxy                    009C33 RLA    _gotoxy                   009C36 RLA    
tosicmp0                  009C40 RLA    tosicmp                   009C42 RLA    
incax1                    009C6E RLA    incax2                    009C75 RLA    
incax4                    009C7C RLA    incaxy                    009C7E RLA    
incsp1                    009C87 RLA    popax                     009C8E RLA    
incsp2                    009C96 RLA    incsp3                    009CA4 RLA    
incsp4                    009CA9 RLA    incsp5                    009CAE RLA    
incsp6                    009CB3 RLA    incsp7                    009CB8 RLA    
incsp8                    009CBD RLA    _isdigit                  009CC2 RLA    
_islower                  009CCA RLA    _isprint                  009CD2 RLA    
_isspace                  009CDC RLA    _isupper                  009CE4 RLA    
tosaddeax                 009CF2 RLA    toslcmp                   009D11 RLA    
ldaxi                     009D4C RLA    ldax0sp                   009D59 RLA    
ldaxysp                   009D5B RLA    ldeaxysp                  009D64 RLA    
leaa0sp                   009D75 RLA    leaaxsp                   009D77 RLA    
toseqeax                  009D81 RLA    tosumuleax                009D8D RLA    
negeax                    009DE3 RLA    pushl0                    009E01 RLA    
pusheax                   009E0A RLA    _ltoa                     009E3A RLA    
_ultoa                    009E7B RLA    tosudiveax                009EBD RLA    
getlop                    009EC8 RLA    udiv32                    009EEC RLA    
tosugteax                 009F31 RLA    tosumodeax                009F3D RLA    
booleq                    009F56 RLA    boolugt                   009F75 RLA    
_memcpy                   009F7C RLA    tosmulax                  009FB8 RLA    
tosumulax                 009FB8 RLA    tosmula0                  009FFD RLA    
tosumula0                 009FFD RLA    mul8x16                   009FFF RLA    
mul8x16a                  00A009 RLA    mulax10                   00A037 RLA    
mulax3                    00A050 RLA    mulax7                    00A061 RLA    
mulax9                    00A07A RLA    tosorax                   00A093 RLA    
__osmaperrno              00A0A3 RLA    popa                      00A0B9 RLA    
popptr1                   00A0C5 RLA    _printf                   00A0D3 RLA    
push1                     00A106 RLA    pusha                     00A10F RLA    
push0                     00A121 RLA    pusha0                    00A123 RLA    
pushax                    00A125 RLA    pushw                     00A13B RLA    
pushw0sp                  00A14A RLA    pushwysp                  00A14C RLA    
return0                   00A166 RLA    rwcommon                  00A16A RLA    
aslaxy                    00A18B RLA    shrax3                    00A1B7 RLA    
_sprintf                  00A1C5 RLA    staspidx                  00A1F0 RLA    
stax0sp                   00A206 RLA    staxysp                   00A208 RLA    
steaxysp                  00A213 RLA    _strlen                   00A226 RLA    
_strlower                 00A23C RLA    _strtol                   00A263 RLA    
tossubax                  00A4D8 RLA    subeq0sp                  00A4EB RLA    
subeqysp                  00A4ED RLA    subysp                    00A500 RLA    
tosudivax                 00A50F RLA    _vfprintf                 00A594 RLA    
_videomode                00A5BD RLA    vsnprintf                 00A5D3 RLA    
_vsprintf                 00A6AA RLA    _write                    00A6BC RLA    
zerobss                   00A710 RLA    __hextab                  00AC33 RLA    
__longminstr              00AC43 RLA    __ctype                   00AC4F RLA    
__ctypeidx                00AC5A RLA    __DESTRUCTOR_TABLE__      00AD34 RLA    
_vdctoconiocol            00AF0A RLA    _stdout                   00AF38 RLA    
fdtab                     00AF68 RLA    curunit                   00AFA4 RLA    
__BSS_RUN__               00AFA5 RLA    _bootdevice               00AFA5 RLA    
cursor                    00B1CC RLA    __oserror                 00B1CD RLA    
__errno                   00B1FB RLA    _clrscr                   00C142 REA    
SWAPPER                   00FF5F RLA    READST                    00FFB7 RLA    
SETLFS                    00FFBA RLA    SETNAM                    00FFBD RLA    
OPEN                      00FFC0 RLA    CLOSE                     00FFC3 RLA    
CHKIN                     00FFC6 RLA    CKOUT                     00FFC9 RLA    
CLRCH                     00FFCC RLA    BASIN                     00FFCF RLA    
BSOUT                     00FFD2 RLA    LOAD                      00FFD5 RLA    
SAVE                      00FFD8 RLA    


Imports list:
-------------
BASIN (kernal.o):
    cbm_read.o                cbm/cbm.inc:47
BSOUT (kernal.o):
    write.o                   cbm/cbm.inc:49
    videomode.o               c128/videomode.s:9
    crt0.o                    c128/crt0.s:10
CHKIN (kernal.o):
    cbm_read.o                cbm/cbm.inc:44
CKOUT (kernal.o):
    write.o                   cbm/cbm.inc:45
CLOSE (kernal.o):
    c_close.o                 cbm/cbm.inc:36
CLRCH (kernal.o):
    write.o                   cbm/cbm.inc:46
    cbm_read.o                cbm/cbm.inc:46
CURS_X (conio.o):
    gotoxy.o                  cbm/gotoxy.s:9
CURS_Y (conio.o):
    gotoxy.o                  cbm/gotoxy.s:9
LOAD (kernal.o):
    c_load.o                  cbm/cbm.inc:37
OPEN (kernal.o):
    write.o                   cbm/cbm.inc:35
    c_open.o                  cbm/cbm.inc:35
READST (kernal.o):
    write.o                   cbm/cbm.inc:32
    cbm_read.o                cbm/cbm.inc:32
SAVE (kernal.o):
    c_save.o                  cbm/cbm.inc:38
SETLFS (kernal.o):
    write.o                   cbm/cbm.inc:33
    c_setlfs.o                cbm/cbm.inc:33
SETNAM (kernal.o):
    c_setnam.o                cbm/cbm.inc:34
ST (status.o):
    crt0.o                    c128/crt0.s:12
SWAPPER (kernal.o):
    videomode.o               c128/videomode.s:9
_BankMemCopy (vdc_core.o):
    main.o                    src/main.s:61
_BankMemCopy_core (vdc_core_assembly.o):
    vdc_core.o                src/vdc_core.s:61
_BankMemSet (vdc_core.o):
    main.o                    src/main.s:62
_BankMemSet_core (vdc_core_assembly.o):
    vdc_core.o                src/vdc_core.s:62
_PEEKB (vdc_core.o):
    main.o                    src/main.s:60
_PEEKB_core (vdc_core_assembly.o):
    vdc_core.o                src/vdc_core.s:60
_POKEB (vdc_core.o):
    main.o                    src/main.s:59
_POKEB_core (vdc_core_assembly.o):
    vdc_core.o                src/vdc_core.s:59
_SetLoadSaveBank (vdc_core.o):
    main.o                    src/main.s:58
_SetLoadSaveBank_core (vdc_core_assembly.o):
    vdc_core.o                src/vdc_core.s:58
_VDC_Attribute (vdc_core.o):
    main.o                    src/main.s:53
_VDC_BackColor (vdc_core.o):
    main.o                    src/main.s:49
_VDC_CopyCharsetsfromROM (vdc_core_assembly.o):
    main.o                    src/main.s:35
_VDC_CopyMemToVDC (vdc_core.o):
    main.o                    src/main.s:41
_VDC_CopyMemToVDC_core (vdc_core_assembly.o):
    vdc_core.o                src/vdc_core.s:52
_VDC_CopyVDCToMem (vdc_core.o):
    main.o                    src/main.s:42
_VDC_CopyVDCToMem_core (vdc_core_assembly.o):
    vdc_core.o                src/vdc_core.s:53
_VDC_CopyViewPortToVDC (vdc_core.o):
    main.o                    src/main.s:55
_VDC_CopyViewPortToVDC_core (vdc_core_assembly.o):
    vdc_core.o                src/vdc_core.s:56
_VDC_DetectVDCMemSize (vdc_core.o):
    main.o                    src/main.s:36
_VDC_DetectVDCMemSize_core (vdc_core_assembly.o):
    vdc_core.o                src/vdc_core.s:48
_VDC_Exit (vdc_core.o):
    main.o                    src/main.s:46
_VDC_FillArea (vdc_core.o):
    main.o                    src/main.s:44
_VDC_FillArea_core (vdc_core_assembly.o):
    vdc_core.o                src/vdc_core.s:55
_VDC_HChar (vdc_core.o):
    main.o                    src/main.s:39
_VDC_HChar_core (vdc_core_assembly.o):
    vdc_core.o                src/vdc_core.s:50
_VDC_Init (vdc_core.o):
    main.o                    src/main.s:45
_VDC_LoadCharset (vdc_core.o):
    main.o                    src/main.s:51
_VDC_LoadScreen (vdc_core.o):
    main.o                    src/main.s:52
_VDC_MemCopy_core (vdc_core_assembly.o):
    vdc_core.o                src/vdc_core.s:49
_VDC_Peek (vdc_core.o):
    main.o                    src/main.s:38
_VDC_Peek_core (vdc_core_assembly.o):
    vdc_core.o                src/vdc_core.s:47
_VDC_PetsciiToScreenCode (vdc_core.o):
    main.o                    src/main.s:47
_VDC_PetsciiToScreenCodeRvs (vdc_core.o):
    main.o                    src/main.s:48
_VDC_Plot (vdc_core.o):
    main.o                    src/main.s:54
_VDC_Poke (vdc_core.o):
    main.o                    src/main.s:37
_VDC_Poke_core (vdc_core_assembly.o):
    vdc_core.o                src/vdc_core.s:46
_VDC_PrintAt (vdc_core.o):
    main.o                    src/main.s:50
_VDC_ReadRegister_core (vdc_core_assembly.o):
    vdc_core.o                src/vdc_core.s:44
_VDC_RedefineCharset (vdc_core.o):
    main.o                    src/main.s:43
_VDC_RedefineCharset_core (vdc_core_assembly.o):
    vdc_core.o                src/vdc_core.s:54
_VDC_ScrollCopy (vdc_core.o):
    main.o                    src/main.s:56
_VDC_ScrollCopy_core (vdc_core_assembly.o):
    vdc_core.o                src/vdc_core.s:57
_VDC_ScrollMove (vdc_core.o):
    main.o                    src/main.s:57
_VDC_SetExtendedVDCMemSize (vdc_core_assembly.o):
    main.o                    src/main.s:34
_VDC_VChar (vdc_core.o):
    main.o                    src/main.s:40
_VDC_VChar_core (vdc_core_assembly.o):
    vdc_core.o                src/vdc_core.s:51
_VDC_WriteRegister_core (vdc_core_assembly.o):
    vdc_core.o                src/vdc_core.s:45
_VDC_addrh (vdc_core_assembly.o):
    vdc_core.o                src/vdc_core.s:33
_VDC_addrl (vdc_core_assembly.o):
    vdc_core.o                src/vdc_core.s:34
_VDC_desth (vdc_core_assembly.o):
    vdc_core.o                src/vdc_core.s:35
_VDC_destl (vdc_core_assembly.o):
    vdc_core.o                src/vdc_core.s:36
_VDC_regadd (vdc_core_assembly.o):
    vdc_core.o                src/vdc_core.s:31
_VDC_regval (vdc_core_assembly.o):
    vdc_core.o                src/vdc_core.s:32
_VDC_strideh (vdc_core_assembly.o):
    vdc_core.o                src/vdc_core.s:37
_VDC_stridel (vdc_core_assembly.o):
    vdc_core.o                src/vdc_core.s:38
_VDC_tmp1 (vdc_core_assembly.o):
    vdc_core.o                src/vdc_core.s:40
_VDC_tmp2 (vdc_core_assembly.o):
    vdc_core.o                src/vdc_core.s:41
_VDC_tmp3 (vdc_core_assembly.o):
    vdc_core.o                src/vdc_core.s:42
_VDC_tmp4 (vdc_core_assembly.o):
    vdc_core.o                src/vdc_core.s:43
_VDC_value (vdc_core_assembly.o):
    vdc_core.o                src/vdc_core.s:39
__BSS_RUN__ ([linker generated]):
    zerobss.o                 common/zerobss.s:8
__BSS_SIZE__ ([linker generated]):
    zerobss.o                 common/zerobss.s:8
__CONSTRUCTOR_COUNT__ ([linker generated]):
    condes.o                  runtime/condes.s:18
__CONSTRUCTOR_TABLE__ ([linker generated]):
    condes.o                  runtime/condes.s:18
__DESTRUCTOR_COUNT__ ([linker generated]):
    condes.o                  runtime/condes.s:19
__DESTRUCTOR_TABLE__ ([linker generated]):
    condes.o                  runtime/condes.s:19
__EXEHDR__ (exehdr.o):
    [linker generated]        vdcse-cc65config.cfg:3
__LOADADDR__ (loadaddr.o):
    [linker generated]        vdcse-cc65config.cfg:2
__MAIN_SIZE__ ([linker generated]):
    crt0.o                    c128/crt0.s:11
__MAIN_START__ ([linker generated]):
    crt0.o                    c128/crt0.s:11
__STACKSIZE__ ([linker generated]):
    crt0.o                    c128/crt0.s:11
    [linker generated]        vdcse-cc65config.cfg:10
__STARTUP__ (crt0.o):
    main.o                    src/main.s:13
__ctype (ctype.o):
    ctypemask.o               common/ctypemask.s:23
__ctypeidx (ctype.o):
    ctypemask.o               common/ctypemask.s:24
__directerrno (_directerrno.o):
    write.o                   /mnt/d/retro/cc65/asminc/errno.inc:10
    vsnprintf.o               /mnt/d/retro/cc65/asminc/errno.inc:10
__errno (errno.o):
    _seterrno.o               /mnt/d/retro/cc65/asminc/errno.inc:7
__hextab (_hextab.o):
    ltoa.o                    common/ltoa.s:10
__longminstr (_longminstr.o):
    ltoa.o                    common/ltoa.s:10
__mappederrno (_mappederrno.o):
    write.o                   /mnt/d/retro/cc65/asminc/errno.inc:10
__oserror (_oserror.o):
    _mappederrno.o            /mnt/d/retro/cc65/asminc/errno.inc:7
    _directerrno.o            /mnt/d/retro/cc65/asminc/errno.inc:7
    write.o                   /mnt/d/retro/cc65/asminc/errno.inc:7
    cbm_read.o                cbm/cbm_read.s:44
    cbm_open.o                cbm/cbm_open.s:24
    c_load.o                  cbm/c_load.s:10
    main.o                    src/main.s:30
__osmaperrno (oserror.o):
    _mappederrno.o            /mnt/d/retro/cc65/asminc/errno.inc:8
__printf (_printf.o):
    vsnprintf.o               common/vsnprintf.s:10
    vfprintf.o                common/vfprintf.s:10
__seterrno (_seterrno.o):
    _mappederrno.o            /mnt/d/retro/cc65/asminc/errno.inc:9
    _directerrno.o            /mnt/d/retro/cc65/asminc/errno.inc:9
    fwrite.o                  /mnt/d/retro/cc65/asminc/errno.inc:9
    strtol.o                  ../libwrk/c128/strtol.s:17
_bgcolor (color.o):
    vdc_core.o                src/vdc_core.s:24
_bootdevice (main.o):
    vdc_core.o                src/vdc_core.s:28
_bordercolor (color.o):
    vdc_core.o                src/vdc_core.s:25
_cbm_close (cbm_close.o):
    vdc_core.o                src/vdc_core.s:20
    main.o                    src/main.s:22
_cbm_k_close (c_close.o):
    cbm_close.o               cbm/cbm_close.s:7
_cbm_k_load (c_load.o):
    vdc_core.o                src/vdc_core.s:15
    main.o                    src/main.s:17
_cbm_k_open (c_open.o):
    cbm_open.o                cbm/cbm_open.s:23
_cbm_k_save (c_save.o):
    vdc_core.o                src/vdc_core.s:16
    main.o                    src/main.s:18
_cbm_k_setlfs (c_setlfs.o):
    cbm_open.o                cbm/cbm_open.s:23
    vdc_core.o                src/vdc_core.s:17
    main.o                    src/main.s:19
_cbm_k_setnam (c_setnam.o):
    cbm_open.o                cbm/cbm_open.s:23
    vdc_core.o                src/vdc_core.s:18
    main.o                    src/main.s:20
_cbm_open (cbm_open.o):
    vdc_core.o                src/vdc_core.s:19
    main.o                    src/main.s:21
_cbm_read (cbm_read.o):
    vdc_core.o                src/vdc_core.s:21
    main.o                    src/main.s:23
_cgetc (cgetc.o):
    main.o                    src/main.s:26
_clrscr (clrscr.o):
    vdc_core.o                src/vdc_core.s:22
    main.o                    src/main.s:24
_cursor (cursor.o):
    main.o                    src/main.s:27
_exit (crt0.o):
    vdc_core.o                src/vdc_core.s:26
_fwrite (fwrite.o):
    vfprintf.o                common/vfprintf.s:10
_getcurrentdevice (curdevice.o):
    main.o                    src/main.s:32
_gotoxy (gotoxy.o):
    main.o                    src/main.s:25
_isdigit (isdigit.o):
    strtol.o                  ../libwrk/c128/strtol.s:13
_islower (islower.o):
    strtol.o                  ../libwrk/c128/strtol.s:14
_isprint (isprint.o):
    main.o                    src/main.s:31
_isspace (isspace.o):
    strtol.o                  ../libwrk/c128/strtol.s:15
_isupper (isupper.o):
    strtol.o                  ../libwrk/c128/strtol.s:16
_ltoa (ltoa.o):
    _printf.o                 common/_printf.s:12
_main (main.o):
    callmain.o                runtime/callmain.s:11
_memcpy (memcpy.o):
    vsnprintf.o               common/vsnprintf.s:10
_printf (printf.o):
    vdc_core.o                src/vdc_core.s:13
_set_c128_speed (acc_c128_speed.o):
    vdc_core.o                src/vdc_core.s:27
_sprintf (sprintf.o):
    main.o                    src/main.s:14
_stdout (_file.o):
    printf.o                  common/printf.s:8
_strlen (strlen.o):
    _printf.o                 common/_printf.s:13
    main.o                    src/main.s:16
_strlower (strlower.o):
    _printf.o                 common/_printf.s:13
_strtol (strtol.o):
    main.o                    src/main.s:29
_textcolor (color.o):
    vdc_core.o                src/vdc_core.s:23
    main.o                    src/main.s:28
_ultoa (ltoa.o):
    _printf.o                 common/_printf.s:12
_vdctoconiocol (vdc_core.o):
    main.o                    src/main.s:33
_vfprintf (vfprintf.o):
    printf.o                  common/printf.s:8
_videomode (videomode.o):
    vdc_core.o                src/vdc_core.s:14
_vsprintf (vsprintf.o):
    sprintf.o                 common/sprintf.s:8
_write (write.o):
    fwrite.o                  common/fwrite.s:10
addeq0sp (addeqsp.o):
    vdc_core.o                src/vdc_core.s:2155
    vdc_core.o                src/vdc_core.s:2155
    vdc_core.o                src/vdc_core.s:2155
    vdc_core.o                src/vdc_core.s:2155
    main.o                    src/main.s:12879
    main.o                    src/main.s:12879
addeqysp (addeqsp.o):
    strtol.o                  ../libwrk/c128/strtol.s:320
    vdc_core.o                src/vdc_core.s:2155
    vdc_core.o                src/vdc_core.s:2155
    vdc_core.o                src/vdc_core.s:2155
    main.o                    src/main.s:12879
addysp (addysp.o):
    fwrite.o                  common/fwrite.s:11
    strtol.o                  ../libwrk/c128/strtol.s:320
    sprintf.o                 common/sprintf.s:8
    printf.o                  common/printf.s:8
    incsp8.o                  runtime/incsp8.s:8
    incsp7.o                  runtime/incsp7.s:8
    incsp6.o                  runtime/incsp6.s:8
    incsp5.o                  runtime/incsp5.s:8
    incsp4.o                  runtime/incsp4.s:8
    incsp3.o                  runtime/incsp3.s:8
    vdc_core.o                src/vdc_core.s:2155
    vdc_core.o                src/vdc_core.s:2155
    vdc_core.o                src/vdc_core.s:2155
    vdc_core.o                src/vdc_core.s:2155
    main.o                    src/main.s:12879
    main.o                    src/main.s:12879
    main.o                    src/main.s:12879
    main.o                    src/main.s:12879
    main.o                    src/main.s:12879
    main.o                    src/main.s:12879
    main.o                    src/main.s:12879
    main.o                    src/main.s:12879
addysp1 (addysp.o):
    ludiv.o                   runtime/ludiv.s:9
    lmul.o                    runtime/lmul.s:9
    ladd.o                    runtime/ladd.s:8
    sub.o                     runtime/sub.s:8
    or.o                      runtime/or.s:9
aslax1 (aslax1.o):
    main.o                    src/main.s:12879
    main.o                    src/main.s:12879
    main.o                    src/main.s:12879
    main.o                    src/main.s:12879
aslax2 (aslax2.o):
    main.o                    src/main.s:12879
    main.o                    src/main.s:12879
    main.o                    src/main.s:12879
    main.o                    src/main.s:12879
aslax4 (aslax4.o):
    main.o                    src/main.s:12879
    main.o                    src/main.s:12879
aslaxy (shl.o):
    main.o                    src/main.s:12879
    main.o                    src/main.s:12879
axlong (axlong.o):
    _printf.o                 common/_printf.s:11
    strtol.o                  ../libwrk/c128/strtol.s:320
axulong (axlong.o):
    _printf.o                 common/_printf.s:11
    strtol.o                  ../libwrk/c128/strtol.s:320
booleq (makebool.o):
    leq.o                     runtime/leq.s:8
    main.o                    src/main.s:12879
boolugt (makebool.o):
    lugt.o                    runtime/lugt.s:8
callmain (callmain.o):
    crt0.o                    c128/crt0.s:9
ctypemask (ctypemask.o):
    isupper.o                 common/isupper.s:15
    isspace.o                 common/isspace.s:15
    islower.o                 common/islower.s:15
    isdigit.o                 common/isdigit.s:15
    isprint.o                 common/isprint.s:15
ctypemaskdirect (ctypemask.o):
    strlower.o                common/strlower.s:14
cursor (_cursor.o):
    cursor.o                  conio/cursor.s:8
    cgetc.o                   c128/cgetc.s:11
curunit (filevars.o):
    curdevice.o               cbm/curdevice.s:8
decax1 (decax1.o):
    main.o                    src/main.s:12879
    main.o                    src/main.s:12879
    main.o                    src/main.s:12879
    main.o                    src/main.s:12879
    main.o                    src/main.s:12879
    main.o                    src/main.s:12879
    main.o                    src/main.s:12879
    main.o                    src/main.s:12879
    main.o                    src/main.s:12879
decaxy (decaxy.o):
    strtol.o                  ../libwrk/c128/strtol.s:320
    vdc_core.o                src/vdc_core.s:2155
    vdc_core.o                src/vdc_core.s:2155
    main.o                    src/main.s:12879
    main.o                    src/main.s:12879
    main.o                    src/main.s:12879
    main.o                    src/main.s:12879
    main.o                    src/main.s:12879
    main.o                    src/main.s:12879
decsp1 (decsp1.o):
    vdc_core.o                src/vdc_core.s:2155
    vdc_core.o                src/vdc_core.s:2155
    main.o                    src/main.s:12879
    main.o                    src/main.s:12879
    main.o                    src/main.s:12879
    main.o                    src/main.s:12879
    main.o                    src/main.s:12879
    main.o                    src/main.s:12879
    main.o                    src/main.s:12879
    main.o                    src/main.s:12879
    main.o                    src/main.s:12879
decsp2 (decsp2.o):
    vdc_core.o                src/vdc_core.s:2155
    vdc_core.o                src/vdc_core.s:2155
    main.o                    src/main.s:12879
    main.o                    src/main.s:12879
    main.o                    src/main.s:12879
    main.o                    src/main.s:12879
    main.o                    src/main.s:12879
    main.o                    src/main.s:12879
    main.o                    src/main.s:12879
    main.o                    src/main.s:12879
    main.o                    src/main.s:12879
    main.o                    src/main.s:12879
    main.o                    src/main.s:12879
    main.o                    src/main.s:12879
decsp3 (decsp3.o):
    vdc_core.o                src/vdc_core.s:2155
    main.o                    src/main.s:12879
    main.o                    src/main.s:12879
    main.o                    src/main.s:12879
    main.o                    src/main.s:12879
decsp4 (decsp4.o):
    lpush.o                   runtime/lpush.s:12
    sprintf.o                 common/sprintf.s:8
    vdc_core.o                src/vdc_core.s:2155
    main.o                    src/main.s:12879
    main.o                    src/main.s:12879
decsp5 (decsp5.o):
    main.o                    src/main.s:12879
    main.o                    src/main.s:12879
    main.o                    src/main.s:12879
    main.o                    src/main.s:12879
decsp6 (decsp6.o):
    _printf.o                 common/_printf.s:11
    strtol.o                  ../libwrk/c128/strtol.s:320
    main.o                    src/main.s:12879
decsp7 (decsp7.o):
    main.o                    src/main.s:12879
devnum (devnum.o):
    filevars.o                cbm/filevars.s:9
donelib (condes.o):
    crt0.o                    c128/crt0.s:7
fdtab (filedes.o):
    write.o                   cbm/filedes.inc:7
getlop (ludiv.o):
    lumod.o                   runtime/lumod.s:9
gotoxy (gotoxy.o):
    cputc.o                   c128/cputc.s:11
incax1 (incax1.o):
    strtol.o                  ../libwrk/c128/strtol.s:320
    vdc_core.o                src/vdc_core.s:2155
    main.o                    src/main.s:12879
    main.o                    src/main.s:12879
    main.o                    src/main.s:12879
    main.o                    src/main.s:12879
    main.o                    src/main.s:12879
incax2 (incax2.o):
    vdc_core.o                src/vdc_core.s:2155
    main.o                    src/main.s:12879
incax4 (incaxy.o):
    main.o                    src/main.s:12879
incaxy (incaxy.o):
    vdc_core.o                src/vdc_core.s:2155
    vdc_core.o                src/vdc_core.s:2155
    vdc_core.o                src/vdc_core.s:2155
    main.o                    src/main.s:12879
    main.o                    src/main.s:12879
    main.o                    src/main.s:12879
    main.o                    src/main.s:12879
    main.o                    src/main.s:12879
    main.o                    src/main.s:12879
    main.o                    src/main.s:12879
    main.o                    src/main.s:12879
    main.o                    src/main.s:12879
    main.o                    src/main.s:12879
    main.o                    src/main.s:12879
    main.o                    src/main.s:12879
    main.o                    src/main.s:12879
    main.o                    src/main.s:12879
    main.o                    src/main.s:12879
incsp1 (incsp1.o):
    vdc_core.o                src/vdc_core.s:2155
    vdc_core.o                src/vdc_core.s:2155
    vdc_core.o                src/vdc_core.s:2155
    vdc_core.o                src/vdc_core.s:2155
    main.o                    src/main.s:12879
    main.o                    src/main.s:12879
    main.o                    src/main.s:12879
    main.o                    src/main.s:12879
    main.o                    src/main.s:12879
    main.o                    src/main.s:12879
    main.o                    src/main.s:12879
incsp2 (incsp2.o):
    vsnprintf.o               common/vsnprintf.s:9
    staspidx.o                runtime/staspidx.s:8
    popptr1.o                 runtime/popptr1.s:8
    vdc_core.o                src/vdc_core.s:2155
    vdc_core.o                src/vdc_core.s:2155
    vdc_core.o                src/vdc_core.s:2155
    vdc_core.o                src/vdc_core.s:2155
    main.o                    src/main.s:12879
    main.o                    src/main.s:12879
    main.o                    src/main.s:12879
    main.o                    src/main.s:12879
    main.o                    src/main.s:12879
incsp3 (incsp3.o):
    vdc_core.o                src/vdc_core.s:2155
    vdc_core.o                src/vdc_core.s:2155
    main.o                    src/main.s:12879
    main.o                    src/main.s:12879
    main.o                    src/main.s:12879
    main.o                    src/main.s:12879
    main.o                    src/main.s:12879
    main.o                    src/main.s:12879
    main.o                    src/main.s:12879
    main.o                    src/main.s:12879
incsp4 (incsp4.o):
    lcmp.o                    runtime/lcmp.s:9
    vdc_core.o                src/vdc_core.s:2155
    vdc_core.o                src/vdc_core.s:2155
    main.o                    src/main.s:12879
    main.o                    src/main.s:12879
    main.o                    src/main.s:12879
    main.o                    src/main.s:12879
    main.o                    src/main.s:12879
    main.o                    src/main.s:12879
    main.o                    src/main.s:12879
    main.o                    src/main.s:12879
    main.o                    src/main.s:12879
incsp5 (incsp5.o):
    vdc_core.o                src/vdc_core.s:2155
    main.o                    src/main.s:12879
    main.o                    src/main.s:12879
    main.o                    src/main.s:12879
    main.o                    src/main.s:12879
    main.o                    src/main.s:12879
    main.o                    src/main.s:12879
incsp6 (incsp6.o):
    vsnprintf.o               common/vsnprintf.s:9
    fwrite.o                  common/fwrite.s:11
    vfprintf.o                common/vfprintf.s:9
    vdc_core.o                src/vdc_core.s:2155
    vdc_core.o                src/vdc_core.s:2155
    vdc_core.o                src/vdc_core.s:2155
    vdc_core.o                src/vdc_core.s:2155
    main.o                    src/main.s:12879
    main.o                    src/main.s:12879
    main.o                    src/main.s:12879
incsp7 (incsp7.o):
    vdc_core.o                src/vdc_core.s:2155
    vdc_core.o                src/vdc_core.s:2155
    vdc_core.o                src/vdc_core.s:2155
    vdc_core.o                src/vdc_core.s:2155
    vdc_core.o                src/vdc_core.s:2155
    vdc_core.o                src/vdc_core.s:2155
    main.o                    src/main.s:12879
    main.o                    src/main.s:12879
    main.o                    src/main.s:12879
incsp8 (incsp8.o):
    vdc_core.o                src/vdc_core.s:2155
    vdc_core.o                src/vdc_core.s:2155
    vdc_core.o                src/vdc_core.s:2155
    vdc_core.o                src/vdc_core.s:2155
    main.o                    src/main.s:12879
initlib (condes.o):
    crt0.o                    c128/crt0.s:7
ldax0sp (ldaxsp.o):
    vdc_core.o                src/vdc_core.s:2155
    vdc_core.o                src/vdc_core.s:2155
    main.o                    src/main.s:12879
    main.o                    src/main.s:12879
    main.o                    src/main.s:12879
ldaxi (ldaxi.o):
    main.o                    src/main.s:12879
    main.o                    src/main.s:12879
    main.o                    src/main.s:12879
ldaxysp (ldaxsp.o):
    vsnprintf.o               common/vsnprintf.s:9
    fwrite.o                  common/fwrite.s:11
    strtol.o                  ../libwrk/c128/strtol.s:320
    vdc_core.o                src/vdc_core.s:2155
    vdc_core.o                src/vdc_core.s:2155
    vdc_core.o                src/vdc_core.s:2155
    vdc_core.o                src/vdc_core.s:2155
    vdc_core.o                src/vdc_core.s:2155
    vdc_core.o                src/vdc_core.s:2155
    main.o                    src/main.s:12879
    main.o                    src/main.s:12879
    main.o                    src/main.s:12879
    main.o                    src/main.s:12879
    main.o                    src/main.s:12879
    main.o                    src/main.s:12879
    main.o                    src/main.s:12879
    main.o                    src/main.s:12879
ldeaxysp (ldeaxysp.o):
    strtol.o                  ../libwrk/c128/strtol.s:320
leaa0sp (leaaxsp.o):
    main.o                    src/main.s:12879
    main.o                    src/main.s:12879
    main.o                    src/main.s:12879
    main.o                    src/main.s:12879
    main.o                    src/main.s:12879
    main.o                    src/main.s:12879
    main.o                    src/main.s:12879
    main.o                    src/main.s:12879
leaaxsp (leaaxsp.o):
    main.o                    src/main.s:12879
mul8x16 (mul8.o):
    mul.o                     runtime/mul.s:8
mul8x16a (mul8.o):
    mul.o                     runtime/mul.s:8
mulax10 (mulax10.o):
    main.o                    src/main.s:12879
    main.o                    src/main.s:12879
mulax3 (mulax3.o):
    main.o                    src/main.s:12879
    main.o                    src/main.s:12879
mulax7 (mulax7.o):
    main.o                    src/main.s:12879
    main.o                    src/main.s:12879
    main.o                    src/main.s:12879
    main.o                    src/main.s:12879
mulax9 (mulax9.o):
    main.o                    src/main.s:12879
negeax (lneg.o):
    ltoa.o                    common/ltoa.s:9
    strtol.o                  ../libwrk/c128/strtol.s:320
plot (cputc.o):
    gotoxy.o                  cbm/gotoxy.s:8
popa (popa.o):
    gotoxy.o                  cbm/gotoxy.s:8
    cbm_read.o                cbm/cbm_read.s:43
    cbm_open.o                cbm/cbm_open.s:22
    c_setlfs.o                cbm/c_setlfs.s:12
    c_load.o                  cbm/c_load.s:11
popax (incsp2.o):
    rwcommon.o                cbm/rwcommon.s:9
    memcpy.o                  common/memcpy.s:14
    vsnprintf.o               common/vsnprintf.s:9
    ltoa.o                    common/ltoa.s:9
    _printf.o                 common/_printf.s:11
    shl.o                     runtime/shl.s:15
    cbm_read.o                cbm/cbm_read.s:43
popptr1 (popptr1.o):
    rwcommon.o                cbm/rwcommon.s:9
    memcpy.o                  common/memcpy.s:14
    udiv.o                    runtime/udiv.s:9
    ltoa.o                    common/ltoa.s:9
    mul8.o                    runtime/mul8.s:9
    mul.o                     runtime/mul.s:9
    c_save.o                  cbm/c_save.s:10
ptr1 (zeropage.o):
    memcpy.o                  common/memcpy.s:15
    lcmp.o                    runtime/lcmp.s:10
    write.o                   cbm/write.s:11
    vsnprintf.o               common/vsnprintf.s:11
    udiv.o                    runtime/udiv.s:10
    strlower.o                common/strlower.s:13
    ludiv.o                   runtime/ludiv.s:10
    ltoa.o                    common/ltoa.s:11
    lmul.o                    runtime/lmul.s:10
    fwrite.o                  common/fwrite.s:14
    _printf.o                 /mnt/d/retro/cc65/asminc/zeropage.inc:12
    zerobss.o                 common/zerobss.s:9
    vfprintf.o                common/vfprintf.s:11
    strtol.o                  ../libwrk/c128/strtol.s:11
    staspidx.o                runtime/staspidx.s:9
    sprintf.o                 common/sprintf.s:9
    pushw.o                   runtime/pushw.s:9
    printf.o                  common/printf.s:9
    popptr1.o                 runtime/popptr1.s:9
    mulax9.o                  runtime/mulax9.s:10
    mulax7.o                  runtime/mulax7.s:10
    mulax3.o                  runtime/mulax3.s:9
    mulax10.o                 runtime/mulax10.s:9
    mul8.o                    runtime/mul8.s:10
    mul.o                     runtime/mul.s:10
    ldaxi.o                   runtime/ldaxi.s:8
    cbm_read.o                cbm/cbm_read.s:42
    c_setnam.o                cbm/c_setnam.s:10
    c_save.o                  cbm/c_save.s:11
    c_load.o                  cbm/c_load.s:12
    vdc_core.o                src/vdc_core.s:11
    main.o                    src/main.s:11
ptr2 (zeropage.o):
    rwcommon.o                cbm/rwcommon.s:10
    memcpy.o                  common/memcpy.s:15
    write.o                   cbm/write.s:11
    strlower.o                common/strlower.s:13
    lumod.o                   runtime/lumod.s:10
    ludiv.o                   runtime/ludiv.s:10
    ltoa.o                    common/ltoa.s:11
    _printf.o                 /mnt/d/retro/cc65/asminc/zeropage.inc:12
    strlen.o                  common/strlen.s:12
    cbm_read.o                cbm/cbm_read.s:42
ptr3 (zeropage.o):
    rwcommon.o                cbm/rwcommon.s:10
    memcpy.o                  common/memcpy.s:15
    write.o                   cbm/write.s:11
    ludiv.o                   runtime/ludiv.s:10
    ltoa.o                    common/ltoa.s:11
    lmul.o                    runtime/lmul.s:10
    cbm_read.o                cbm/cbm_read.s:42
ptr4 (zeropage.o):
    udiv.o                    runtime/udiv.s:10
    ludiv.o                   runtime/ludiv.s:10
    lmul.o                    runtime/lmul.s:10
    mul8.o                    runtime/mul8.s:10
    mul.o                     runtime/mul.s:10
push0 (pushax.o):
    strtol.o                  ../libwrk/c128/strtol.s:320
    vdc_core.o                src/vdc_core.s:2155
    vdc_core.o                src/vdc_core.s:2155
    main.o                    src/main.s:12879
    main.o                    src/main.s:12879
push1 (push1.o):
    _printf.o                 common/_printf.s:11
    vfprintf.o                common/vfprintf.s:9
pusha (pusha.o):
    strtol.o                  ../libwrk/c128/strtol.s:320
    vdc_core.o                src/vdc_core.s:2155
    vdc_core.o                src/vdc_core.s:2155
    vdc_core.o                src/vdc_core.s:2155
    vdc_core.o                src/vdc_core.s:2155
    vdc_core.o                src/vdc_core.s:2155
    vdc_core.o                src/vdc_core.s:2155
    vdc_core.o                src/vdc_core.s:2155
    vdc_core.o                src/vdc_core.s:2155
    vdc_core.o                src/vdc_core.s:2155
    vdc_core.o                src/vdc_core.s:2155
    vdc_core.o                src/vdc_core.s:2155
    vdc_core.o                src/vdc_core.s:2155
    vdc_core.o                src/vdc_core.s:2155
    vdc_core.o                src/vdc_core.s:2155
    vdc_core.o                src/vdc_core.s:2155
    vdc_core.o                src/vdc_core.s:2155
    vdc_core.o                src/vdc_core.s:2155
    vdc_core.o                src/vdc_core.s:2155
    vdc_core.o                src/vdc_core.s:2155
    vdc_core.o                src/vdc_core.s:2155
    vdc_core.o                src/vdc_core.s:2155
    vdc_core.o                src/vdc_core.s:2155
    vdc_core.o                src/vdc_core.s:2155
    vdc_core.o                src/vdc_core.s:2155
    vdc_core.o                src/vdc_core.s:2155
    main.o                    src/main.s:12879
    main.o                    src/main.s:12879
    main.o                    src/main.s:12879
    main.o                    src/main.s:12879
    main.o                    src/main.s:12879
    main.o                    src/main.s:12879
    main.o                    src/main.s:12879
    main.o                    src/main.s:12879
    main.o                    src/main.s:12879
    main.o                    src/main.s:12879
    main.o                    src/main.s:12879
    main.o                    src/main.s:12879
    main.o                    src/main.s:12879
    main.o                    src/main.s:12879
    main.o                    src/main.s:12879
    main.o                    src/main.s:12879
    main.o                    src/main.s:12879
    main.o                    src/main.s:12879
    main.o                    src/main.s:12879
    main.o                    src/main.s:12879
    main.o                    src/main.s:12879
    main.o                    src/main.s:12879
    main.o                    src/main.s:12879
    main.o                    src/main.s:12879
    main.o                    src/main.s:12879
    main.o                    src/main.s:12879
    main.o                    src/main.s:12879
    main.o                    src/main.s:12879
    main.o                    src/main.s:12879
    main.o                    src/main.s:12879
    main.o                    src/main.s:12879
    main.o                    src/main.s:12879
    main.o                    src/main.s:12879
    main.o                    src/main.s:12879
    main.o                    src/main.s:12879
    main.o                    src/main.s:12879
    main.o                    src/main.s:12879
    main.o                    src/main.s:12879
    main.o                    src/main.s:12879
    main.o                    src/main.s:12879
    main.o                    src/main.s:12879
    main.o                    src/main.s:12879
    main.o                    src/main.s:12879
    main.o                    src/main.s:12879
    main.o                    src/main.s:12879
    main.o                    src/main.s:12879
    main.o                    src/main.s:12879
    main.o                    src/main.s:12879
pusha0 (pushax.o):
    push1.o                   runtime/push1.s:8
    vdc_core.o                src/vdc_core.s:2155
    vdc_core.o                src/vdc_core.s:2155
    vdc_core.o                src/vdc_core.s:2155
    vdc_core.o                src/vdc_core.s:2155
    main.o                    src/main.s:12879
    main.o                    src/main.s:12879
    main.o                    src/main.s:12879
    main.o                    src/main.s:12879
    main.o                    src/main.s:12879
    main.o                    src/main.s:12879
    main.o                    src/main.s:12879
    main.o                    src/main.s:12879
    main.o                    src/main.s:12879
    main.o                    src/main.s:12879
    main.o                    src/main.s:12879
    main.o                    src/main.s:12879
    main.o                    src/main.s:12879
    main.o                    src/main.s:12879
    main.o                    src/main.s:12879
    main.o                    src/main.s:12879
    main.o                    src/main.s:12879
    main.o                    src/main.s:12879
    main.o                    src/main.s:12879
    main.o                    src/main.s:12879
    main.o                    src/main.s:12879
    main.o                    src/main.s:12879
    main.o                    src/main.s:12879
    main.o                    src/main.s:12879
    main.o                    src/main.s:12879
    main.o                    src/main.s:12879
pushax (pushax.o):
    fwrite.o                  common/fwrite.s:11
    callmain.o                runtime/callmain.s:11
    _printf.o                 common/_printf.s:11
    strtol.o                  ../libwrk/c128/strtol.s:320
    pushw.o                   runtime/pushw.s:8
    printf.o                  common/printf.s:8
    vdc_core.o                src/vdc_core.s:2155
    vdc_core.o                src/vdc_core.s:2155
    vdc_core.o                src/vdc_core.s:2155
    vdc_core.o                src/vdc_core.s:2155
    vdc_core.o                src/vdc_core.s:2155
    vdc_core.o                src/vdc_core.s:2155
    vdc_core.o                src/vdc_core.s:2155
    vdc_core.o                src/vdc_core.s:2155
    vdc_core.o                src/vdc_core.s:2155
    vdc_core.o                src/vdc_core.s:2155
    vdc_core.o                src/vdc_core.s:2155
    vdc_core.o                src/vdc_core.s:2155
    vdc_core.o                src/vdc_core.s:2155
    vdc_core.o                src/vdc_core.s:2155
    vdc_core.o                src/vdc_core.s:2155
    main.o                    src/main.s:12879
    main.o                    src/main.s:12879
    main.o                    src/main.s:12879
    main.o                    src/main.s:12879
    main.o                    src/main.s:12879
    main.o                    src/main.s:12879
    main.o                    src/main.s:12879
    main.o                    src/main.s:12879
    main.o                    src/main.s:12879
    main.o                    src/main.s:12879
    main.o                    src/main.s:12879
    main.o                    src/main.s:12879
    main.o                    src/main.s:12879
    main.o                    src/main.s:12879
    main.o                    src/main.s:12879
    main.o                    src/main.s:12879
    main.o                    src/main.s:12879
    main.o                    src/main.s:12879
    main.o                    src/main.s:12879
    main.o                    src/main.s:12879
    main.o                    src/main.s:12879
    main.o                    src/main.s:12879
    main.o                    src/main.s:12879
    main.o                    src/main.s:12879
    main.o                    src/main.s:12879
    main.o                    src/main.s:12879
    main.o                    src/main.s:12879
    main.o                    src/main.s:12879
    main.o                    src/main.s:12879
    main.o                    src/main.s:12879
    main.o                    src/main.s:12879
    main.o                    src/main.s:12879
    main.o                    src/main.s:12879
    main.o                    src/main.s:12879
    main.o                    src/main.s:12879
    main.o                    src/main.s:12879
    main.o                    src/main.s:12879
    main.o                    src/main.s:12879
    main.o                    src/main.s:12879
    main.o                    src/main.s:12879
    main.o                    src/main.s:12879
    main.o                    src/main.s:12879
pusheax (lpush.o):
    _printf.o                 common/_printf.s:11
    strtol.o                  ../libwrk/c128/strtol.s:320
pushl0 (lpush.o):
    strtol.o                  ../libwrk/c128/strtol.s:320
pushw (pushw.o):
    main.o                    src/main.s:12879
    main.o                    src/main.s:12879
pushw0sp (pushwsp.o):
    vsprintf.o                common/vsprintf.s:8
    vdc_core.o                src/vdc_core.s:2155
    vdc_core.o                src/vdc_core.s:2155
    main.o                    src/main.s:12879
    main.o                    src/main.s:12879
    main.o                    src/main.s:12879
pushwysp (pushwsp.o):
    fwrite.o                  common/fwrite.s:11
    vfprintf.o                common/vfprintf.s:9
    vdc_core.o                src/vdc_core.s:2155
    vdc_core.o                src/vdc_core.s:2155
    vdc_core.o                src/vdc_core.s:2155
    vdc_core.o                src/vdc_core.s:2155
    vdc_core.o                src/vdc_core.s:2155
    main.o                    src/main.s:12879
    main.o                    src/main.s:12879
    main.o                    src/main.s:12879
    main.o                    src/main.s:12879
    main.o                    src/main.s:12879
    main.o                    src/main.s:12879
    main.o                    src/main.s:12879
    main.o                    src/main.s:12879
    main.o                    src/main.s:12879
    main.o                    src/main.s:12879
regbank (zeropage.o):
    _printf.o                 /mnt/d/retro/cc65/asminc/zeropage.inc:14
    strtol.o                  ../libwrk/c128/strtol.s:10
return0 (return0.o):
    color.o                   c128/color.s:10
rwcommon (rwcommon.o):
    write.o                   cbm/write.s:10
shlax1 (aslax1.o):
    vdc_core.o                src/vdc_core.s:2155
    main.o                    src/main.s:12879
    main.o                    src/main.s:12879
    main.o                    src/main.s:12879
    main.o                    src/main.s:12879
    main.o                    src/main.s:12879
shlax2 (aslax2.o):
    vdc_core.o                src/vdc_core.s:2155
shlax3 (aslax3.o):
    vdc_core.o                src/vdc_core.s:2155
    main.o                    src/main.s:12879
    main.o                    src/main.s:12879
    main.o                    src/main.s:12879
    main.o                    src/main.s:12879
shlax4 (aslax4.o):
    vdc_core.o                src/vdc_core.s:2155
    main.o                    src/main.s:12879
    main.o                    src/main.s:12879
    main.o                    src/main.s:12879
shrax3 (shrax3.o):
    vdc_core.o                src/vdc_core.s:2155
sp (zeropage.o):
    memcpy.o                  common/memcpy.s:15
    lcmp.o                    runtime/lcmp.s:10
    vsnprintf.o               common/vsnprintf.s:11
    steaxsp.o                 runtime/steaxsp.s:8
    ludiv.o                   runtime/ludiv.s:10
    lpush.o                   runtime/lpush.s:13
    lmul.o                    runtime/lmul.s:10
    ldeaxysp.o                runtime/ldeaxysp.s:12
    ladd.o                    runtime/ladd.s:9
    _printf.o                 /mnt/d/retro/cc65/asminc/zeropage.inc:11
    vfprintf.o                common/vfprintf.s:11
    subysp.o                  runtime/subysp.s:9
    subeqsp.o                 runtime/subeqsp.s:8
    sub.o                     runtime/sub.s:9
    strtol.o                  ../libwrk/c128/strtol.s:10
    staxsp.o                  runtime/staxsp.s:8
    staspidx.o                runtime/staspidx.s:9
    sprintf.o                 common/sprintf.s:9
    pushwsp.o                 runtime/pushwsp.s:8
    pushax.o                  runtime/pushax.s:8
    pusha.o                   runtime/pusha.s:8
    printf.o                  common/printf.s:9
    popptr1.o                 runtime/popptr1.s:9
    popa.o                    runtime/popa.s:8
    or.o                      runtime/or.s:10
    leaaxsp.o                 runtime/leaaxsp.s:8
    ldaxsp.o                  runtime/ldaxsp.s:8
    incsp2.o                  runtime/incsp2.s:8
    incsp1.o                  runtime/incsp1.s:8
    icmp.o                    runtime/icmp.s:9
    decsp7.o                  runtime/decsp7.s:8
    decsp6.o                  runtime/decsp6.s:8
    decsp5.o                  runtime/decsp5.s:8
    decsp4.o                  runtime/decsp4.s:8
    decsp3.o                  runtime/decsp3.s:8
    decsp2.o                  runtime/decsp2.s:8
    decsp1.o                  runtime/decsp1.s:8
    crt0.o                    /mnt/d/retro/cc65/asminc/zeropage.inc:11
    addysp.o                  runtime/addysp.s:8
    addeqsp.o                 runtime/addeqsp.s:8
    add.o                     runtime/add.s:12
    vdc_core.o                src/vdc_core.s:10
    main.o                    src/main.s:10
sreg (zeropage.o):
    lcmp.o                    runtime/lcmp.s:10
    udiv.o                    runtime/udiv.s:10
    steaxsp.o                 runtime/steaxsp.s:8
    lumod.o                   runtime/lumod.s:10
    ludiv.o                   runtime/ludiv.s:10
    ltoa.o                    common/ltoa.s:11
    lpush.o                   runtime/lpush.s:13
    lneg.o                    runtime/lneg.s:11
    lmul.o                    runtime/lmul.s:10
    ldeaxysp.o                runtime/ldeaxysp.s:12
    ladd.o                    runtime/ladd.s:9
    axlong.o                  runtime/axlong.s:9
    _printf.o                 /mnt/d/retro/cc65/asminc/zeropage.inc:11
    strtol.o                  ../libwrk/c128/strtol.s:10
    icmp.o                    runtime/icmp.s:9
    main.o                    src/main.s:10
staspidx (staspidx.o):
    main.o                    src/main.s:12879
stax0sp (staxsp.o):
    vdc_core.o                src/vdc_core.s:2155
    vdc_core.o                src/vdc_core.s:2155
    vdc_core.o                src/vdc_core.s:2155
    vdc_core.o                src/vdc_core.s:2155
    vdc_core.o                src/vdc_core.s:2155
    vdc_core.o                src/vdc_core.s:2155
    vdc_core.o                src/vdc_core.s:2155
    main.o                    src/main.s:12879
    main.o                    src/main.s:12879
    main.o                    src/main.s:12879
    main.o                    src/main.s:12879
    main.o                    src/main.s:12879
staxysp (staxsp.o):
    vsprintf.o                common/vsprintf.s:8
    strtol.o                  ../libwrk/c128/strtol.s:320
    vdc_core.o                src/vdc_core.s:2155
    vdc_core.o                src/vdc_core.s:2155
    vdc_core.o                src/vdc_core.s:2155
    main.o                    src/main.s:12879
    main.o                    src/main.s:12879
    main.o                    src/main.s:12879
    main.o                    src/main.s:12879
    main.o                    src/main.s:12879
    main.o                    src/main.s:12879
steaxysp (steaxsp.o):
    strtol.o                  ../libwrk/c128/strtol.s:320
subeq0sp (subeqsp.o):
    vdc_core.o                src/vdc_core.s:2155
    vdc_core.o                src/vdc_core.s:2155
    vdc_core.o                src/vdc_core.s:2155
    vdc_core.o                src/vdc_core.s:2155
subeqysp (subeqsp.o):
    vdc_core.o                src/vdc_core.s:2155
subysp (subysp.o):
    main.o                    src/main.s:12879
    main.o                    src/main.s:12879
    main.o                    src/main.s:12879
    main.o                    src/main.s:12879
tmp1 (zeropage.o):
    ltoa.o                    common/ltoa.s:11
    ladd.o                    runtime/ladd.s:9
    _printf.o                 /mnt/d/retro/cc65/asminc/zeropage.inc:13
    strtol.o                  ../libwrk/c128/strtol.s:11
    staspidx.o                runtime/staspidx.s:9
    shrax3.o                  runtime/shrax3.s:8
    shl.o                     runtime/shl.s:16
    or.o                      runtime/or.s:10
    mul.o                     runtime/mul.s:10
    incaxy.o                  runtime/incaxy.s:8
    decaxy.o                  runtime/decaxy.s:8
    cbm_read.o                cbm/cbm_read.s:42
    c_setlfs.o                cbm/c_setlfs.s:13
    c_save.o                  cbm/c_save.s:11
    aslax4.o                  runtime/aslax4.s:8
    aslax3.o                  runtime/aslax3.s:8
    aslax2.o                  runtime/aslax2.s:8
    aslax1.o                  runtime/aslax1.s:8
    add.o                     runtime/add.s:12
    vdc_core.o                src/vdc_core.s:11
    main.o                    src/main.s:11
tmp2 (zeropage.o):
    rwcommon.o                cbm/rwcommon.s:10
    lmul.o                    runtime/lmul.s:10
tmp3 (zeropage.o):
    lumod.o                   runtime/lumod.s:10
    ludiv.o                   runtime/ludiv.s:10
    lmul.o                    runtime/lmul.s:10
tmp4 (zeropage.o):
    lumod.o                   runtime/lumod.s:10
    ludiv.o                   runtime/ludiv.s:10
    lmul.o                    runtime/lmul.s:10
tosaddax (add.o):
    main.o                    src/main.s:12879
    main.o                    src/main.s:12879
    main.o                    src/main.s:12879
    main.o                    src/main.s:12879
    main.o                    src/main.s:12879
    main.o                    src/main.s:12879
    main.o                    src/main.s:12879
tosaddeax (ladd.o):
    strtol.o                  ../libwrk/c128/strtol.s:320
toseqeax (leq.o):
    strtol.o                  ../libwrk/c128/strtol.s:320
tosicmp (icmp.o):
    main.o                    src/main.s:12879
    main.o                    src/main.s:12879
    main.o                    src/main.s:12879
    main.o                    src/main.s:12879
    main.o                    src/main.s:12879
    main.o                    src/main.s:12879
    main.o                    src/main.s:12879
tosicmp0 (icmp.o):
    main.o                    src/main.s:12879
toslcmp (lcmp.o):
    lugt.o                    runtime/lugt.s:8
    leq.o                     runtime/leq.s:8
tosmula0 (mul8.o):
    main.o                    src/main.s:12879
    main.o                    src/main.s:12879
    main.o                    src/main.s:12879
tosmulax (mul.o):
    main.o                    src/main.s:12879
tosorax (or.o):
    main.o                    src/main.s:12879
tossubax (sub.o):
    main.o                    src/main.s:12879
    main.o                    src/main.s:12879
    main.o                    src/main.s:12879
tosudivax (udiv.o):
    fwrite.o                  common/fwrite.s:12
tosudiveax (ludiv.o):
    strtol.o                  ../libwrk/c128/strtol.s:320
tosugteax (lugt.o):
    strtol.o                  ../libwrk/c128/strtol.s:320
tosumodeax (lumod.o):
    strtol.o                  ../libwrk/c128/strtol.s:320
tosumula0 (mul8.o):
    vdc_core.o                src/vdc_core.s:2155
    vdc_core.o                src/vdc_core.s:2155
    vdc_core.o                src/vdc_core.s:2155
    vdc_core.o                src/vdc_core.s:2155
    main.o                    src/main.s:12879
    main.o                    src/main.s:12879
    main.o                    src/main.s:12879
    main.o                    src/main.s:12879
    main.o                    src/main.s:12879
    main.o                    src/main.s:12879
tosumulax (mul.o):
    fwrite.o                  common/fwrite.s:12
    vdc_core.o                src/vdc_core.s:2155
    main.o                    src/main.s:12879
    main.o                    src/main.s:12879
    main.o                    src/main.s:12879
    main.o                    src/main.s:12879
    main.o                    src/main.s:12879
    main.o                    src/main.s:12879
    main.o                    src/main.s:12879
    main.o                    src/main.s:12879
    main.o                    src/main.s:12879
tosumuleax (lmul.o):
    strtol.o                  ../libwrk/c128/strtol.s:320
udiv32 (ludiv.o):
    lumod.o                   runtime/lumod.s:9
vsnprintf (vsnprintf.o):
    vsprintf.o                common/vsprintf.s:9
zerobss (zerobss.o):
    crt0.o                    c128/crt0.s:8

