Modules list:
-------------
prggenerate.o:
    PRGGEN            Offs=000000  Size=0001CE  Align=00001  Fill=0000
prggenmaco.o:
    GENMACO           Offs=000000  Size=000053  Align=00001  Fill=0000
prggenerator.o:
    CODE              Offs=000000  Size=000BBE  Align=00001  Fill=0000
    RODATA            Offs=000000  Size=0003E5  Align=00001  Fill=0000
    BSS               Offs=000000  Size=0000C8  Align=00001  Fill=0000
    DATA              Offs=000000  Size=000004  Align=00001  Fill=0000
/mnt/d/retro/cc65/lib/c128.lib(_cursor.o):
    BSS               Offs=0000C8  Size=000001  Align=00001  Fill=0000
/mnt/d/retro/cc65/lib/c128.lib(_directerrno.o):
    CODE              Offs=000BBE  Size=00000A  Align=00001  Fill=0000
/mnt/d/retro/cc65/lib/c128.lib(_hextab.o):
    RODATA            Offs=0003E5  Size=000010  Align=00001  Fill=0000
/mnt/d/retro/cc65/lib/c128.lib(_longminstr.o):
    RODATA            Offs=0003F5  Size=00000C  Align=00001  Fill=0000
/mnt/d/retro/cc65/lib/c128.lib(_oserror.o):
    BSS               Offs=0000C9  Size=000001  Align=00001  Fill=0000
/mnt/d/retro/cc65/lib/c128.lib(_printf.o):
    CODE              Offs=000BC8  Size=0003A5  Align=00001  Fill=0000
    BSS               Offs=0000CA  Size=00002B  Align=00001  Fill=0000
    DATA              Offs=000004  Size=000003  Align=00001  Fill=0000
/mnt/d/retro/cc65/lib/c128.lib(_seterrno.o):
    CODE              Offs=000F6D  Size=000009  Align=00001  Fill=0000
/mnt/d/retro/cc65/lib/c128.lib(acc_c128_speed.o):
    CODE              Offs=000F76  Size=000010  Align=00001  Fill=0000
/mnt/d/retro/cc65/lib/c128.lib(addeqsp.o):
    CODE              Offs=000F86  Size=000011  Align=00001  Fill=0000
/mnt/d/retro/cc65/lib/c128.lib(addysp.o):
    CODE              Offs=000F97  Size=00000E  Align=00001  Fill=0000
/mnt/d/retro/cc65/lib/c128.lib(axlong.o):
    CODE              Offs=000FA5  Size=00000D  Align=00001  Fill=0000
/mnt/d/retro/cc65/lib/c128.lib(c_close.o):
    CODE              Offs=000FB2  Size=000004  Align=00001  Fill=0000
/mnt/d/retro/cc65/lib/c128.lib(c_load.o):
    CODE              Offs=000FB6  Size=00001D  Align=00001  Fill=0000
/mnt/d/retro/cc65/lib/c128.lib(c_open.o):
    CODE              Offs=000FD3  Size=000009  Align=00001  Fill=0000
/mnt/d/retro/cc65/lib/c128.lib(c_save.o):
    CODE              Offs=000FDC  Size=000016  Align=00001  Fill=0000
/mnt/d/retro/cc65/lib/c128.lib(c_setlfs.o):
    CODE              Offs=000FF2  Size=00000E  Align=00001  Fill=0000
/mnt/d/retro/cc65/lib/c128.lib(c_setnam.o):
    CODE              Offs=001000  Size=000013  Align=00001  Fill=0000
/mnt/d/retro/cc65/lib/c128.lib(callmain.o):
    CODE              Offs=001013  Size=000017  Align=00001  Fill=0000
    DATA              Offs=000007  Size=000004  Align=00001  Fill=0000
/mnt/d/retro/cc65/lib/c128.lib(cbm_close.o):
/mnt/d/retro/cc65/lib/c128.lib(cbm_open.o):
    CODE              Offs=00102A  Size=000016  Align=00001  Fill=0000
/mnt/d/retro/cc65/lib/c128.lib(cbm_read.o):
    CODE              Offs=001040  Size=00005B  Align=00001  Fill=0000
/mnt/d/retro/cc65/lib/c128.lib(cgetc.o):
    CODE              Offs=00109B  Size=000030  Align=00001  Fill=0000
    INIT              Offs=000000  Size=000002  Align=00001  Fill=0000
    ONCE              Offs=000000  Size=000013  Align=00001  Fill=0000
/mnt/d/retro/cc65/lib/c128.lib(clrscr.o):
/mnt/d/retro/cc65/lib/c128.lib(color.o):
    CODE              Offs=0010CB  Size=000060  Align=00001  Fill=0000
/mnt/d/retro/cc65/lib/c128.lib(condes.o):
    CODE              Offs=00112B  Size=00000C  Align=00001  Fill=0000
    DATA              Offs=00000B  Size=000025  Align=00001  Fill=0000
    ONCE              Offs=000013  Size=00000C  Align=00001  Fill=0000
/mnt/d/retro/cc65/lib/c128.lib(conio.o):
/mnt/d/retro/cc65/lib/c128.lib(cprintf.o):
    CODE              Offs=001137  Size=00002A  Align=00001  Fill=0000
    BSS               Offs=0000F5  Size=000001  Align=00001  Fill=0000
/mnt/d/retro/cc65/lib/c128.lib(cputc.o):
    CODE              Offs=001161  Size=000049  Align=00001  Fill=0000
/mnt/d/retro/cc65/lib/c128.lib(cputs.o):
    CODE              Offs=0011AA  Size=000023  Align=00001  Fill=0000
/mnt/d/retro/cc65/lib/c128.lib(crt0.o):
    BSS               Offs=0000F6  Size=000002  Align=00001  Fill=0000
    STARTUP           Offs=000000  Size=000051  Align=00001  Fill=0000
    INIT              Offs=000002  Size=00001A  Align=00001  Fill=0000
/mnt/d/retro/cc65/lib/c128.lib(ctype.o):
    RODATA            Offs=000401  Size=00008B  Align=00001  Fill=0000
/mnt/d/retro/cc65/lib/c128.lib(ctypemask.o):
    CODE              Offs=0011CD  Size=00001E  Align=00001  Fill=0000
/mnt/d/retro/cc65/lib/c128.lib(curdevice.o):
    CODE              Offs=0011EB  Size=000006  Align=00001  Fill=0000
/mnt/d/retro/cc65/lib/c128.lib(cursor.o):
    CODE              Offs=0011F1  Size=00000A  Align=00001  Fill=0000
/mnt/d/retro/cc65/lib/c128.lib(decaxy.o):
    CODE              Offs=0011FB  Size=000009  Align=00001  Fill=0000
/mnt/d/retro/cc65/lib/c128.lib(decsp1.o):
    CODE              Offs=001204  Size=000009  Align=00001  Fill=0000
/mnt/d/retro/cc65/lib/c128.lib(decsp2.o):
    CODE              Offs=00120D  Size=00000D  Align=00001  Fill=0000
/mnt/d/retro/cc65/lib/c128.lib(decsp4.o):
    CODE              Offs=00121A  Size=00000D  Align=00001  Fill=0000
/mnt/d/retro/cc65/lib/c128.lib(decsp6.o):
    CODE              Offs=001227  Size=00000D  Align=00001  Fill=0000
/mnt/d/retro/cc65/lib/c128.lib(devnum.o):
/mnt/d/retro/cc65/lib/c128.lib(errno.o):
    BSS               Offs=0000F8  Size=000002  Align=00001  Fill=0000
/mnt/d/retro/cc65/lib/c128.lib(exehdr.o):
    EXEHDR            Offs=000000  Size=00000C  Align=00001  Fill=0000
/mnt/d/retro/cc65/lib/c128.lib(filevars.o):
    INIT              Offs=00001C  Size=000001  Align=00001  Fill=0000
    ONCE              Offs=00001F  Size=00000C  Align=00001  Fill=0000
/mnt/d/retro/cc65/lib/c128.lib(gotoxy.o):
    CODE              Offs=001234  Size=00000D  Align=00001  Fill=0000
/mnt/d/retro/cc65/lib/c128.lib(icmp.o):
    CODE              Offs=001241  Size=00002E  Align=00001  Fill=0000
/mnt/d/retro/cc65/lib/c128.lib(incax1.o):
    CODE              Offs=00126F  Size=000007  Align=00001  Fill=0000
/mnt/d/retro/cc65/lib/c128.lib(incsp1.o):
    CODE              Offs=001276  Size=000007  Align=00001  Fill=0000
/mnt/d/retro/cc65/lib/c128.lib(incsp2.o):
    CODE              Offs=00127D  Size=000016  Align=00001  Fill=0000
/mnt/d/retro/cc65/lib/c128.lib(incsp3.o):
    CODE              Offs=001293  Size=000005  Align=00001  Fill=0000
/mnt/d/retro/cc65/lib/c128.lib(incsp4.o):
    CODE              Offs=001298  Size=000005  Align=00001  Fill=0000
/mnt/d/retro/cc65/lib/c128.lib(incsp6.o):
    CODE              Offs=00129D  Size=000005  Align=00001  Fill=0000
/mnt/d/retro/cc65/lib/c128.lib(incsp7.o):
    CODE              Offs=0012A2  Size=000005  Align=00001  Fill=0000
/mnt/d/retro/cc65/lib/c128.lib(isdigit.o):
    CODE              Offs=0012A7  Size=000008  Align=00001  Fill=0000
/mnt/d/retro/cc65/lib/c128.lib(islower.o):
    CODE              Offs=0012AF  Size=000008  Align=00001  Fill=0000
/mnt/d/retro/cc65/lib/c128.lib(isprint.o):
    CODE              Offs=0012B7  Size=00000A  Align=00001  Fill=0000
/mnt/d/retro/cc65/lib/c128.lib(isspace.o):
    CODE              Offs=0012C1  Size=000008  Align=00001  Fill=0000
/mnt/d/retro/cc65/lib/c128.lib(isupper.o):
    CODE              Offs=0012C9  Size=000008  Align=00001  Fill=0000
/mnt/d/retro/cc65/lib/c128.lib(kernal.o):
/mnt/d/retro/cc65/lib/c128.lib(ladd.o):
    CODE              Offs=0012D1  Size=000025  Align=00001  Fill=0000
/mnt/d/retro/cc65/lib/c128.lib(lcmp.o):
    CODE              Offs=0012F6  Size=00003B  Align=00001  Fill=0000
/mnt/d/retro/cc65/lib/c128.lib(ldaxsp.o):
    CODE              Offs=001331  Size=000009  Align=00001  Fill=0000
/mnt/d/retro/cc65/lib/c128.lib(ldeaxysp.o):
    CODE              Offs=00133A  Size=000013  Align=00001  Fill=0000
/mnt/d/retro/cc65/lib/c128.lib(leaaxsp.o):
    CODE              Offs=00134D  Size=00000C  Align=00001  Fill=0000
/mnt/d/retro/cc65/lib/c128.lib(leq.o):
    CODE              Offs=001359  Size=000006  Align=00001  Fill=0000
/mnt/d/retro/cc65/lib/c128.lib(lmul.o):
    CODE              Offs=00135F  Size=00005C  Align=00001  Fill=0000
/mnt/d/retro/cc65/lib/c128.lib(lneg.o):
    CODE              Offs=0013BB  Size=00001E  Align=00001  Fill=0000
/mnt/d/retro/cc65/lib/c128.lib(loadaddr.o):
    LOADADDR          Offs=000000  Size=000002  Align=00001  Fill=0000
/mnt/d/retro/cc65/lib/c128.lib(lpush.o):
    CODE              Offs=0013D9  Size=000021  Align=00001  Fill=0000
/mnt/d/retro/cc65/lib/c128.lib(ltoa.o):
    CODE              Offs=0013FA  Size=000095  Align=00001  Fill=0000
/mnt/d/retro/cc65/lib/c128.lib(ludiv.o):
    CODE              Offs=00148F  Size=00007A  Align=00001  Fill=0000
/mnt/d/retro/cc65/lib/c128.lib(lugt.o):
    CODE              Offs=001509  Size=000006  Align=00001  Fill=0000
/mnt/d/retro/cc65/lib/c128.lib(lumod.o):
    CODE              Offs=00150F  Size=000019  Align=00001  Fill=0000
/mnt/d/retro/cc65/lib/c128.lib(makebool.o):
    CODE              Offs=001528  Size=00002C  Align=00001  Fill=0000
/mnt/d/retro/cc65/lib/c128.lib(memcpy.o):
    CODE              Offs=001554  Size=00003C  Align=00001  Fill=0000
/mnt/d/retro/cc65/lib/c128.lib(mulax10.o):
    CODE              Offs=001590  Size=000019  Align=00001  Fill=0000
/mnt/d/retro/cc65/lib/c128.lib(popa.o):
    CODE              Offs=0015A9  Size=00000C  Align=00001  Fill=0000
/mnt/d/retro/cc65/lib/c128.lib(popptr1.o):
    CODE              Offs=0015B5  Size=00000E  Align=00001  Fill=0000
/mnt/d/retro/cc65/lib/c128.lib(push1.o):
    CODE              Offs=0015C3  Size=000005  Align=00001  Fill=0000
/mnt/d/retro/cc65/lib/c128.lib(pusha.o):
    CODE              Offs=0015C8  Size=000016  Align=00001  Fill=0000
/mnt/d/retro/cc65/lib/c128.lib(pushax.o):
    CODE              Offs=0015DE  Size=00001A  Align=00001  Fill=0000
/mnt/d/retro/cc65/lib/c128.lib(pushwsp.o):
    CODE              Offs=0015F8  Size=00001C  Align=00001  Fill=0000
/mnt/d/retro/cc65/lib/c128.lib(return0.o):
    CODE              Offs=001614  Size=000004  Align=00001  Fill=0000
/mnt/d/retro/cc65/lib/c128.lib(sprintf.o):
    CODE              Offs=001618  Size=00002B  Align=00001  Fill=0000
    BSS               Offs=0000FA  Size=000001  Align=00001  Fill=0000
/mnt/d/retro/cc65/lib/c128.lib(status.o):
/mnt/d/retro/cc65/lib/c128.lib(staxsp.o):
    CODE              Offs=001643  Size=00000B  Align=00001  Fill=0000
/mnt/d/retro/cc65/lib/c128.lib(steaxsp.o):
    CODE              Offs=00164E  Size=000015  Align=00001  Fill=0000
/mnt/d/retro/cc65/lib/c128.lib(strlen.o):
    CODE              Offs=001663  Size=000016  Align=00001  Fill=0000
/mnt/d/retro/cc65/lib/c128.lib(strlower.o):
    CODE              Offs=001679  Size=000027  Align=00001  Fill=0000
/mnt/d/retro/cc65/lib/c128.lib(strtol.o):
    CODE              Offs=0016A0  Size=000273  Align=00001  Fill=0000
/mnt/d/retro/cc65/lib/c128.lib(subysp.o):
    CODE              Offs=001913  Size=00000D  Align=00001  Fill=0000
/mnt/d/retro/cc65/lib/c128.lib(vcprintf.o):
    CODE              Offs=001920  Size=000078  Align=00001  Fill=0000
    DATA              Offs=000030  Size=000008  Align=00001  Fill=0000
/mnt/d/retro/cc65/lib/c128.lib(videomode.o):
    CODE              Offs=001998  Size=000013  Align=00001  Fill=0000
/mnt/d/retro/cc65/lib/c128.lib(vsnprintf.o):
    CODE              Offs=0019AB  Size=0000DA  Align=00001  Fill=0000
    DATA              Offs=000038  Size=000008  Align=00001  Fill=0000
/mnt/d/retro/cc65/lib/c128.lib(vsprintf.o):
    CODE              Offs=001A85  Size=000012  Align=00001  Fill=0000
/mnt/d/retro/cc65/lib/c128.lib(zerobss.o):
    CODE              Offs=001A97  Size=000023  Align=00001  Fill=0000
/mnt/d/retro/cc65/lib/c128.lib(zeropage.o):
    ZEROPAGE          Offs=000000  Size=00001A  Align=00001  Fill=0000


Segment list:
-------------
Name                   Start     End    Size  Align
----------------------------------------------------
ZEROPAGE              000002  00001B  00001A  00001
GENMACO               000BFE  000C50  000053  00001
LOADADDR              001BFF  001C00  000002  00001
PRGGEN                001BFF  001DCC  0001CE  00001
EXEHDR                001C01  001C0C  00000C  00001
STARTUP               001C0D  001C5D  000051  00001
ONCE                  001C5E  001C8C  00002F  00001
CODE                  001C8D  003746  001ABA  00001
RODATA                003747  003BD4  00048E  00001
DATA                  003BD5  003C14  000040  00001
INIT                  003C15  003C31  00001D  00001
BSS                   003C32  003D2C  0000FB  00001


Exports list by name:
---------------------
BASIN                     00FFCF RLA    BSOUT                     00FFD2 RLA    
CHKIN                     00FFC6 RLA    CLOSE                     00FFC3 RLA    
CLRCH                     00FFCC RLA    CURS_X                    0000EC RLZ    
CURS_Y                    0000EB RLZ    LOAD                      00FFD5 RLA    
OPEN                      00FFC0 RLA    READST                    00FFB7 RLA    
SAVE                      00FFD8 RLA    SETLFS                    00FFBA RLA    
SETNAM                    00FFBD RLA    ST                        000090 RLZ    
SWAPPER                   00FF5F RLA    _POKEB_core               000C39 RLA    
_SetLoadSaveBank_core     000C30 RLA    _VDC_addrh                000C00 RLA    
_VDC_addrl                000C01 RLA    _VDC_tmp1                 000C03 RLA    
_VDC_tmp3                 000C04 RLA    _VDC_value                000C02 RLA    
__BSS_RUN__               003C32 RLA    __BSS_SIZE__              0000FB REA    
__CONSTRUCTOR_COUNT__     000002 REA    __CONSTRUCTOR_TABLE__     001C89 RLA    
__DESTRUCTOR_COUNT__      000001 REA    __DESTRUCTOR_TABLE__      003BD3 RLA    
__EXEHDR__                000001 REA    __LOADADDR__              000001 REA    
__MAIN_SIZE__             009BF3 REA    __MAIN_START__            001C0D RLA    
__STACKSIZE__             000800 REA    __STARTUP__               000001 REA    
__ctype                   003B48 RLA    __ctypeidx                003B53 RLA    
__directerrno             00284B RLA    __errno                   003D2A RLA    
__hextab                  003B2C RLA    __longminstr              003B3C RLA    
__oserror                 003CFB RLA    __printf                  002948 RLA    
__seterrno                002BFA RLA    _bgcolor                  002D81 RLA    
_bordercolor              002DA7 RLA    _cbm_close                002C3F REA    
_cbm_k_close              002C3F RLA    _cbm_k_load               002C43 RLA    
_cbm_k_open               002C60 RLA    _cbm_k_save               002C69 RLA    
_cbm_k_setlfs             002C7F RLA    _cbm_k_setnam             002C8D RLA    
_cbm_open                 002CB7 RLA    _cbm_read                 002CCD RLA    
_cgetc                    002D28 RLA    _clrscr                   00C142 REA    
_cprintf                  002DC4 RLA    _cputc                    002DF3 RLA    
_cputcxy                  002DEE RLA    _cputsxy                  002E37 RLA    
_cursor                   002E7E RLA    _exit                     001C42 RLA    
_getcurrentdevice         002E78 RLA    _gotoxy                   002EC4 RLA    
_isdigit                  002F34 RLA    _islower                  002F3C RLA    
_isprint                  002F44 RLA    _isspace                  002F4E RLA    
_isupper                  002F56 RLA    _ltoa                     00309F RLA    
_main                     0020CF RLA    _memcpy                   0031E1 RLA    
_set_c128_speed           002C03 RLA    _sprintf                  0032A5 RLA    
_strlen                   0032F0 RLA    _strlower                 003306 RLA    
_strtol                   00332D RLA    _textcolor                002D58 RLA    
_ultoa                    0030E0 RLA    _vcprintf                 0035F5 RLA    
_videomode                003625 RLA    _vsprintf                 003712 RLA    
addeqysp                  002C15 RLA    addysp                    002C25 RLA    
addysp1                   002C24 RLA    axlong                    002C32 RLA    
axulong                   002C38 RLA    booleq                    0031BB RLA    
boolugt                   0031DA RLA    callmain                  002CA0 RLA    
ctypemask                 002E5A RLA    ctypemaskdirect           002E5E RLA    
cursor                    003CFA RLA    curunit                   003C31 RLA    
decaxy                    002E88 RLA    decsp1                    002E91 RLA    
decsp2                    002E9A RLA    decsp4                    002EA7 RLA    
decsp6                    002EB4 RLA    devnum                    0000BA RLZ    
donecgetc                 002D49  LAI   donelib                   002DB8 RLA    
getlop                    00312D RLA    gotoxy                    002EC1 RLA    
incax1                    002EFC RLA    incsp1                    002F03 RLA    
incsp2                    002F12 RLA    incsp3                    002F20 RLA    
incsp4                    002F25 RLA    incsp6                    002F2A RLA    
incsp7                    002F2F RLA    initcgetc                 001C5E  LAI   
initcurunit               001C7D  LAI   initlib                   001C71 RLA    
ldax0sp                   002FBE RLA    ldaxysp                   002FC0 RLA    
ldeaxysp                  002FC9 RLA    leaa0sp                   002FDA RLA    
mulax10                   00321D RLA    negeax                    003048 RLA    
plot                      002E2F RLA    popa                      003236 RLA    
popax                     002F0A RLA    popptr1                   003242 RLA    
ptr1                      00000A RLZ    ptr2                      00000C RLZ    
ptr3                      00000E RLZ    ptr4                      000010 RLZ    
push0                     00326B RLA    push1                     003250 RLA    
pusha                     003259 RLA    pusha0                    00326D RLA    
pushax                    00326F RLA    pusheax                   00306F RLA    
pushl0                    003066 RLA    pushw0sp                  003285 RLA    
pushwysp                  003287 RLA    regbank                   000016 RLZ    
return0                   0032A1 RLA    sp                        000002 RLZ    
sreg                      000004 RLZ    stax0sp                   0032D0 RLA    
staxysp                   0032D2 RLA    steaxysp                  0032DD RLA    
subysp                    0035A0 RLA    tmp1                      000012 RLZ    
tmp2                      000013 RLZ    tmp3                      000014 RLZ    
tmp4                      000015 RLZ    tosaddeax                 002F64 RLA    
toseqeax                  002FE6 RLA    tosicmp                   002ED0 RLA    
toslcmp                   002F83 RLA    tosudiveax                003122 RLA    
tosugteax                 003196 RLA    tosumodeax                0031A2 RLA    
tosumuleax                002FF2 RLA    udiv32                    003151 RLA    
vsnprintf                 00363B RLA    zerobss                   003724 RLA    



Exports list by value:
----------------------
__DESTRUCTOR_COUNT__      000001 REA    __EXEHDR__                000001 REA    
__LOADADDR__              000001 REA    __STARTUP__               000001 REA    
__CONSTRUCTOR_COUNT__     000002 REA    sp                        000002 RLZ    
sreg                      000004 RLZ    ptr1                      00000A RLZ    
ptr2                      00000C RLZ    ptr3                      00000E RLZ    
ptr4                      000010 RLZ    tmp1                      000012 RLZ    
tmp2                      000013 RLZ    tmp3                      000014 RLZ    
tmp4                      000015 RLZ    regbank                   000016 RLZ    
ST                        000090 RLZ    devnum                    0000BA RLZ    
CURS_Y                    0000EB RLZ    CURS_X                    0000EC RLZ    
__BSS_SIZE__              0000FB REA    __STACKSIZE__             000800 REA    
_VDC_addrh                000C00 RLA    _VDC_addrl                000C01 RLA    
_VDC_value                000C02 RLA    _VDC_tmp1                 000C03 RLA    
_VDC_tmp3                 000C04 RLA    _SetLoadSaveBank_core     000C30 RLA    
_POKEB_core               000C39 RLA    __MAIN_START__            001C0D RLA    
_exit                     001C42 RLA    initcgetc                 001C5E  LAI   
initlib                   001C71 RLA    initcurunit               001C7D  LAI   
__CONSTRUCTOR_TABLE__     001C89 RLA    _main                     0020CF RLA    
__directerrno             00284B RLA    __printf                  002948 RLA    
__seterrno                002BFA RLA    _set_c128_speed           002C03 RLA    
addeqysp                  002C15 RLA    addysp1                   002C24 RLA    
addysp                    002C25 RLA    axlong                    002C32 RLA    
axulong                   002C38 RLA    _cbm_close                002C3F REA    
_cbm_k_close              002C3F RLA    _cbm_k_load               002C43 RLA    
_cbm_k_open               002C60 RLA    _cbm_k_save               002C69 RLA    
_cbm_k_setlfs             002C7F RLA    _cbm_k_setnam             002C8D RLA    
callmain                  002CA0 RLA    _cbm_open                 002CB7 RLA    
_cbm_read                 002CCD RLA    _cgetc                    002D28 RLA    
donecgetc                 002D49  LAI   _textcolor                002D58 RLA    
_bgcolor                  002D81 RLA    _bordercolor              002DA7 RLA    
donelib                   002DB8 RLA    _cprintf                  002DC4 RLA    
_cputcxy                  002DEE RLA    _cputc                    002DF3 RLA    
plot                      002E2F RLA    _cputsxy                  002E37 RLA    
ctypemask                 002E5A RLA    ctypemaskdirect           002E5E RLA    
_getcurrentdevice         002E78 RLA    _cursor                   002E7E RLA    
decaxy                    002E88 RLA    decsp1                    002E91 RLA    
decsp2                    002E9A RLA    decsp4                    002EA7 RLA    
decsp6                    002EB4 RLA    gotoxy                    002EC1 RLA    
_gotoxy                   002EC4 RLA    tosicmp                   002ED0 RLA    
incax1                    002EFC RLA    incsp1                    002F03 RLA    
popax                     002F0A RLA    incsp2                    002F12 RLA    
incsp3                    002F20 RLA    incsp4                    002F25 RLA    
incsp6                    002F2A RLA    incsp7                    002F2F RLA    
_isdigit                  002F34 RLA    _islower                  002F3C RLA    
_isprint                  002F44 RLA    _isspace                  002F4E RLA    
_isupper                  002F56 RLA    tosaddeax                 002F64 RLA    
toslcmp                   002F83 RLA    ldax0sp                   002FBE RLA    
ldaxysp                   002FC0 RLA    ldeaxysp                  002FC9 RLA    
leaa0sp                   002FDA RLA    toseqeax                  002FE6 RLA    
tosumuleax                002FF2 RLA    negeax                    003048 RLA    
pushl0                    003066 RLA    pusheax                   00306F RLA    
_ltoa                     00309F RLA    _ultoa                    0030E0 RLA    
tosudiveax                003122 RLA    getlop                    00312D RLA    
udiv32                    003151 RLA    tosugteax                 003196 RLA    
tosumodeax                0031A2 RLA    booleq                    0031BB RLA    
boolugt                   0031DA RLA    _memcpy                   0031E1 RLA    
mulax10                   00321D RLA    popa                      003236 RLA    
popptr1                   003242 RLA    push1                     003250 RLA    
pusha                     003259 RLA    push0                     00326B RLA    
pusha0                    00326D RLA    pushax                    00326F RLA    
pushw0sp                  003285 RLA    pushwysp                  003287 RLA    
return0                   0032A1 RLA    _sprintf                  0032A5 RLA    
stax0sp                   0032D0 RLA    staxysp                   0032D2 RLA    
steaxysp                  0032DD RLA    _strlen                   0032F0 RLA    
_strlower                 003306 RLA    _strtol                   00332D RLA    
subysp                    0035A0 RLA    _vcprintf                 0035F5 RLA    
_videomode                003625 RLA    vsnprintf                 00363B RLA    
_vsprintf                 003712 RLA    zerobss                   003724 RLA    
__hextab                  003B2C RLA    __longminstr              003B3C RLA    
__ctype                   003B48 RLA    __ctypeidx                003B53 RLA    
__DESTRUCTOR_TABLE__      003BD3 RLA    curunit                   003C31 RLA    
__BSS_RUN__               003C32 RLA    cursor                    003CFA RLA    
__oserror                 003CFB RLA    __errno                   003D2A RLA    
__MAIN_SIZE__             009BF3 REA    _clrscr                   00C142 REA    
SWAPPER                   00FF5F RLA    READST                    00FFB7 RLA    
SETLFS                    00FFBA RLA    SETNAM                    00FFBD RLA    
OPEN                      00FFC0 RLA    CLOSE                     00FFC3 RLA    
CHKIN                     00FFC6 RLA    CLRCH                     00FFCC RLA    
BASIN                     00FFCF RLA    BSOUT                     00FFD2 RLA    
LOAD                      00FFD5 RLA    SAVE                      00FFD8 RLA    



Imports list:
-------------
BASIN (kernal.o):
    cbm_read.o                cbm/cbm.inc:47
BSOUT (kernal.o):
    videomode.o               c128/videomode.s:9
    crt0.o                    c128/crt0.s:10
CHKIN (kernal.o):
    cbm_read.o                cbm/cbm.inc:44
CLOSE (kernal.o):
    c_close.o                 cbm/cbm.inc:36
CLRCH (kernal.o):
    cbm_read.o                cbm/cbm.inc:46
CURS_X (conio.o):
    gotoxy.o                  cbm/gotoxy.s:9
CURS_Y (conio.o):
    gotoxy.o                  cbm/gotoxy.s:9
LOAD (kernal.o):
    c_load.o                  cbm/cbm.inc:37
OPEN (kernal.o):
    c_open.o                  cbm/cbm.inc:35
READST (kernal.o):
    cbm_read.o                cbm/cbm.inc:32
SAVE (kernal.o):
    c_save.o                  cbm/cbm.inc:38
SETLFS (kernal.o):
    c_setlfs.o                cbm/cbm.inc:33
SETNAM (kernal.o):
    c_setnam.o                cbm/cbm.inc:34
ST (status.o):
    crt0.o                    c128/crt0.s:12
SWAPPER (kernal.o):
    videomode.o               c128/videomode.s:9
_POKEB_core (prggenmaco.o):
    prggenerator.o            src/prggenerator.s:48
_SetLoadSaveBank_core (prggenmaco.o):
    prggenerator.o            src/prggenerator.s:47
_VDC_addrh (prggenmaco.o):
    prggenerator.o            src/prggenerator.s:42
_VDC_addrl (prggenmaco.o):
    prggenerator.o            src/prggenerator.s:43
_VDC_tmp1 (prggenmaco.o):
    prggenerator.o            src/prggenerator.s:45
_VDC_tmp3 (prggenmaco.o):
    prggenerator.o            src/prggenerator.s:46
_VDC_value (prggenmaco.o):
    prggenerator.o            src/prggenerator.s:44
__BSS_RUN__ ([linker generated]):
    zerobss.o                 common/zerobss.s:8
__BSS_SIZE__ ([linker generated]):
    zerobss.o                 common/zerobss.s:8
__CONSTRUCTOR_COUNT__ ([linker generated]):
    condes.o                  runtime/condes.s:18
__CONSTRUCTOR_TABLE__ ([linker generated]):
    condes.o                  runtime/condes.s:18
__DESTRUCTOR_COUNT__ ([linker generated]):
    condes.o                  runtime/condes.s:19
__DESTRUCTOR_TABLE__ ([linker generated]):
    condes.o                  runtime/condes.s:19
__EXEHDR__ (exehdr.o):
    [linker generated]        vdcsegen-cc65config.cfg:3
__LOADADDR__ (loadaddr.o):
    [linker generated]        vdcsegen-cc65config.cfg:2
__MAIN_SIZE__ ([linker generated]):
    crt0.o                    c128/crt0.s:11
__MAIN_START__ ([linker generated]):
    crt0.o                    c128/crt0.s:11
__STACKSIZE__ ([linker generated]):
    crt0.o                    c128/crt0.s:11
    [linker generated]        vdcsegen-cc65config.cfg:12
    [linker generated]        vdcsegen-cc65config.cfg:10
__STARTUP__ (crt0.o):
    prggenerator.o            src/prggenerator.s:13
__ctype (ctype.o):
    ctypemask.o               common/ctypemask.s:23
__ctypeidx (ctype.o):
    ctypemask.o               common/ctypemask.s:24
__directerrno (_directerrno.o):
    vsnprintf.o               /mnt/d/retro/cc65/asminc/errno.inc:10
__errno (errno.o):
    _seterrno.o               /mnt/d/retro/cc65/asminc/errno.inc:7
__hextab (_hextab.o):
    ltoa.o                    common/ltoa.s:10
__longminstr (_longminstr.o):
    ltoa.o                    common/ltoa.s:10
__oserror (_oserror.o):
    _directerrno.o            /mnt/d/retro/cc65/asminc/errno.inc:7
    cbm_read.o                cbm/cbm_read.s:44
    cbm_open.o                cbm/cbm_open.s:24
    c_load.o                  cbm/c_load.s:10
    prggenerator.o            src/prggenerator.s:37
__printf (_printf.o):
    vsnprintf.o               common/vsnprintf.s:10
    vcprintf.o                conio/vcprintf.s:9
__seterrno (_seterrno.o):
    _directerrno.o            /mnt/d/retro/cc65/asminc/errno.inc:9
    strtol.o                  ../libwrk/c128/strtol.s:17
_bgcolor (color.o):
    prggenerator.o            src/prggenerator.s:33
_bordercolor (color.o):
    prggenerator.o            src/prggenerator.s:34
_cbm_close (cbm_close.o):
    prggenerator.o            src/prggenerator.s:22
_cbm_k_close (c_close.o):
    cbm_close.o               cbm/cbm_close.s:7
_cbm_k_load (c_load.o):
    prggenerator.o            src/prggenerator.s:17
_cbm_k_open (c_open.o):
    cbm_open.o                cbm/cbm_open.s:23
_cbm_k_save (c_save.o):
    prggenerator.o            src/prggenerator.s:18
_cbm_k_setlfs (c_setlfs.o):
    cbm_open.o                cbm/cbm_open.s:23
    prggenerator.o            src/prggenerator.s:19
_cbm_k_setnam (c_setnam.o):
    cbm_open.o                cbm/cbm_open.s:23
    prggenerator.o            src/prggenerator.s:20
_cbm_open (cbm_open.o):
    prggenerator.o            src/prggenerator.s:21
_cbm_read (cbm_read.o):
    prggenerator.o            src/prggenerator.s:23
_cgetc (cgetc.o):
    prggenerator.o            src/prggenerator.s:30
_clrscr (clrscr.o):
    prggenerator.o            src/prggenerator.s:24
_cprintf (cprintf.o):
    prggenerator.o            src/prggenerator.s:29
_cputc (cputc.o):
    vcprintf.o                conio/vcprintf.s:9
    cputs.o                   conio/cputs.s:9
    prggenerator.o            src/prggenerator.s:26
_cputcxy (cputc.o):
    prggenerator.o            src/prggenerator.s:27
_cputsxy (cputs.o):
    prggenerator.o            src/prggenerator.s:28
_cursor (cursor.o):
    prggenerator.o            src/prggenerator.s:31
_exit (crt0.o):
    prggenerator.o            src/prggenerator.s:35
_getcurrentdevice (curdevice.o):
    prggenerator.o            src/prggenerator.s:39
_gotoxy (gotoxy.o):
    prggenerator.o            src/prggenerator.s:25
_isdigit (isdigit.o):
    strtol.o                  ../libwrk/c128/strtol.s:13
_islower (islower.o):
    strtol.o                  ../libwrk/c128/strtol.s:14
_isprint (isprint.o):
    prggenerator.o            src/prggenerator.s:38
_isspace (isspace.o):
    strtol.o                  ../libwrk/c128/strtol.s:15
_isupper (isupper.o):
    strtol.o                  ../libwrk/c128/strtol.s:16
_ltoa (ltoa.o):
    _printf.o                 common/_printf.s:12
_main (prggenerator.o):
    callmain.o                runtime/callmain.s:11
_memcpy (memcpy.o):
    vsnprintf.o               common/vsnprintf.s:10
_set_c128_speed (acc_c128_speed.o):
    prggenerator.o            src/prggenerator.s:40
_sprintf (sprintf.o):
    prggenerator.o            src/prggenerator.s:14
_strlen (strlen.o):
    _printf.o                 common/_printf.s:13
    prggenerator.o            src/prggenerator.s:15
_strlower (strlower.o):
    _printf.o                 common/_printf.s:13
_strtol (strtol.o):
    prggenerator.o            src/prggenerator.s:36
_textcolor (color.o):
    prggenerator.o            src/prggenerator.s:32
_ultoa (ltoa.o):
    _printf.o                 common/_printf.s:12
_vcprintf (vcprintf.o):
    cprintf.o                 conio/cprintf.s:8
_videomode (videomode.o):
    prggenerator.o            src/prggenerator.s:16
_vsprintf (vsprintf.o):
    sprintf.o                 common/sprintf.s:8
addeqysp (addeqsp.o):
    strtol.o                  ../libwrk/c128/strtol.s:320
    prggenerator.o            src/prggenerator.s:1659
addysp (addysp.o):
    incsp6.o                  runtime/incsp6.s:8
    strtol.o                  ../libwrk/c128/strtol.s:320
    sprintf.o                 common/sprintf.s:8
    incsp7.o                  runtime/incsp7.s:8
    incsp4.o                  runtime/incsp4.s:8
    incsp3.o                  runtime/incsp3.s:8
    cprintf.o                 conio/cprintf.s:8
    prggenerator.o            src/prggenerator.s:1659
    prggenerator.o            src/prggenerator.s:1659
addysp1 (addysp.o):
    ludiv.o                   runtime/ludiv.s:9
    lmul.o                    runtime/lmul.s:9
    ladd.o                    runtime/ladd.s:8
axlong (axlong.o):
    _printf.o                 common/_printf.s:11
    strtol.o                  ../libwrk/c128/strtol.s:320
axulong (axlong.o):
    _printf.o                 common/_printf.s:11
    strtol.o                  ../libwrk/c128/strtol.s:320
booleq (makebool.o):
    leq.o                     runtime/leq.s:8
    prggenerator.o            src/prggenerator.s:1659
boolugt (makebool.o):
    lugt.o                    runtime/lugt.s:8
callmain (callmain.o):
    crt0.o                    c128/crt0.s:9
ctypemask (ctypemask.o):
    isupper.o                 common/isupper.s:15
    isspace.o                 common/isspace.s:15
    islower.o                 common/islower.s:15
    isdigit.o                 common/isdigit.s:15
    isprint.o                 common/isprint.s:15
ctypemaskdirect (ctypemask.o):
    strlower.o                common/strlower.s:14
cursor (_cursor.o):
    cursor.o                  conio/cursor.s:8
    cgetc.o                   c128/cgetc.s:11
curunit (filevars.o):
    curdevice.o               cbm/curdevice.s:8
decaxy (decaxy.o):
    strtol.o                  ../libwrk/c128/strtol.s:320
    prggenerator.o            src/prggenerator.s:1659
decsp1 (decsp1.o):
    prggenerator.o            src/prggenerator.s:1659
decsp2 (decsp2.o):
    prggenerator.o            src/prggenerator.s:1659
    prggenerator.o            src/prggenerator.s:1659
decsp4 (decsp4.o):
    lpush.o                   runtime/lpush.s:12
    sprintf.o                 common/sprintf.s:8
    prggenerator.o            src/prggenerator.s:1659
decsp6 (decsp6.o):
    _printf.o                 common/_printf.s:11
    strtol.o                  ../libwrk/c128/strtol.s:320
devnum (devnum.o):
    filevars.o                cbm/filevars.s:9
donelib (condes.o):
    crt0.o                    c128/crt0.s:7
getlop (ludiv.o):
    lumod.o                   runtime/lumod.s:9
gotoxy (gotoxy.o):
    cputs.o                   conio/cputs.s:9
    cputc.o                   c128/cputc.s:11
incax1 (incax1.o):
    strtol.o                  ../libwrk/c128/strtol.s:320
    prggenerator.o            src/prggenerator.s:1659
incsp1 (incsp1.o):
    prggenerator.o            src/prggenerator.s:1659
    prggenerator.o            src/prggenerator.s:1659
incsp2 (incsp2.o):
    vsnprintf.o               common/vsnprintf.s:9
    popptr1.o                 runtime/popptr1.s:8
incsp3 (incsp3.o):
    prggenerator.o            src/prggenerator.s:1659
incsp4 (incsp4.o):
    lcmp.o                    runtime/lcmp.s:9
    prggenerator.o            src/prggenerator.s:1659
incsp6 (incsp6.o):
    vsnprintf.o               common/vsnprintf.s:9
incsp7 (incsp7.o):
    prggenerator.o            src/prggenerator.s:1659
    prggenerator.o            src/prggenerator.s:1659
initlib (condes.o):
    crt0.o                    c128/crt0.s:7
ldax0sp (ldaxsp.o):
    prggenerator.o            src/prggenerator.s:1659
    prggenerator.o            src/prggenerator.s:1659
ldaxysp (ldaxsp.o):
    vsnprintf.o               common/vsnprintf.s:9
    strtol.o                  ../libwrk/c128/strtol.s:320
    prggenerator.o            src/prggenerator.s:1659
    prggenerator.o            src/prggenerator.s:1659
    prggenerator.o            src/prggenerator.s:1659
    prggenerator.o            src/prggenerator.s:1659
ldeaxysp (ldeaxysp.o):
    strtol.o                  ../libwrk/c128/strtol.s:320
leaa0sp (leaaxsp.o):
    prggenerator.o            src/prggenerator.s:1659
mulax10 (mulax10.o):
    prggenerator.o            src/prggenerator.s:1659
negeax (lneg.o):
    ltoa.o                    common/ltoa.s:9
    strtol.o                  ../libwrk/c128/strtol.s:320
plot (cputc.o):
    gotoxy.o                  cbm/gotoxy.s:8
popa (popa.o):
    gotoxy.o                  cbm/gotoxy.s:8
    cbm_read.o                cbm/cbm_read.s:43
    cbm_open.o                cbm/cbm_open.s:22
    c_setlfs.o                cbm/c_setlfs.s:12
    c_load.o                  cbm/c_load.s:11
popax (incsp2.o):
    memcpy.o                  common/memcpy.s:14
    vsnprintf.o               common/vsnprintf.s:9
    ltoa.o                    common/ltoa.s:9
    _printf.o                 common/_printf.s:11
    vcprintf.o                conio/vcprintf.s:8
    cbm_read.o                cbm/cbm_read.s:43
popptr1 (popptr1.o):
    memcpy.o                  common/memcpy.s:14
    ltoa.o                    common/ltoa.s:9
    vcprintf.o                conio/vcprintf.s:8
    c_save.o                  cbm/c_save.s:10
ptr1 (zeropage.o):
    memcpy.o                  common/memcpy.s:15
    lcmp.o                    runtime/lcmp.s:10
    vsnprintf.o               common/vsnprintf.s:11
    strlower.o                common/strlower.s:13
    ludiv.o                   runtime/ludiv.s:10
    ltoa.o                    common/ltoa.s:11
    lmul.o                    runtime/lmul.s:10
    _printf.o                 /mnt/d/retro/cc65/asminc/zeropage.inc:12
    zerobss.o                 common/zerobss.s:9
    vcprintf.o                conio/vcprintf.s:10
    strtol.o                  ../libwrk/c128/strtol.s:11
    sprintf.o                 common/sprintf.s:9
    popptr1.o                 runtime/popptr1.s:9
    mulax10.o                 runtime/mulax10.s:9
    cputs.o                   conio/cputs.s:10
    cprintf.o                 conio/cprintf.s:9
    cbm_read.o                cbm/cbm_read.s:42
    c_setnam.o                cbm/c_setnam.s:10
    c_save.o                  cbm/c_save.s:11
    c_load.o                  cbm/c_load.s:12
    prggenerator.o            src/prggenerator.s:11
ptr2 (zeropage.o):
    memcpy.o                  common/memcpy.s:15
    strlower.o                common/strlower.s:13
    lumod.o                   runtime/lumod.s:10
    ludiv.o                   runtime/ludiv.s:10
    ltoa.o                    common/ltoa.s:11
    _printf.o                 /mnt/d/retro/cc65/asminc/zeropage.inc:12
    vcprintf.o                conio/vcprintf.s:10
    strlen.o                  common/strlen.s:12
    cbm_read.o                cbm/cbm_read.s:42
ptr3 (zeropage.o):
    memcpy.o                  common/memcpy.s:15
    ludiv.o                   runtime/ludiv.s:10
    ltoa.o                    common/ltoa.s:11
    lmul.o                    runtime/lmul.s:10
    vcprintf.o                conio/vcprintf.s:10
    cbm_read.o                cbm/cbm_read.s:42
ptr4 (zeropage.o):
    ludiv.o                   runtime/ludiv.s:10
    lmul.o                    runtime/lmul.s:10
push0 (pushax.o):
    strtol.o                  ../libwrk/c128/strtol.s:320
    prggenerator.o            src/prggenerator.s:1659
push1 (push1.o):
    _printf.o                 common/_printf.s:11
pusha (pusha.o):
    strtol.o                  ../libwrk/c128/strtol.s:320
    prggenerator.o            src/prggenerator.s:1659
    prggenerator.o            src/prggenerator.s:1659
    prggenerator.o            src/prggenerator.s:1659
    prggenerator.o            src/prggenerator.s:1659
    prggenerator.o            src/prggenerator.s:1659
    prggenerator.o            src/prggenerator.s:1659
    prggenerator.o            src/prggenerator.s:1659
pusha0 (pushax.o):
    push1.o                   runtime/push1.s:8
    prggenerator.o            src/prggenerator.s:1659
    prggenerator.o            src/prggenerator.s:1659
pushax (pushax.o):
    callmain.o                runtime/callmain.s:11
    _printf.o                 common/_printf.s:11
    vcprintf.o                conio/vcprintf.s:8
    strtol.o                  ../libwrk/c128/strtol.s:320
    cprintf.o                 conio/cprintf.s:8
    prggenerator.o            src/prggenerator.s:1659
    prggenerator.o            src/prggenerator.s:1659
    prggenerator.o            src/prggenerator.s:1659
pusheax (lpush.o):
    _printf.o                 common/_printf.s:11
    strtol.o                  ../libwrk/c128/strtol.s:320
pushl0 (lpush.o):
    strtol.o                  ../libwrk/c128/strtol.s:320
pushw0sp (pushwsp.o):
    vsprintf.o                common/vsprintf.s:8
pushwysp (pushwsp.o):
    prggenerator.o            src/prggenerator.s:1659
    prggenerator.o            src/prggenerator.s:1659
regbank (zeropage.o):
    _printf.o                 /mnt/d/retro/cc65/asminc/zeropage.inc:14
    strtol.o                  ../libwrk/c128/strtol.s:10
return0 (return0.o):
    color.o                   c128/color.s:10
sp (zeropage.o):
    memcpy.o                  common/memcpy.s:15
    lcmp.o                    runtime/lcmp.s:10
    vsnprintf.o               common/vsnprintf.s:11
    steaxsp.o                 runtime/steaxsp.s:8
    ludiv.o                   runtime/ludiv.s:10
    lpush.o                   runtime/lpush.s:13
    lmul.o                    runtime/lmul.s:10
    ldeaxysp.o                runtime/ldeaxysp.s:12
    ladd.o                    runtime/ladd.s:9
    decsp6.o                  runtime/decsp6.s:8
    _printf.o                 /mnt/d/retro/cc65/asminc/zeropage.inc:11
    vcprintf.o                conio/vcprintf.s:10
    subysp.o                  runtime/subysp.s:9
    strtol.o                  ../libwrk/c128/strtol.s:10
    staxsp.o                  runtime/staxsp.s:8
    sprintf.o                 common/sprintf.s:9
    pushwsp.o                 runtime/pushwsp.s:8
    pushax.o                  runtime/pushax.s:8
    pusha.o                   runtime/pusha.s:8
    popptr1.o                 runtime/popptr1.s:9
    popa.o                    runtime/popa.s:8
    leaaxsp.o                 runtime/leaaxsp.s:8
    ldaxsp.o                  runtime/ldaxsp.s:8
    incsp2.o                  runtime/incsp2.s:8
    incsp1.o                  runtime/incsp1.s:8
    icmp.o                    runtime/icmp.s:9
    decsp4.o                  runtime/decsp4.s:8
    decsp2.o                  runtime/decsp2.s:8
    decsp1.o                  runtime/decsp1.s:8
    crt0.o                    /mnt/d/retro/cc65/asminc/zeropage.inc:11
    cprintf.o                 conio/cprintf.s:9
    addysp.o                  runtime/addysp.s:8
    addeqsp.o                 runtime/addeqsp.s:8
    prggenerator.o            src/prggenerator.s:10
sreg (zeropage.o):
    lcmp.o                    runtime/lcmp.s:10
    steaxsp.o                 runtime/steaxsp.s:8
    lumod.o                   runtime/lumod.s:10
    ludiv.o                   runtime/ludiv.s:10
    ltoa.o                    common/ltoa.s:11
    lpush.o                   runtime/lpush.s:13
    lneg.o                    runtime/lneg.s:11
    lmul.o                    runtime/lmul.s:10
    ldeaxysp.o                runtime/ldeaxysp.s:12
    ladd.o                    runtime/ladd.s:9
    axlong.o                  runtime/axlong.s:9
    _printf.o                 /mnt/d/retro/cc65/asminc/zeropage.inc:11
    strtol.o                  ../libwrk/c128/strtol.s:10
    icmp.o                    runtime/icmp.s:9
    prggenerator.o            src/prggenerator.s:10
stax0sp (staxsp.o):
    prggenerator.o            src/prggenerator.s:1659
    prggenerator.o            src/prggenerator.s:1659
staxysp (staxsp.o):
    vsprintf.o                common/vsprintf.s:8
    strtol.o                  ../libwrk/c128/strtol.s:320
    prggenerator.o            src/prggenerator.s:1659
steaxysp (steaxsp.o):
    strtol.o                  ../libwrk/c128/strtol.s:320
subysp (subysp.o):
    prggenerator.o            src/prggenerator.s:1659
tmp1 (zeropage.o):
    ltoa.o                    common/ltoa.s:11
    ladd.o                    runtime/ladd.s:9
    _printf.o                 /mnt/d/retro/cc65/asminc/zeropage.inc:13
    vcprintf.o                conio/vcprintf.s:10
    strtol.o                  ../libwrk/c128/strtol.s:11
    decaxy.o                  runtime/decaxy.s:8
    cputs.o                   conio/cputs.s:10
    cbm_read.o                cbm/cbm_read.s:42
    c_setlfs.o                cbm/c_setlfs.s:13
    c_save.o                  cbm/c_save.s:11
    prggenerator.o            src/prggenerator.s:11
tmp2 (zeropage.o):
    lmul.o                    runtime/lmul.s:10
tmp3 (zeropage.o):
    lumod.o                   runtime/lumod.s:10
    ludiv.o                   runtime/ludiv.s:10
    lmul.o                    runtime/lmul.s:10
tmp4 (zeropage.o):
    lumod.o                   runtime/lumod.s:10
    ludiv.o                   runtime/ludiv.s:10
    lmul.o                    runtime/lmul.s:10
tosaddeax (ladd.o):
    strtol.o                  ../libwrk/c128/strtol.s:320
toseqeax (leq.o):
    strtol.o                  ../libwrk/c128/strtol.s:320
tosicmp (icmp.o):
    prggenerator.o            src/prggenerator.s:1659
    prggenerator.o            src/prggenerator.s:1659
toslcmp (lcmp.o):
    lugt.o                    runtime/lugt.s:8
    leq.o                     runtime/leq.s:8
tosudiveax (ludiv.o):
    strtol.o                  ../libwrk/c128/strtol.s:320
tosugteax (lugt.o):
    strtol.o                  ../libwrk/c128/strtol.s:320
tosumodeax (lumod.o):
    strtol.o                  ../libwrk/c128/strtol.s:320
tosumuleax (lmul.o):
    strtol.o                  ../libwrk/c128/strtol.s:320
udiv32 (ludiv.o):
    lumod.o                   runtime/lumod.s:9
vsnprintf (vsnprintf.o):
    vsprintf.o                common/vsprintf.s:9
zerobss (zerobss.o):
    crt0.o                    c128/crt0.s:8

