Modules list:
-------------
vdc_core_assembly.o:
    MACO              Offs=000000  Size=00047F  Align=00001  Fill=0000
bootsect.o:
    BOOTSECT          Offs=000000  Size=000100  Align=00100  Fill=0000
visualpetscii.o:
    PETSCII           Offs=000000  Size=000102  Align=00001  Fill=0000
main.o:
    CODE              Offs=000000  Size=006DEA  Align=00001  Fill=0000
    RODATA            Offs=000000  Size=0004BD  Align=00001  Fill=0000
    BSS               Offs=000000  Size=000228  Align=00001  Fill=0000
    DATA              Offs=000000  Size=0001D7  Align=00001  Fill=0000
vdc_core.o:
    CODE              Offs=006DEA  Size=000D8D  Align=00001  Fill=0000
    RODATA            Offs=0004BD  Size=00004E  Align=00001  Fill=0000
    DATA              Offs=0001D7  Size=000014  Align=00001  Fill=0000
/mnt/d/retro/cc65/lib/c128.lib(_cursor.o):
    BSS               Offs=000228  Size=000001  Align=00001  Fill=0000
/mnt/d/retro/cc65/lib/c128.lib(_directerrno.o):
    CODE              Offs=007B77  Size=00000A  Align=00001  Fill=0000
/mnt/d/retro/cc65/lib/c128.lib(_file.o):
    DATA              Offs=0001EB  Size=00001E  Align=00001  Fill=0000
/mnt/d/retro/cc65/lib/c128.lib(_hextab.o):
    RODATA            Offs=00050B  Size=000010  Align=00001  Fill=0000
/mnt/d/retro/cc65/lib/c128.lib(_longminstr.o):
    RODATA            Offs=00051B  Size=00000C  Align=00001  Fill=0000
/mnt/d/retro/cc65/lib/c128.lib(_mappederrno.o):
    CODE              Offs=007B81  Size=000010  Align=00001  Fill=0000
/mnt/d/retro/cc65/lib/c128.lib(_oserror.o):
    BSS               Offs=000229  Size=000001  Align=00001  Fill=0000
/mnt/d/retro/cc65/lib/c128.lib(_printf.o):
    CODE              Offs=007B91  Size=0003A5  Align=00001  Fill=0000
    BSS               Offs=00022A  Size=00002B  Align=00001  Fill=0000
    DATA              Offs=000209  Size=000003  Align=00001  Fill=0000
/mnt/d/retro/cc65/lib/c128.lib(_seterrno.o):
    CODE              Offs=007F36  Size=000009  Align=00001  Fill=0000
/mnt/d/retro/cc65/lib/c128.lib(acc_c128_speed.o):
    CODE              Offs=007F3F  Size=000010  Align=00001  Fill=0000
/mnt/d/retro/cc65/lib/c128.lib(add.o):
    CODE              Offs=007F4F  Size=00001C  Align=00001  Fill=0000
/mnt/d/retro/cc65/lib/c128.lib(addeqsp.o):
    CODE              Offs=007F6B  Size=000011  Align=00001  Fill=0000
/mnt/d/retro/cc65/lib/c128.lib(addysp.o):
    CODE              Offs=007F7C  Size=00000E  Align=00001  Fill=0000
/mnt/d/retro/cc65/lib/c128.lib(aslax1.o):
    CODE              Offs=007F8A  Size=000008  Align=00001  Fill=0000
/mnt/d/retro/cc65/lib/c128.lib(aslax2.o):
    CODE              Offs=007F92  Size=00000B  Align=00001  Fill=0000
/mnt/d/retro/cc65/lib/c128.lib(aslax3.o):
    CODE              Offs=007F9D  Size=00000E  Align=00001  Fill=0000
/mnt/d/retro/cc65/lib/c128.lib(aslax4.o):
    CODE              Offs=007FAB  Size=000011  Align=00001  Fill=0000
/mnt/d/retro/cc65/lib/c128.lib(axlong.o):
    CODE              Offs=007FBC  Size=00000D  Align=00001  Fill=0000
/mnt/d/retro/cc65/lib/c128.lib(c_close.o):
    CODE              Offs=007FC9  Size=000004  Align=00001  Fill=0000
/mnt/d/retro/cc65/lib/c128.lib(c_load.o):
    CODE              Offs=007FCD  Size=00001D  Align=00001  Fill=0000
/mnt/d/retro/cc65/lib/c128.lib(c_open.o):
    CODE              Offs=007FEA  Size=000009  Align=00001  Fill=0000
/mnt/d/retro/cc65/lib/c128.lib(c_save.o):
    CODE              Offs=007FF3  Size=000016  Align=00001  Fill=0000
/mnt/d/retro/cc65/lib/c128.lib(c_setlfs.o):
    CODE              Offs=008009  Size=00000E  Align=00001  Fill=0000
/mnt/d/retro/cc65/lib/c128.lib(c_setnam.o):
    CODE              Offs=008017  Size=000013  Align=00001  Fill=0000
/mnt/d/retro/cc65/lib/c128.lib(callmain.o):
    CODE              Offs=00802A  Size=000017  Align=00001  Fill=0000
    DATA              Offs=00020C  Size=000004  Align=00001  Fill=0000
/mnt/d/retro/cc65/lib/c128.lib(cbm_close.o):
/mnt/d/retro/cc65/lib/c128.lib(cbm_open.o):
    CODE              Offs=008041  Size=000016  Align=00001  Fill=0000
/mnt/d/retro/cc65/lib/c128.lib(cbm_read.o):
    CODE              Offs=008057  Size=00005B  Align=00001  Fill=0000
/mnt/d/retro/cc65/lib/c128.lib(cgetc.o):
    CODE              Offs=0080B2  Size=000030  Align=00001  Fill=0000
    INIT              Offs=000000  Size=000002  Align=00001  Fill=0000
    ONCE              Offs=000000  Size=000013  Align=00001  Fill=0000
/mnt/d/retro/cc65/lib/c128.lib(clrscr.o):
/mnt/d/retro/cc65/lib/c128.lib(color.o):
    CODE              Offs=0080E2  Size=000060  Align=00001  Fill=0000
/mnt/d/retro/cc65/lib/c128.lib(condes.o):
    CODE              Offs=008142  Size=00000C  Align=00001  Fill=0000
    DATA              Offs=000210  Size=000025  Align=00001  Fill=0000
    ONCE              Offs=000013  Size=00000C  Align=00001  Fill=0000
/mnt/d/retro/cc65/lib/c128.lib(conio.o):
/mnt/d/retro/cc65/lib/c128.lib(cputc.o):
    CODE              Offs=00814E  Size=000049  Align=00001  Fill=0000
/mnt/d/retro/cc65/lib/c128.lib(crt0.o):
    BSS               Offs=000255  Size=000002  Align=00001  Fill=0000
    STARTUP           Offs=000000  Size=000051  Align=00001  Fill=0000
    INIT              Offs=000002  Size=00001A  Align=00001  Fill=0000
/mnt/d/retro/cc65/lib/c128.lib(ctype.o):
    RODATA            Offs=000527  Size=00008B  Align=00001  Fill=0000
/mnt/d/retro/cc65/lib/c128.lib(ctypemask.o):
    CODE              Offs=008197  Size=00001E  Align=00001  Fill=0000
/mnt/d/retro/cc65/lib/c128.lib(curdevice.o):
    CODE              Offs=0081B5  Size=000006  Align=00001  Fill=0000
/mnt/d/retro/cc65/lib/c128.lib(cursor.o):
    CODE              Offs=0081BB  Size=00000A  Align=00001  Fill=0000
/mnt/d/retro/cc65/lib/c128.lib(decax1.o):
    CODE              Offs=0081C5  Size=000007  Align=00001  Fill=0000
/mnt/d/retro/cc65/lib/c128.lib(decax2.o):
    CODE              Offs=0081CC  Size=000007  Align=00001  Fill=0000
/mnt/d/retro/cc65/lib/c128.lib(decaxy.o):
    CODE              Offs=0081D3  Size=000009  Align=00001  Fill=0000
/mnt/d/retro/cc65/lib/c128.lib(decsp1.o):
    CODE              Offs=0081DC  Size=000009  Align=00001  Fill=0000
/mnt/d/retro/cc65/lib/c128.lib(decsp2.o):
    CODE              Offs=0081E5  Size=00000D  Align=00001  Fill=0000
/mnt/d/retro/cc65/lib/c128.lib(decsp3.o):
    CODE              Offs=0081F2  Size=00000D  Align=00001  Fill=0000
/mnt/d/retro/cc65/lib/c128.lib(decsp4.o):
    CODE              Offs=0081FF  Size=00000D  Align=00001  Fill=0000
/mnt/d/retro/cc65/lib/c128.lib(decsp5.o):
    CODE              Offs=00820C  Size=00000D  Align=00001  Fill=0000
/mnt/d/retro/cc65/lib/c128.lib(decsp6.o):
    CODE              Offs=008219  Size=00000D  Align=00001  Fill=0000
/mnt/d/retro/cc65/lib/c128.lib(decsp7.o):
    CODE              Offs=008226  Size=00000D  Align=00001  Fill=0000
/mnt/d/retro/cc65/lib/c128.lib(devnum.o):
/mnt/d/retro/cc65/lib/c128.lib(errno.o):
    BSS               Offs=000257  Size=000002  Align=00001  Fill=0000
/mnt/d/retro/cc65/lib/c128.lib(exehdr.o):
    EXEHDR            Offs=000000  Size=00000C  Align=00001  Fill=0000
/mnt/d/retro/cc65/lib/c128.lib(filedes.o):
    CODE              Offs=008233  Size=00000E  Align=00001  Fill=0000
    DATA              Offs=000235  Size=000010  Align=00001  Fill=0000
/mnt/d/retro/cc65/lib/c128.lib(filevars.o):
    INIT              Offs=00001C  Size=000001  Align=00001  Fill=0000
    ONCE              Offs=00001F  Size=00000C  Align=00001  Fill=0000
/mnt/d/retro/cc65/lib/c128.lib(fwrite.o):
    CODE              Offs=008241  Size=00007B  Align=00001  Fill=0000
    BSS               Offs=000259  Size=000002  Align=00001  Fill=0000
/mnt/d/retro/cc65/lib/c128.lib(gotoxy.o):
    CODE              Offs=0082BC  Size=00000D  Align=00001  Fill=0000
/mnt/d/retro/cc65/lib/c128.lib(icmp.o):
    CODE              Offs=0082C9  Size=00002E  Align=00001  Fill=0000
/mnt/d/retro/cc65/lib/c128.lib(incax1.o):
    CODE              Offs=0082F7  Size=000007  Align=00001  Fill=0000
/mnt/d/retro/cc65/lib/c128.lib(incax2.o):
    CODE              Offs=0082FE  Size=000007  Align=00001  Fill=0000
/mnt/d/retro/cc65/lib/c128.lib(incax6.o):
    CODE              Offs=008305  Size=000005  Align=00001  Fill=0000
/mnt/d/retro/cc65/lib/c128.lib(incaxy.o):
    CODE              Offs=00830A  Size=00000B  Align=00001  Fill=0000
/mnt/d/retro/cc65/lib/c128.lib(incsp1.o):
    CODE              Offs=008315  Size=000007  Align=00001  Fill=0000
/mnt/d/retro/cc65/lib/c128.lib(incsp2.o):
    CODE              Offs=00831C  Size=000016  Align=00001  Fill=0000
/mnt/d/retro/cc65/lib/c128.lib(incsp3.o):
    CODE              Offs=008332  Size=000005  Align=00001  Fill=0000
/mnt/d/retro/cc65/lib/c128.lib(incsp4.o):
    CODE              Offs=008337  Size=000005  Align=00001  Fill=0000
/mnt/d/retro/cc65/lib/c128.lib(incsp5.o):
    CODE              Offs=00833C  Size=000005  Align=00001  Fill=0000
/mnt/d/retro/cc65/lib/c128.lib(incsp6.o):
    CODE              Offs=008341  Size=000005  Align=00001  Fill=0000
/mnt/d/retro/cc65/lib/c128.lib(incsp7.o):
    CODE              Offs=008346  Size=000005  Align=00001  Fill=0000
/mnt/d/retro/cc65/lib/c128.lib(incsp8.o):
    CODE              Offs=00834B  Size=000005  Align=00001  Fill=0000
/mnt/d/retro/cc65/lib/c128.lib(isdigit.o):
    CODE              Offs=008350  Size=000008  Align=00001  Fill=0000
/mnt/d/retro/cc65/lib/c128.lib(islower.o):
    CODE              Offs=008358  Size=000008  Align=00001  Fill=0000
/mnt/d/retro/cc65/lib/c128.lib(isprint.o):
    CODE              Offs=008360  Size=00000A  Align=00001  Fill=0000
/mnt/d/retro/cc65/lib/c128.lib(isspace.o):
    CODE              Offs=00836A  Size=000008  Align=00001  Fill=0000
/mnt/d/retro/cc65/lib/c128.lib(isupper.o):
    CODE              Offs=008372  Size=000008  Align=00001  Fill=0000
/mnt/d/retro/cc65/lib/c128.lib(kernal.o):
/mnt/d/retro/cc65/lib/c128.lib(ladd.o):
    CODE              Offs=00837A  Size=000025  Align=00001  Fill=0000
/mnt/d/retro/cc65/lib/c128.lib(lcmp.o):
    CODE              Offs=00839F  Size=00003B  Align=00001  Fill=0000
/mnt/d/retro/cc65/lib/c128.lib(ldaxi.o):
    CODE              Offs=0083DA  Size=00000D  Align=00001  Fill=0000
/mnt/d/retro/cc65/lib/c128.lib(ldaxsp.o):
    CODE              Offs=0083E7  Size=000009  Align=00001  Fill=0000
/mnt/d/retro/cc65/lib/c128.lib(ldeaxysp.o):
    CODE              Offs=0083F0  Size=000013  Align=00001  Fill=0000
/mnt/d/retro/cc65/lib/c128.lib(leaaxsp.o):
    CODE              Offs=008403  Size=00000C  Align=00001  Fill=0000
/mnt/d/retro/cc65/lib/c128.lib(leq.o):
    CODE              Offs=00840F  Size=000006  Align=00001  Fill=0000
/mnt/d/retro/cc65/lib/c128.lib(lmul.o):
    CODE              Offs=008415  Size=00005C  Align=00001  Fill=0000
/mnt/d/retro/cc65/lib/c128.lib(lneg.o):
    CODE              Offs=008471  Size=00001E  Align=00001  Fill=0000
/mnt/d/retro/cc65/lib/c128.lib(loadaddr.o):
    LOADADDR          Offs=000000  Size=000002  Align=00001  Fill=0000
/mnt/d/retro/cc65/lib/c128.lib(lpush.o):
    CODE              Offs=00848F  Size=000021  Align=00001  Fill=0000
/mnt/d/retro/cc65/lib/c128.lib(ltoa.o):
    CODE              Offs=0084B0  Size=000095  Align=00001  Fill=0000
/mnt/d/retro/cc65/lib/c128.lib(ludiv.o):
    CODE              Offs=008545  Size=00007A  Align=00001  Fill=0000
/mnt/d/retro/cc65/lib/c128.lib(lugt.o):
    CODE              Offs=0085BF  Size=000006  Align=00001  Fill=0000
/mnt/d/retro/cc65/lib/c128.lib(lumod.o):
    CODE              Offs=0085C5  Size=000019  Align=00001  Fill=0000
/mnt/d/retro/cc65/lib/c128.lib(makebool.o):
    CODE              Offs=0085DE  Size=00002C  Align=00001  Fill=0000
/mnt/d/retro/cc65/lib/c128.lib(memcpy.o):
    CODE              Offs=00860A  Size=00003C  Align=00001  Fill=0000
/mnt/d/retro/cc65/lib/c128.lib(mul.o):
    CODE              Offs=008646  Size=000045  Align=00001  Fill=0000
/mnt/d/retro/cc65/lib/c128.lib(mul8.o):
    CODE              Offs=00868B  Size=00003A  Align=00001  Fill=0000
/mnt/d/retro/cc65/lib/c128.lib(mulax10.o):
    CODE              Offs=0086C5  Size=000019  Align=00001  Fill=0000
/mnt/d/retro/cc65/lib/c128.lib(mulax3.o):
    CODE              Offs=0086DE  Size=000011  Align=00001  Fill=0000
/mnt/d/retro/cc65/lib/c128.lib(mulax7.o):
    CODE              Offs=0086EF  Size=000019  Align=00001  Fill=0000
/mnt/d/retro/cc65/lib/c128.lib(mulax9.o):
    CODE              Offs=008708  Size=000017  Align=00001  Fill=0000
/mnt/d/retro/cc65/lib/c128.lib(or.o):
    CODE              Offs=00871F  Size=000012  Align=00001  Fill=0000
/mnt/d/retro/cc65/lib/c128.lib(oserror.o):
    CODE              Offs=008731  Size=000016  Align=00001  Fill=0000
    RODATA            Offs=0005B2  Size=00005A  Align=00001  Fill=0000
/mnt/d/retro/cc65/lib/c128.lib(popa.o):
    CODE              Offs=008747  Size=00000C  Align=00001  Fill=0000
/mnt/d/retro/cc65/lib/c128.lib(popptr1.o):
    CODE              Offs=008753  Size=00000E  Align=00001  Fill=0000
/mnt/d/retro/cc65/lib/c128.lib(printf.o):
    CODE              Offs=008761  Size=000033  Align=00001  Fill=0000
    BSS               Offs=00025B  Size=000001  Align=00001  Fill=0000
/mnt/d/retro/cc65/lib/c128.lib(push1.o):
    CODE              Offs=008794  Size=000005  Align=00001  Fill=0000
/mnt/d/retro/cc65/lib/c128.lib(pusha.o):
    CODE              Offs=008799  Size=000016  Align=00001  Fill=0000
/mnt/d/retro/cc65/lib/c128.lib(pushax.o):
    CODE              Offs=0087AF  Size=00001A  Align=00001  Fill=0000
/mnt/d/retro/cc65/lib/c128.lib(pushw.o):
    CODE              Offs=0087C9  Size=00000F  Align=00001  Fill=0000
/mnt/d/retro/cc65/lib/c128.lib(pushwsp.o):
    CODE              Offs=0087D8  Size=00001C  Align=00001  Fill=0000
/mnt/d/retro/cc65/lib/c128.lib(return0.o):
    CODE              Offs=0087F4  Size=000004  Align=00001  Fill=0000
/mnt/d/retro/cc65/lib/c128.lib(rwcommon.o):
    CODE              Offs=0087F8  Size=00001A  Align=00001  Fill=0000
/mnt/d/retro/cc65/lib/c128.lib(shl.o):
    CODE              Offs=008812  Size=000033  Align=00001  Fill=0000
/mnt/d/retro/cc65/lib/c128.lib(shrax3.o):
    CODE              Offs=008845  Size=00000E  Align=00001  Fill=0000
/mnt/d/retro/cc65/lib/c128.lib(sprintf.o):
    CODE              Offs=008853  Size=00002B  Align=00001  Fill=0000
    BSS               Offs=00025C  Size=000001  Align=00001  Fill=0000
/mnt/d/retro/cc65/lib/c128.lib(staspidx.o):
    CODE              Offs=00887E  Size=000016  Align=00001  Fill=0000
/mnt/d/retro/cc65/lib/c128.lib(status.o):
/mnt/d/retro/cc65/lib/c128.lib(staxsp.o):
    CODE              Offs=008894  Size=00000B  Align=00001  Fill=0000
/mnt/d/retro/cc65/lib/c128.lib(steaxsp.o):
    CODE              Offs=00889F  Size=000015  Align=00001  Fill=0000
/mnt/d/retro/cc65/lib/c128.lib(strlen.o):
    CODE              Offs=0088B4  Size=000016  Align=00001  Fill=0000
/mnt/d/retro/cc65/lib/c128.lib(strlower.o):
    CODE              Offs=0088CA  Size=000027  Align=00001  Fill=0000
/mnt/d/retro/cc65/lib/c128.lib(strtol.o):
    CODE              Offs=0088F1  Size=000273  Align=00001  Fill=0000
/mnt/d/retro/cc65/lib/c128.lib(sub.o):
    CODE              Offs=008B64  Size=000015  Align=00001  Fill=0000
/mnt/d/retro/cc65/lib/c128.lib(subeqsp.o):
    CODE              Offs=008B79  Size=000015  Align=00001  Fill=0000
/mnt/d/retro/cc65/lib/c128.lib(subysp.o):
    CODE              Offs=008B8E  Size=00000D  Align=00001  Fill=0000
/mnt/d/retro/cc65/lib/c128.lib(udiv.o):
    CODE              Offs=008B9B  Size=00004F  Align=00001  Fill=0000
/mnt/d/retro/cc65/lib/c128.lib(vfprintf.o):
    CODE              Offs=008BEA  Size=000061  Align=00001  Fill=0000
    DATA              Offs=000245  Size=000008  Align=00001  Fill=0000
/mnt/d/retro/cc65/lib/c128.lib(videomode.o):
    CODE              Offs=008C4B  Size=000013  Align=00001  Fill=0000
/mnt/d/retro/cc65/lib/c128.lib(vsnprintf.o):
    CODE              Offs=008C5E  Size=0000DA  Align=00001  Fill=0000
    DATA              Offs=00024D  Size=000008  Align=00001  Fill=0000
/mnt/d/retro/cc65/lib/c128.lib(vsprintf.o):
    CODE              Offs=008D38  Size=000012  Align=00001  Fill=0000
/mnt/d/retro/cc65/lib/c128.lib(write.o):
    CODE              Offs=008D4A  Size=000054  Align=00001  Fill=0000
    ONCE              Offs=00002B  Size=000011  Align=00001  Fill=0000
/mnt/d/retro/cc65/lib/c128.lib(zerobss.o):
    CODE              Offs=008D9E  Size=000023  Align=00001  Fill=0000
/mnt/d/retro/cc65/lib/c128.lib(zeropage.o):
    ZEROPAGE          Offs=000000  Size=00001A  Align=00001  Fill=0000


Segment list:
-------------
Name                   Start     End    Size  Align
----------------------------------------------------
ZEROPAGE              000002  00001B  00001A  00001
BOOTSECT              000B00  000BFF  000100  00100
PETSCII               000BFE  000CFF  000102  00001
MACO                  001300  00177E  00047F  00001
LOADADDR              001BFF  001C00  000002  00001
EXEHDR                001C01  001C0C  00000C  00001
STARTUP               001C0D  001C5D  000051  00001
ONCE                  001C5E  001C9F  000042  00001
CODE                  001CA0  00AA60  008DC1  00001
RODATA                00AA61  00B06E  00060E  00001
DATA                  00B06F  00B2C3  000255  00001
INIT                  00B2C4  00B2E0  00001D  00001
BSS                   00B2E1  00B53D  00025D  00001


Exports list by name:
---------------------
BASIN                     00FFCF RLA    BSOUT                     00FFD2 RLA    
CHKIN                     00FFC6 RLA    CKOUT                     00FFC9 RLA    
CLOSE                     00FFC3 RLA    CLRCH                     00FFCC RLA    
CURS_X                    0000EC RLZ    CURS_Y                    0000EB RLZ    
LOAD                      00FFD5 RLA    OPEN                      00FFC0 RLA    
READST                    00FFB7 RLA    SAVE                      00FFD8 RLA    
SETLFS                    00FFBA RLA    SETNAM                    00FFBD RLA    
ST                        000090 RLZ    SWAPPER                   00FF5F RLA    
_BankMemCopy              00978B RLA    _BankMemCopy_core         0016EC RLA    
_BankMemSet               0097DA RLA    _BankMemSet_core          00174D RLA    
_PEEKB                    009764 RLA    _PEEKB_core               0016D4 RLA    
_POKEB                    00973D RLA    _POKEB_core               0016BC RLA    
_SetLoadSaveBank          00972D RLA    _SetLoadSaveBank_core     0016B3 RLA    
_VDC_Attribute            009100 RLA    _VDC_BackColor            008F17 RLA    
_VDC_CopyCharsetsfromROM  0013F9 RLA    _VDC_CopyMemToVDC         008BA7 RLA    
_VDC_CopyMemToVDC_core    0014E0 RLA    _VDC_CopyVDCToMem         008BF1 RLA    
_VDC_CopyVDCToMem_core    001523 RLA    _VDC_CopyViewPortToVDC    0091DF RLA    
_VDC_CopyViewPortToVDC_core 0015EB RLA    _VDC_DetectVDCMemSize     008AB6 RLA    
_VDC_DetectVDCMemSize_core 001396 RLA    _VDC_Exit                 008D6F RLA    
_VDC_FillArea             008C72 RLA    _VDC_FillArea_core        0015D1 RLA    
_VDC_HChar                008B2C RLA    _VDC_HChar_core           001444 RLA    
_VDC_Init                 008CB8 RLA    _VDC_LoadCharset          008FC6 RLA    
_VDC_LoadScreen           00905F RLA    _VDC_MemCopy_core         0013FD RLA    
_VDC_Peek                 008ADC RLA    _VDC_Peek_core            00137E RLA    
_VDC_PetsciiToScreenCode  008D89 RLA    _VDC_PetsciiToScreenCodeRvs 008E2B RLA    
_VDC_Plot                 009159 RLA    _VDC_Poke                 008ABF RLA    
_VDC_Poke_core            001366 RLA    _VDC_PrintAt              008F42 RLA    
_VDC_ReadRegister_core    001352 RLA    _VDC_RedefineCharset      008C3A RLA    
_VDC_RedefineCharset_core 001573 RLA    _VDC_ScrollCopy           0092DB RLA    
_VDC_ScrollCopy_core      001654 RLA    _VDC_ScrollMove           00955F RLA    
_VDC_SetExtendedVDCMemSize 0013EE RLA    _VDC_VChar                008B6B RLA    
_VDC_VChar_core           001496 RLA    _VDC_WriteRegister_core   00135C RLA    
_VDC_addrh                001302 RLA    _VDC_addrl                001303 RLA    
_VDC_desth                001304 RLA    _VDC_destl                001305 RLA    
_VDC_regadd               001300 RLA    _VDC_regval               001301 RLA    
_VDC_strideh              001306 RLA    _VDC_stridel              001307 RLA    
_VDC_tmp1                 001309 RLA    _VDC_tmp2                 00130A RLA    
_VDC_tmp3                 00130B RLA    _VDC_tmp4                 00130C RLA    
_VDC_value                001308 RLA    __BSS_RUN__               00B2E1 RLA    
__BSS_SIZE__              00025D REA    __CONSTRUCTOR_COUNT__     000003 REA    
__CONSTRUCTOR_TABLE__     001C9A RLA    __DESTRUCTOR_COUNT__      000001 REA    
__DESTRUCTOR_TABLE__      00B06D RLA    __EXEHDR__                000001 REA    
__LOADADDR__              000001 REA    __MAIN_SIZE__             009BF3 REA    
__MAIN_START__            001C0D RLA    __STACKSIZE__             000800 REA    
__STARTUP__               000001 REA    __ctype                   00AF88 RLA    
__ctypeidx                00AF93 RLA    __directerrno             009817 RLA    
__errno                   00B538 RLA    __hextab                  00AF6C RLA    
__longminstr              00AF7C RLA    __mappederrno             009821 RLA    
__oserror                 00B50A RLA    __osmaperrno              00A3D1 RLA    
__printf                  009924 RLA    __seterrno                009BD6 RLA    
_bgcolor                  009DAB RLA    _bootdevice               00B2E1 RLA    
_bordercolor              009DD1 RLA    _cbm_close                009C69 REA    
_cbm_k_close              009C69 RLA    _cbm_k_load               009C6D RLA    
_cbm_k_open               009C8A RLA    _cbm_k_save               009C93 RLA    
_cbm_k_setlfs             009CA9 RLA    _cbm_k_setnam             009CB7 RLA    
_cbm_open                 009CE1 RLA    _cbm_read                 009CF7 RLA    
_cgetc                    009D52 RLA    _clrscr                   00C142 REA    
_cursor                   009E5B RLA    _exit                     001C42 RLA    
_fwrite                   009EE1 RLA    _getcurrentdevice         009E55 RLA    
_gotoxy                   009F5F RLA    _isdigit                  009FF0 RLA    
_islower                  009FF8 RLA    _isprint                  00A000 RLA    
_isspace                  00A00A RLA    _isupper                  00A012 RLA    
_ltoa                     00A168 RLA    _main                     008063 RLA    
_memcpy                   00A2AA RLA    _printf                   00A401 RLA    
_set_c128_speed           009BDF RLA    _sprintf                  00A4F3 RLA    
_stdout                   00B274 RLA    _strlen                   00A554 RLA    
_strlower                 00A56A RLA    _strtol                   00A591 RLA    
_textcolor                009D82 RLA    _ultoa                    00A1A9 RLA    
_vdctoconiocol            00B246 RLA    _vfprintf                 00A8C2 RLA    
_videomode                00A8EB RLA    _vsprintf                 00A9D8 RLA    
_write                    00A9EA RLA    addeq0sp                  009C0B RLA    
addeqysp                  009C0D RLA    addysp                    009C1D RLA    
addysp1                   009C1C RLA    aslax1                    009C2A RLA    
aslax2                    009C32 RLA    aslax4                    009C4B RLA    
aslaxy                    00A4B9 RLA    axlong                    009C5C RLA    
axulong                   009C62 RLA    booleq                    00A284 RLA    
boolugt                   00A2A3 RLA    callmain                  009CCA RLA    
ctypemask                 009E37 RLA    ctypemaskdirect           009E3B RLA    
cursor                    00B509 RLA    curunit                   00B2E0 RLA    
decax1                    009E65 RLA    decax2                    009E6C RLA    
decaxy                    009E73 RLA    decsp1                    009E7C RLA    
decsp2                    009E85 RLA    decsp3                    009E92 RLA    
decsp4                    009E9F RLA    decsp5                    009EAC RLA    
decsp6                    009EB9 RLA    decsp7                    009EC6 RLA    
devnum                    0000BA RLZ    donecgetc                 009D73  LAI   
donelib                   009DE2 RLA    fdtab                     00B2A4 RLA    
getlop                    00A1F6 RLA    gotoxy                    009F5C RLA    
incax1                    009F97 RLA    incax2                    009F9E RLA    
incax6                    009FA5 RLA    incaxy                    009FAC RLA    
incsp1                    009FB5 RLA    incsp2                    009FC4 RLA    
incsp3                    009FD2 RLA    incsp4                    009FD7 RLA    
incsp5                    009FDC RLA    incsp6                    009FE1 RLA    
incsp7                    009FE6 RLA    incsp8                    009FEB RLA    
initcgetc                 001C5E  LAI   initcurunit               001C7D  LAI   
initlib                   001C71 RLA    initstdout                001C89  LAI   
ldax0sp                   00A087 RLA    ldaxi                     00A07A RLA    
ldaxysp                   00A089 RLA    ldeaxysp                  00A092 RLA    
leaa0sp                   00A0A3 RLA    leaaxsp                   00A0A5 RLA    
mul8x16                   00A32D RLA    mul8x16a                  00A337 RLA    
mulax10                   00A365 RLA    mulax3                    00A37E RLA    
mulax7                    00A38F RLA    mulax9                    00A3A8 RLA    
negeax                    00A111 RLA    plot                      009E2F RLA    
popa                      00A3E7 RLA    popax                     009FBC RLA    
popptr1                   00A3F3 RLA    ptr1                      00000A RLZ    
ptr2                      00000C RLZ    ptr3                      00000E RLZ    
ptr4                      000010 RLZ    push0                     00A44F RLA    
push1                     00A434 RLA    pusha                     00A43D RLA    
pusha0                    00A451 RLA    pushax                    00A453 RLA    
pusheax                   00A138 RLA    pushl0                    00A12F RLA    
pushw                     00A469 RLA    pushw0sp                  00A478 RLA    
pushwysp                  00A47A RLA    regbank                   000016 RLZ    
return0                   00A494 RLA    rwcommon                  00A498 RLA    
shlax1                    009C2A RLA    shlax2                    009C32 RLA    
shlax3                    009C3D RLA    shlax4                    009C4B RLA    
shrax3                    00A4E5 RLA    sp                        000002 RLZ    
sreg                      000004 RLZ    staspidx                  00A51E RLA    
stax0sp                   00A534 RLA    staxysp                   00A536 RLA    
steaxysp                  00A541 RLA    subeq0sp                  00A819 RLA    
subeqysp                  00A81B RLA    subysp                    00A82E RLA    
tmp1                      000012 RLZ    tmp2                      000013 RLZ    
tmp3                      000014 RLZ    tmp4                      000015 RLZ    
tosaddax                  009BF1 RLA    tosaddeax                 00A020 RLA    
toseqeax                  00A0AF RLA    tosicmp                   009F6B RLA    
tosicmp0                  009F69 RLA    toslcmp                   00A03F RLA    
tosmula0                  00A32B RLA    tosmulax                  00A2E6 RLA    
tosorax                   00A3C1 RLA    tossubax                  00A806 RLA    
tosudivax                 00A83D RLA    tosudiveax                00A1EB RLA    
tosugteax                 00A25F RLA    tosumodeax                00A26B RLA    
tosumula0                 00A32B RLA    tosumulax                 00A2E6 RLA    
tosumuleax                00A0BB RLA    udiv32                    00A21A RLA    
vsnprintf                 00A901 RLA    zerobss                   00AA3E RLA    



Exports list by value:
----------------------
__DESTRUCTOR_COUNT__      000001 REA    __EXEHDR__                000001 REA    
__LOADADDR__              000001 REA    __STARTUP__               000001 REA    
sp                        000002 RLZ    __CONSTRUCTOR_COUNT__     000003 REA    
sreg                      000004 RLZ    ptr1                      00000A RLZ    
ptr2                      00000C RLZ    ptr3                      00000E RLZ    
ptr4                      000010 RLZ    tmp1                      000012 RLZ    
tmp2                      000013 RLZ    tmp3                      000014 RLZ    
tmp4                      000015 RLZ    regbank                   000016 RLZ    
ST                        000090 RLZ    devnum                    0000BA RLZ    
CURS_Y                    0000EB RLZ    CURS_X                    0000EC RLZ    
__BSS_SIZE__              00025D REA    __STACKSIZE__             000800 REA    
_VDC_regadd               001300 RLA    _VDC_regval               001301 RLA    
_VDC_addrh                001302 RLA    _VDC_addrl                001303 RLA    
_VDC_desth                001304 RLA    _VDC_destl                001305 RLA    
_VDC_strideh              001306 RLA    _VDC_stridel              001307 RLA    
_VDC_value                001308 RLA    _VDC_tmp1                 001309 RLA    
_VDC_tmp2                 00130A RLA    _VDC_tmp3                 00130B RLA    
_VDC_tmp4                 00130C RLA    _VDC_ReadRegister_core    001352 RLA    
_VDC_WriteRegister_core   00135C RLA    _VDC_Poke_core            001366 RLA    
_VDC_Peek_core            00137E RLA    _VDC_DetectVDCMemSize_core 001396 RLA    
_VDC_SetExtendedVDCMemSize 0013EE RLA    _VDC_CopyCharsetsfromROM  0013F9 RLA    
_VDC_MemCopy_core         0013FD RLA    _VDC_HChar_core           001444 RLA    
_VDC_VChar_core           001496 RLA    _VDC_CopyMemToVDC_core    0014E0 RLA    
_VDC_CopyVDCToMem_core    001523 RLA    _VDC_RedefineCharset_core 001573 RLA    
_VDC_FillArea_core        0015D1 RLA    _VDC_CopyViewPortToVDC_core 0015EB RLA    
_VDC_ScrollCopy_core      001654 RLA    _SetLoadSaveBank_core     0016B3 RLA    
_POKEB_core               0016BC RLA    _PEEKB_core               0016D4 RLA    
_BankMemCopy_core         0016EC RLA    _BankMemSet_core          00174D RLA    
__MAIN_START__            001C0D RLA    _exit                     001C42 RLA    
initcgetc                 001C5E  LAI   initlib                   001C71 RLA    
initcurunit               001C7D  LAI   initstdout                001C89  LAI   
__CONSTRUCTOR_TABLE__     001C9A RLA    _main                     008063 RLA    
_VDC_DetectVDCMemSize     008AB6 RLA    _VDC_Poke                 008ABF RLA    
_VDC_Peek                 008ADC RLA    _VDC_HChar                008B2C RLA    
_VDC_VChar                008B6B RLA    _VDC_CopyMemToVDC         008BA7 RLA    
_VDC_CopyVDCToMem         008BF1 RLA    _VDC_RedefineCharset      008C3A RLA    
_VDC_FillArea             008C72 RLA    _VDC_Init                 008CB8 RLA    
_VDC_Exit                 008D6F RLA    _VDC_PetsciiToScreenCode  008D89 RLA    
_VDC_PetsciiToScreenCodeRvs 008E2B RLA    _VDC_BackColor            008F17 RLA    
_VDC_PrintAt              008F42 RLA    _VDC_LoadCharset          008FC6 RLA    
_VDC_LoadScreen           00905F RLA    _VDC_Attribute            009100 RLA    
_VDC_Plot                 009159 RLA    _VDC_CopyViewPortToVDC    0091DF RLA    
_VDC_ScrollCopy           0092DB RLA    _VDC_ScrollMove           00955F RLA    
_SetLoadSaveBank          00972D RLA    _POKEB                    00973D RLA    
_PEEKB                    009764 RLA    _BankMemCopy              00978B RLA    
_BankMemSet               0097DA RLA    __directerrno             009817 RLA    
__mappederrno             009821 RLA    __printf                  009924 RLA    
__seterrno                009BD6 RLA    _set_c128_speed           009BDF RLA    
tosaddax                  009BF1 RLA    __MAIN_SIZE__             009BF3 REA    
addeq0sp                  009C0B RLA    addeqysp                  009C0D RLA    
addysp1                   009C1C RLA    addysp                    009C1D RLA    
aslax1                    009C2A RLA    shlax1                    009C2A RLA    
aslax2                    009C32 RLA    shlax2                    009C32 RLA    
shlax3                    009C3D RLA    aslax4                    009C4B RLA    
shlax4                    009C4B RLA    axlong                    009C5C RLA    
axulong                   009C62 RLA    _cbm_close                009C69 REA    
_cbm_k_close              009C69 RLA    _cbm_k_load               009C6D RLA    
_cbm_k_open               009C8A RLA    _cbm_k_save               009C93 RLA    
_cbm_k_setlfs             009CA9 RLA    _cbm_k_setnam             009CB7 RLA    
callmain                  009CCA RLA    _cbm_open                 009CE1 RLA    
_cbm_read                 009CF7 RLA    _cgetc                    009D52 RLA    
donecgetc                 009D73  LAI   _textcolor                009D82 RLA    
_bgcolor                  009DAB RLA    _bordercolor              009DD1 RLA    
donelib                   009DE2 RLA    plot                      009E2F RLA    
ctypemask                 009E37 RLA    ctypemaskdirect           009E3B RLA    
_getcurrentdevice         009E55 RLA    _cursor                   009E5B RLA    
decax1                    009E65 RLA    decax2                    009E6C RLA    
decaxy                    009E73 RLA    decsp1                    009E7C RLA    
decsp2                    009E85 RLA    decsp3                    009E92 RLA    
decsp4                    009E9F RLA    decsp5                    009EAC RLA    
decsp6                    009EB9 RLA    decsp7                    009EC6 RLA    
_fwrite                   009EE1 RLA    gotoxy                    009F5C RLA    
_gotoxy                   009F5F RLA    tosicmp0                  009F69 RLA    
tosicmp                   009F6B RLA    incax1                    009F97 RLA    
incax2                    009F9E RLA    incax6                    009FA5 RLA    
incaxy                    009FAC RLA    incsp1                    009FB5 RLA    
popax                     009FBC RLA    incsp2                    009FC4 RLA    
incsp3                    009FD2 RLA    incsp4                    009FD7 RLA    
incsp5                    009FDC RLA    incsp6                    009FE1 RLA    
incsp7                    009FE6 RLA    incsp8                    009FEB RLA    
_isdigit                  009FF0 RLA    _islower                  009FF8 RLA    
_isprint                  00A000 RLA    _isspace                  00A00A RLA    
_isupper                  00A012 RLA    tosaddeax                 00A020 RLA    
toslcmp                   00A03F RLA    ldaxi                     00A07A RLA    
ldax0sp                   00A087 RLA    ldaxysp                   00A089 RLA    
ldeaxysp                  00A092 RLA    leaa0sp                   00A0A3 RLA    
leaaxsp                   00A0A5 RLA    toseqeax                  00A0AF RLA    
tosumuleax                00A0BB RLA    negeax                    00A111 RLA    
pushl0                    00A12F RLA    pusheax                   00A138 RLA    
_ltoa                     00A168 RLA    _ultoa                    00A1A9 RLA    
tosudiveax                00A1EB RLA    getlop                    00A1F6 RLA    
udiv32                    00A21A RLA    tosugteax                 00A25F RLA    
tosumodeax                00A26B RLA    booleq                    00A284 RLA    
boolugt                   00A2A3 RLA    _memcpy                   00A2AA RLA    
tosmulax                  00A2E6 RLA    tosumulax                 00A2E6 RLA    
tosmula0                  00A32B RLA    tosumula0                 00A32B RLA    
mul8x16                   00A32D RLA    mul8x16a                  00A337 RLA    
mulax10                   00A365 RLA    mulax3                    00A37E RLA    
mulax7                    00A38F RLA    mulax9                    00A3A8 RLA    
tosorax                   00A3C1 RLA    __osmaperrno              00A3D1 RLA    
popa                      00A3E7 RLA    popptr1                   00A3F3 RLA    
_printf                   00A401 RLA    push1                     00A434 RLA    
pusha                     00A43D RLA    push0                     00A44F RLA    
pusha0                    00A451 RLA    pushax                    00A453 RLA    
pushw                     00A469 RLA    pushw0sp                  00A478 RLA    
pushwysp                  00A47A RLA    return0                   00A494 RLA    
rwcommon                  00A498 RLA    aslaxy                    00A4B9 RLA    
shrax3                    00A4E5 RLA    _sprintf                  00A4F3 RLA    
staspidx                  00A51E RLA    stax0sp                   00A534 RLA    
staxysp                   00A536 RLA    steaxysp                  00A541 RLA    
_strlen                   00A554 RLA    _strlower                 00A56A RLA    
_strtol                   00A591 RLA    tossubax                  00A806 RLA    
subeq0sp                  00A819 RLA    subeqysp                  00A81B RLA    
subysp                    00A82E RLA    tosudivax                 00A83D RLA    
_vfprintf                 00A8C2 RLA    _videomode                00A8EB RLA    
vsnprintf                 00A901 RLA    _vsprintf                 00A9D8 RLA    
_write                    00A9EA RLA    zerobss                   00AA3E RLA    
__hextab                  00AF6C RLA    __longminstr              00AF7C RLA    
__ctype                   00AF88 RLA    __ctypeidx                00AF93 RLA    
__DESTRUCTOR_TABLE__      00B06D RLA    _vdctoconiocol            00B246 RLA    
_stdout                   00B274 RLA    fdtab                     00B2A4 RLA    
curunit                   00B2E0 RLA    __BSS_RUN__               00B2E1 RLA    
_bootdevice               00B2E1 RLA    cursor                    00B509 RLA    
__oserror                 00B50A RLA    __errno                   00B538 RLA    
_clrscr                   00C142 REA    SWAPPER                   00FF5F RLA    
READST                    00FFB7 RLA    SETLFS                    00FFBA RLA    
SETNAM                    00FFBD RLA    OPEN                      00FFC0 RLA    
CLOSE                     00FFC3 RLA    CHKIN                     00FFC6 RLA    
CKOUT                     00FFC9 RLA    CLRCH                     00FFCC RLA    
BASIN                     00FFCF RLA    BSOUT                     00FFD2 RLA    
LOAD                      00FFD5 RLA    SAVE                      00FFD8 RLA    



Imports list:
-------------
BASIN (kernal.o):
    cbm_read.o                cbm/cbm.inc:47
BSOUT (kernal.o):
    write.o                   cbm/cbm.inc:49
    videomode.o               c128/videomode.s:9
    crt0.o                    c128/crt0.s:10
CHKIN (kernal.o):
    cbm_read.o                cbm/cbm.inc:44
CKOUT (kernal.o):
    write.o                   cbm/cbm.inc:45
CLOSE (kernal.o):
    c_close.o                 cbm/cbm.inc:36
CLRCH (kernal.o):
    write.o                   cbm/cbm.inc:46
    cbm_read.o                cbm/cbm.inc:46
CURS_X (conio.o):
    gotoxy.o                  cbm/gotoxy.s:9
CURS_Y (conio.o):
    gotoxy.o                  cbm/gotoxy.s:9
LOAD (kernal.o):
    c_load.o                  cbm/cbm.inc:37
OPEN (kernal.o):
    write.o                   cbm/cbm.inc:35
    c_open.o                  cbm/cbm.inc:35
READST (kernal.o):
    write.o                   cbm/cbm.inc:32
    cbm_read.o                cbm/cbm.inc:32
SAVE (kernal.o):
    c_save.o                  cbm/cbm.inc:38
SETLFS (kernal.o):
    write.o                   cbm/cbm.inc:33
    c_setlfs.o                cbm/cbm.inc:33
SETNAM (kernal.o):
    c_setnam.o                cbm/cbm.inc:34
ST (status.o):
    crt0.o                    c128/crt0.s:12
SWAPPER (kernal.o):
    videomode.o               c128/videomode.s:9
_BankMemCopy (vdc_core.o):
    main.o                    src/main.s:61
_BankMemCopy_core (vdc_core_assembly.o):
    vdc_core.o                src/vdc_core.s:61
_BankMemSet (vdc_core.o):
    main.o                    src/main.s:62
_BankMemSet_core (vdc_core_assembly.o):
    vdc_core.o                src/vdc_core.s:62
_PEEKB (vdc_core.o):
    main.o                    src/main.s:60
_PEEKB_core (vdc_core_assembly.o):
    vdc_core.o                src/vdc_core.s:60
_POKEB (vdc_core.o):
    main.o                    src/main.s:59
_POKEB_core (vdc_core_assembly.o):
    vdc_core.o                src/vdc_core.s:59
_SetLoadSaveBank (vdc_core.o):
    main.o                    src/main.s:58
_SetLoadSaveBank_core (vdc_core_assembly.o):
    vdc_core.o                src/vdc_core.s:58
_VDC_Attribute (vdc_core.o):
    main.o                    src/main.s:53
_VDC_BackColor (vdc_core.o):
    main.o                    src/main.s:49
_VDC_CopyCharsetsfromROM (vdc_core_assembly.o):
    main.o                    src/main.s:35
_VDC_CopyMemToVDC (vdc_core.o):
    main.o                    src/main.s:41
_VDC_CopyMemToVDC_core (vdc_core_assembly.o):
    vdc_core.o                src/vdc_core.s:52
_VDC_CopyVDCToMem (vdc_core.o):
    main.o                    src/main.s:42
_VDC_CopyVDCToMem_core (vdc_core_assembly.o):
    vdc_core.o                src/vdc_core.s:53
_VDC_CopyViewPortToVDC (vdc_core.o):
    main.o                    src/main.s:55
_VDC_CopyViewPortToVDC_core (vdc_core_assembly.o):
    vdc_core.o                src/vdc_core.s:56
_VDC_DetectVDCMemSize (vdc_core.o):
    main.o                    src/main.s:36
_VDC_DetectVDCMemSize_core (vdc_core_assembly.o):
    vdc_core.o                src/vdc_core.s:48
_VDC_Exit (vdc_core.o):
    main.o                    src/main.s:46
_VDC_FillArea (vdc_core.o):
    main.o                    src/main.s:44
_VDC_FillArea_core (vdc_core_assembly.o):
    vdc_core.o                src/vdc_core.s:55
_VDC_HChar (vdc_core.o):
    main.o                    src/main.s:39
_VDC_HChar_core (vdc_core_assembly.o):
    vdc_core.o                src/vdc_core.s:50
_VDC_Init (vdc_core.o):
    main.o                    src/main.s:45
_VDC_LoadCharset (vdc_core.o):
    main.o                    src/main.s:51
_VDC_LoadScreen (vdc_core.o):
    main.o                    src/main.s:52
_VDC_MemCopy_core (vdc_core_assembly.o):
    vdc_core.o                src/vdc_core.s:49
_VDC_Peek (vdc_core.o):
    main.o                    src/main.s:38
_VDC_Peek_core (vdc_core_assembly.o):
    vdc_core.o                src/vdc_core.s:47
_VDC_PetsciiToScreenCode (vdc_core.o):
    main.o                    src/main.s:47
_VDC_PetsciiToScreenCodeRvs (vdc_core.o):
    main.o                    src/main.s:48
_VDC_Plot (vdc_core.o):
    main.o                    src/main.s:54
_VDC_Poke (vdc_core.o):
    main.o                    src/main.s:37
_VDC_Poke_core (vdc_core_assembly.o):
    vdc_core.o                src/vdc_core.s:46
_VDC_PrintAt (vdc_core.o):
    main.o                    src/main.s:50
_VDC_ReadRegister_core (vdc_core_assembly.o):
    vdc_core.o                src/vdc_core.s:44
_VDC_RedefineCharset (vdc_core.o):
    main.o                    src/main.s:43
_VDC_RedefineCharset_core (vdc_core_assembly.o):
    vdc_core.o                src/vdc_core.s:54
_VDC_ScrollCopy (vdc_core.o):
    main.o                    src/main.s:56
_VDC_ScrollCopy_core (vdc_core_assembly.o):
    vdc_core.o                src/vdc_core.s:57
_VDC_ScrollMove (vdc_core.o):
    main.o                    src/main.s:57
_VDC_SetExtendedVDCMemSize (vdc_core_assembly.o):
    main.o                    src/main.s:34
_VDC_VChar (vdc_core.o):
    main.o                    src/main.s:40
_VDC_VChar_core (vdc_core_assembly.o):
    vdc_core.o                src/vdc_core.s:51
_VDC_WriteRegister_core (vdc_core_assembly.o):
    vdc_core.o                src/vdc_core.s:45
_VDC_addrh (vdc_core_assembly.o):
    vdc_core.o                src/vdc_core.s:33
_VDC_addrl (vdc_core_assembly.o):
    vdc_core.o                src/vdc_core.s:34
_VDC_desth (vdc_core_assembly.o):
    vdc_core.o                src/vdc_core.s:35
_VDC_destl (vdc_core_assembly.o):
    vdc_core.o                src/vdc_core.s:36
_VDC_regadd (vdc_core_assembly.o):
    vdc_core.o                src/vdc_core.s:31
_VDC_regval (vdc_core_assembly.o):
    vdc_core.o                src/vdc_core.s:32
_VDC_strideh (vdc_core_assembly.o):
    vdc_core.o                src/vdc_core.s:37
_VDC_stridel (vdc_core_assembly.o):
    vdc_core.o                src/vdc_core.s:38
_VDC_tmp1 (vdc_core_assembly.o):
    vdc_core.o                src/vdc_core.s:40
_VDC_tmp2 (vdc_core_assembly.o):
    vdc_core.o                src/vdc_core.s:41
_VDC_tmp3 (vdc_core_assembly.o):
    vdc_core.o                src/vdc_core.s:42
_VDC_tmp4 (vdc_core_assembly.o):
    vdc_core.o                src/vdc_core.s:43
_VDC_value (vdc_core_assembly.o):
    vdc_core.o                src/vdc_core.s:39
__BSS_RUN__ ([linker generated]):
    zerobss.o                 common/zerobss.s:8
__BSS_SIZE__ ([linker generated]):
    zerobss.o                 common/zerobss.s:8
__CONSTRUCTOR_COUNT__ ([linker generated]):
    condes.o                  runtime/condes.s:18
__CONSTRUCTOR_TABLE__ ([linker generated]):
    condes.o                  runtime/condes.s:18
__DESTRUCTOR_COUNT__ ([linker generated]):
    condes.o                  runtime/condes.s:19
__DESTRUCTOR_TABLE__ ([linker generated]):
    condes.o                  runtime/condes.s:19
__EXEHDR__ (exehdr.o):
    [linker generated]        vdcse-cc65config.cfg:3
__LOADADDR__ (loadaddr.o):
    [linker generated]        vdcse-cc65config.cfg:2
__MAIN_SIZE__ ([linker generated]):
    crt0.o                    c128/crt0.s:11
__MAIN_START__ ([linker generated]):
    crt0.o                    c128/crt0.s:11
__STACKSIZE__ ([linker generated]):
    crt0.o                    c128/crt0.s:11
    [linker generated]        vdcse-cc65config.cfg:10
__STARTUP__ (crt0.o):
    main.o                    src/main.s:13
__ctype (ctype.o):
    ctypemask.o               common/ctypemask.s:23
__ctypeidx (ctype.o):
    ctypemask.o               common/ctypemask.s:24
__directerrno (_directerrno.o):
    write.o                   /mnt/d/retro/cc65/asminc/errno.inc:10
    vsnprintf.o               /mnt/d/retro/cc65/asminc/errno.inc:10
__errno (errno.o):
    _seterrno.o               /mnt/d/retro/cc65/asminc/errno.inc:7
__hextab (_hextab.o):
    ltoa.o                    common/ltoa.s:10
__longminstr (_longminstr.o):
    ltoa.o                    common/ltoa.s:10
__mappederrno (_mappederrno.o):
    write.o                   /mnt/d/retro/cc65/asminc/errno.inc:10
__oserror (_oserror.o):
    _mappederrno.o            /mnt/d/retro/cc65/asminc/errno.inc:7
    _directerrno.o            /mnt/d/retro/cc65/asminc/errno.inc:7
    write.o                   /mnt/d/retro/cc65/asminc/errno.inc:7
    cbm_read.o                cbm/cbm_read.s:44
    cbm_open.o                cbm/cbm_open.s:24
    c_load.o                  cbm/c_load.s:10
    main.o                    src/main.s:30
__osmaperrno (oserror.o):
    _mappederrno.o            /mnt/d/retro/cc65/asminc/errno.inc:8
__printf (_printf.o):
    vsnprintf.o               common/vsnprintf.s:10
    vfprintf.o                common/vfprintf.s:10
__seterrno (_seterrno.o):
    _mappederrno.o            /mnt/d/retro/cc65/asminc/errno.inc:9
    _directerrno.o            /mnt/d/retro/cc65/asminc/errno.inc:9
    fwrite.o                  /mnt/d/retro/cc65/asminc/errno.inc:9
    strtol.o                  ../libwrk/c128/strtol.s:17
_bgcolor (color.o):
    vdc_core.o                src/vdc_core.s:24
_bootdevice (main.o):
    vdc_core.o                src/vdc_core.s:28
_bordercolor (color.o):
    vdc_core.o                src/vdc_core.s:25
_cbm_close (cbm_close.o):
    vdc_core.o                src/vdc_core.s:20
    main.o                    src/main.s:22
_cbm_k_close (c_close.o):
    cbm_close.o               cbm/cbm_close.s:7
_cbm_k_load (c_load.o):
    vdc_core.o                src/vdc_core.s:15
    main.o                    src/main.s:17
_cbm_k_open (c_open.o):
    cbm_open.o                cbm/cbm_open.s:23
_cbm_k_save (c_save.o):
    vdc_core.o                src/vdc_core.s:16
    main.o                    src/main.s:18
_cbm_k_setlfs (c_setlfs.o):
    cbm_open.o                cbm/cbm_open.s:23
    vdc_core.o                src/vdc_core.s:17
    main.o                    src/main.s:19
_cbm_k_setnam (c_setnam.o):
    cbm_open.o                cbm/cbm_open.s:23
    vdc_core.o                src/vdc_core.s:18
    main.o                    src/main.s:20
_cbm_open (cbm_open.o):
    vdc_core.o                src/vdc_core.s:19
    main.o                    src/main.s:21
_cbm_read (cbm_read.o):
    vdc_core.o                src/vdc_core.s:21
    main.o                    src/main.s:23
_cgetc (cgetc.o):
    main.o                    src/main.s:26
_clrscr (clrscr.o):
    vdc_core.o                src/vdc_core.s:22
    main.o                    src/main.s:24
_cursor (cursor.o):
    main.o                    src/main.s:27
_exit (crt0.o):
    vdc_core.o                src/vdc_core.s:26
_fwrite (fwrite.o):
    vfprintf.o                common/vfprintf.s:10
_getcurrentdevice (curdevice.o):
    main.o                    src/main.s:32
_gotoxy (gotoxy.o):
    main.o                    src/main.s:25
_isdigit (isdigit.o):
    strtol.o                  ../libwrk/c128/strtol.s:13
_islower (islower.o):
    strtol.o                  ../libwrk/c128/strtol.s:14
_isprint (isprint.o):
    main.o                    src/main.s:31
_isspace (isspace.o):
    strtol.o                  ../libwrk/c128/strtol.s:15
_isupper (isupper.o):
    strtol.o                  ../libwrk/c128/strtol.s:16
_ltoa (ltoa.o):
    _printf.o                 common/_printf.s:12
_main (main.o):
    callmain.o                runtime/callmain.s:11
_memcpy (memcpy.o):
    vsnprintf.o               common/vsnprintf.s:10
_printf (printf.o):
    vdc_core.o                src/vdc_core.s:13
_set_c128_speed (acc_c128_speed.o):
    vdc_core.o                src/vdc_core.s:27
_sprintf (sprintf.o):
    main.o                    src/main.s:14
_stdout (_file.o):
    printf.o                  common/printf.s:8
_strlen (strlen.o):
    _printf.o                 common/_printf.s:13
    main.o                    src/main.s:16
_strlower (strlower.o):
    _printf.o                 common/_printf.s:13
_strtol (strtol.o):
    main.o                    src/main.s:29
_textcolor (color.o):
    vdc_core.o                src/vdc_core.s:23
    main.o                    src/main.s:28
_ultoa (ltoa.o):
    _printf.o                 common/_printf.s:12
_vdctoconiocol (vdc_core.o):
    main.o                    src/main.s:33
_vfprintf (vfprintf.o):
    printf.o                  common/printf.s:8
_videomode (videomode.o):
    vdc_core.o                src/vdc_core.s:14
_vsprintf (vsprintf.o):
    sprintf.o                 common/sprintf.s:8
_write (write.o):
    fwrite.o                  common/fwrite.s:10
addeq0sp (addeqsp.o):
    vdc_core.o                src/vdc_core.s:2155
    vdc_core.o                src/vdc_core.s:2155
    vdc_core.o                src/vdc_core.s:2155
    vdc_core.o                src/vdc_core.s:2155
    main.o                    src/main.s:13207
    main.o                    src/main.s:13207
    main.o                    src/main.s:13207
addeqysp (addeqsp.o):
    strtol.o                  ../libwrk/c128/strtol.s:320
    vdc_core.o                src/vdc_core.s:2155
    vdc_core.o                src/vdc_core.s:2155
    vdc_core.o                src/vdc_core.s:2155
    main.o                    src/main.s:13207
addysp (addysp.o):
    fwrite.o                  common/fwrite.s:11
    strtol.o                  ../libwrk/c128/strtol.s:320
    sprintf.o                 common/sprintf.s:8
    printf.o                  common/printf.s:8
    incsp8.o                  runtime/incsp8.s:8
    incsp7.o                  runtime/incsp7.s:8
    incsp6.o                  runtime/incsp6.s:8
    incsp5.o                  runtime/incsp5.s:8
    incsp4.o                  runtime/incsp4.s:8
    incsp3.o                  runtime/incsp3.s:8
    vdc_core.o                src/vdc_core.s:2155
    vdc_core.o                src/vdc_core.s:2155
    vdc_core.o                src/vdc_core.s:2155
    vdc_core.o                src/vdc_core.s:2155
    main.o                    src/main.s:13207
    main.o                    src/main.s:13207
    main.o                    src/main.s:13207
    main.o                    src/main.s:13207
    main.o                    src/main.s:13207
    main.o                    src/main.s:13207
    main.o                    src/main.s:13207
    main.o                    src/main.s:13207
addysp1 (addysp.o):
    ludiv.o                   runtime/ludiv.s:9
    lmul.o                    runtime/lmul.s:9
    ladd.o                    runtime/ladd.s:8
    sub.o                     runtime/sub.s:8
    or.o                      runtime/or.s:9
aslax1 (aslax1.o):
    main.o                    src/main.s:13207
    main.o                    src/main.s:13207
    main.o                    src/main.s:13207
    main.o                    src/main.s:13207
    main.o                    src/main.s:13207
    main.o                    src/main.s:13207
aslax2 (aslax2.o):
    main.o                    src/main.s:13207
    main.o                    src/main.s:13207
    main.o                    src/main.s:13207
    main.o                    src/main.s:13207
aslax4 (aslax4.o):
    main.o                    src/main.s:13207
    main.o                    src/main.s:13207
    main.o                    src/main.s:13207
aslaxy (shl.o):
    main.o                    src/main.s:13207
    main.o                    src/main.s:13207
axlong (axlong.o):
    _printf.o                 common/_printf.s:11
    strtol.o                  ../libwrk/c128/strtol.s:320
axulong (axlong.o):
    _printf.o                 common/_printf.s:11
    strtol.o                  ../libwrk/c128/strtol.s:320
booleq (makebool.o):
    leq.o                     runtime/leq.s:8
    main.o                    src/main.s:13207
    main.o                    src/main.s:13207
boolugt (makebool.o):
    lugt.o                    runtime/lugt.s:8
callmain (callmain.o):
    crt0.o                    c128/crt0.s:9
ctypemask (ctypemask.o):
    isupper.o                 common/isupper.s:15
    isspace.o                 common/isspace.s:15
    islower.o                 common/islower.s:15
    isdigit.o                 common/isdigit.s:15
    isprint.o                 common/isprint.s:15
ctypemaskdirect (ctypemask.o):
    strlower.o                common/strlower.s:14
cursor (_cursor.o):
    cursor.o                  conio/cursor.s:8
    cgetc.o                   c128/cgetc.s:11
curunit (filevars.o):
    curdevice.o               cbm/curdevice.s:8
decax1 (decax1.o):
    main.o                    src/main.s:13207
    main.o                    src/main.s:13207
    main.o                    src/main.s:13207
    main.o                    src/main.s:13207
    main.o                    src/main.s:13207
    main.o                    src/main.s:13207
    main.o                    src/main.s:13207
    main.o                    src/main.s:13207
    main.o                    src/main.s:13207
decax2 (decax2.o):
    main.o                    src/main.s:13207
decaxy (decaxy.o):
    strtol.o                  ../libwrk/c128/strtol.s:320
    vdc_core.o                src/vdc_core.s:2155
    vdc_core.o                src/vdc_core.s:2155
    main.o                    src/main.s:13207
    main.o                    src/main.s:13207
    main.o                    src/main.s:13207
    main.o                    src/main.s:13207
    main.o                    src/main.s:13207
    main.o                    src/main.s:13207
    main.o                    src/main.s:13207
    main.o                    src/main.s:13207
decsp1 (decsp1.o):
    vdc_core.o                src/vdc_core.s:2155
    vdc_core.o                src/vdc_core.s:2155
    main.o                    src/main.s:13207
    main.o                    src/main.s:13207
    main.o                    src/main.s:13207
    main.o                    src/main.s:13207
    main.o                    src/main.s:13207
    main.o                    src/main.s:13207
    main.o                    src/main.s:13207
    main.o                    src/main.s:13207
    main.o                    src/main.s:13207
    main.o                    src/main.s:13207
decsp2 (decsp2.o):
    vdc_core.o                src/vdc_core.s:2155
    vdc_core.o                src/vdc_core.s:2155
    main.o                    src/main.s:13207
    main.o                    src/main.s:13207
    main.o                    src/main.s:13207
    main.o                    src/main.s:13207
    main.o                    src/main.s:13207
    main.o                    src/main.s:13207
    main.o                    src/main.s:13207
    main.o                    src/main.s:13207
    main.o                    src/main.s:13207
    main.o                    src/main.s:13207
    main.o                    src/main.s:13207
    main.o                    src/main.s:13207
    main.o                    src/main.s:13207
decsp3 (decsp3.o):
    vdc_core.o                src/vdc_core.s:2155
    main.o                    src/main.s:13207
    main.o                    src/main.s:13207
    main.o                    src/main.s:13207
decsp4 (decsp4.o):
    lpush.o                   runtime/lpush.s:12
    sprintf.o                 common/sprintf.s:8
    vdc_core.o                src/vdc_core.s:2155
    main.o                    src/main.s:13207
    main.o                    src/main.s:13207
decsp5 (decsp5.o):
    main.o                    src/main.s:13207
    main.o                    src/main.s:13207
    main.o                    src/main.s:13207
    main.o                    src/main.s:13207
decsp6 (decsp6.o):
    _printf.o                 common/_printf.s:11
    strtol.o                  ../libwrk/c128/strtol.s:320
    main.o                    src/main.s:13207
decsp7 (decsp7.o):
    main.o                    src/main.s:13207
devnum (devnum.o):
    filevars.o                cbm/filevars.s:9
donelib (condes.o):
    crt0.o                    c128/crt0.s:7
fdtab (filedes.o):
    write.o                   cbm/filedes.inc:7
getlop (ludiv.o):
    lumod.o                   runtime/lumod.s:9
gotoxy (gotoxy.o):
    cputc.o                   c128/cputc.s:11
incax1 (incax1.o):
    strtol.o                  ../libwrk/c128/strtol.s:320
    vdc_core.o                src/vdc_core.s:2155
    main.o                    src/main.s:13207
    main.o                    src/main.s:13207
    main.o                    src/main.s:13207
    main.o                    src/main.s:13207
    main.o                    src/main.s:13207
    main.o                    src/main.s:13207
    main.o                    src/main.s:13207
incax2 (incax2.o):
    vdc_core.o                src/vdc_core.s:2155
    main.o                    src/main.s:13207
    main.o                    src/main.s:13207
incax6 (incax6.o):
    main.o                    src/main.s:13207
incaxy (incaxy.o):
    incax6.o                  runtime/incax6.s:8
    vdc_core.o                src/vdc_core.s:2155
    vdc_core.o                src/vdc_core.s:2155
    vdc_core.o                src/vdc_core.s:2155
    main.o                    src/main.s:13207
    main.o                    src/main.s:13207
    main.o                    src/main.s:13207
    main.o                    src/main.s:13207
    main.o                    src/main.s:13207
    main.o                    src/main.s:13207
    main.o                    src/main.s:13207
    main.o                    src/main.s:13207
    main.o                    src/main.s:13207
    main.o                    src/main.s:13207
    main.o                    src/main.s:13207
    main.o                    src/main.s:13207
    main.o                    src/main.s:13207
    main.o                    src/main.s:13207
    main.o                    src/main.s:13207
incsp1 (incsp1.o):
    vdc_core.o                src/vdc_core.s:2155
    vdc_core.o                src/vdc_core.s:2155
    vdc_core.o                src/vdc_core.s:2155
    vdc_core.o                src/vdc_core.s:2155
    main.o                    src/main.s:13207
    main.o                    src/main.s:13207
    main.o                    src/main.s:13207
    main.o                    src/main.s:13207
    main.o                    src/main.s:13207
    main.o                    src/main.s:13207
    main.o                    src/main.s:13207
incsp2 (incsp2.o):
    vsnprintf.o               common/vsnprintf.s:9
    staspidx.o                runtime/staspidx.s:8
    popptr1.o                 runtime/popptr1.s:8
    vdc_core.o                src/vdc_core.s:2155
    vdc_core.o                src/vdc_core.s:2155
    vdc_core.o                src/vdc_core.s:2155
    vdc_core.o                src/vdc_core.s:2155
    main.o                    src/main.s:13207
    main.o                    src/main.s:13207
    main.o                    src/main.s:13207
    main.o                    src/main.s:13207
    main.o                    src/main.s:13207
    main.o                    src/main.s:13207
incsp3 (incsp3.o):
    vdc_core.o                src/vdc_core.s:2155
    vdc_core.o                src/vdc_core.s:2155
    main.o                    src/main.s:13207
    main.o                    src/main.s:13207
    main.o                    src/main.s:13207
    main.o                    src/main.s:13207
    main.o                    src/main.s:13207
    main.o                    src/main.s:13207
    main.o                    src/main.s:13207
incsp4 (incsp4.o):
    lcmp.o                    runtime/lcmp.s:9
    vdc_core.o                src/vdc_core.s:2155
    vdc_core.o                src/vdc_core.s:2155
    main.o                    src/main.s:13207
    main.o                    src/main.s:13207
    main.o                    src/main.s:13207
    main.o                    src/main.s:13207
    main.o                    src/main.s:13207
    main.o                    src/main.s:13207
    main.o                    src/main.s:13207
    main.o                    src/main.s:13207
incsp5 (incsp5.o):
    vdc_core.o                src/vdc_core.s:2155
    main.o                    src/main.s:13207
    main.o                    src/main.s:13207
    main.o                    src/main.s:13207
    main.o                    src/main.s:13207
    main.o                    src/main.s:13207
    main.o                    src/main.s:13207
incsp6 (incsp6.o):
    vsnprintf.o               common/vsnprintf.s:9
    fwrite.o                  common/fwrite.s:11
    vfprintf.o                common/vfprintf.s:9
    vdc_core.o                src/vdc_core.s:2155
    vdc_core.o                src/vdc_core.s:2155
    vdc_core.o                src/vdc_core.s:2155
    vdc_core.o                src/vdc_core.s:2155
    main.o                    src/main.s:13207
    main.o                    src/main.s:13207
    main.o                    src/main.s:13207
    main.o                    src/main.s:13207
incsp7 (incsp7.o):
    vdc_core.o                src/vdc_core.s:2155
    vdc_core.o                src/vdc_core.s:2155
    vdc_core.o                src/vdc_core.s:2155
    vdc_core.o                src/vdc_core.s:2155
    vdc_core.o                src/vdc_core.s:2155
    vdc_core.o                src/vdc_core.s:2155
    main.o                    src/main.s:13207
    main.o                    src/main.s:13207
    main.o                    src/main.s:13207
incsp8 (incsp8.o):
    vdc_core.o                src/vdc_core.s:2155
    vdc_core.o                src/vdc_core.s:2155
    vdc_core.o                src/vdc_core.s:2155
    vdc_core.o                src/vdc_core.s:2155
    main.o                    src/main.s:13207
initlib (condes.o):
    crt0.o                    c128/crt0.s:7
ldax0sp (ldaxsp.o):
    vdc_core.o                src/vdc_core.s:2155
    vdc_core.o                src/vdc_core.s:2155
    main.o                    src/main.s:13207
    main.o                    src/main.s:13207
    main.o                    src/main.s:13207
    main.o                    src/main.s:13207
ldaxi (ldaxi.o):
    main.o                    src/main.s:13207
    main.o                    src/main.s:13207
    main.o                    src/main.s:13207
ldaxysp (ldaxsp.o):
    vsnprintf.o               common/vsnprintf.s:9
    fwrite.o                  common/fwrite.s:11
    strtol.o                  ../libwrk/c128/strtol.s:320
    vdc_core.o                src/vdc_core.s:2155
    vdc_core.o                src/vdc_core.s:2155
    vdc_core.o                src/vdc_core.s:2155
    vdc_core.o                src/vdc_core.s:2155
    vdc_core.o                src/vdc_core.s:2155
    vdc_core.o                src/vdc_core.s:2155
    main.o                    src/main.s:13207
    main.o                    src/main.s:13207
    main.o                    src/main.s:13207
    main.o                    src/main.s:13207
    main.o                    src/main.s:13207
    main.o                    src/main.s:13207
    main.o                    src/main.s:13207
    main.o                    src/main.s:13207
    main.o                    src/main.s:13207
ldeaxysp (ldeaxysp.o):
    strtol.o                  ../libwrk/c128/strtol.s:320
leaa0sp (leaaxsp.o):
    main.o                    src/main.s:13207
    main.o                    src/main.s:13207
    main.o                    src/main.s:13207
    main.o                    src/main.s:13207
    main.o                    src/main.s:13207
    main.o                    src/main.s:13207
    main.o                    src/main.s:13207
    main.o                    src/main.s:13207
leaaxsp (leaaxsp.o):
    main.o                    src/main.s:13207
mul8x16 (mul8.o):
    mul.o                     runtime/mul.s:8
mul8x16a (mul8.o):
    mul.o                     runtime/mul.s:8
mulax10 (mulax10.o):
    main.o                    src/main.s:13207
    main.o                    src/main.s:13207
mulax3 (mulax3.o):
    main.o                    src/main.s:13207
    main.o                    src/main.s:13207
mulax7 (mulax7.o):
    main.o                    src/main.s:13207
    main.o                    src/main.s:13207
    main.o                    src/main.s:13207
    main.o                    src/main.s:13207
mulax9 (mulax9.o):
    main.o                    src/main.s:13207
negeax (lneg.o):
    ltoa.o                    common/ltoa.s:9
    strtol.o                  ../libwrk/c128/strtol.s:320
plot (cputc.o):
    gotoxy.o                  cbm/gotoxy.s:8
popa (popa.o):
    gotoxy.o                  cbm/gotoxy.s:8
    cbm_read.o                cbm/cbm_read.s:43
    cbm_open.o                cbm/cbm_open.s:22
    c_setlfs.o                cbm/c_setlfs.s:12
    c_load.o                  cbm/c_load.s:11
popax (incsp2.o):
    rwcommon.o                cbm/rwcommon.s:9
    memcpy.o                  common/memcpy.s:14
    vsnprintf.o               common/vsnprintf.s:9
    ltoa.o                    common/ltoa.s:9
    _printf.o                 common/_printf.s:11
    shl.o                     runtime/shl.s:15
    cbm_read.o                cbm/cbm_read.s:43
popptr1 (popptr1.o):
    rwcommon.o                cbm/rwcommon.s:9
    memcpy.o                  common/memcpy.s:14
    udiv.o                    runtime/udiv.s:9
    ltoa.o                    common/ltoa.s:9
    mul8.o                    runtime/mul8.s:9
    mul.o                     runtime/mul.s:9
    c_save.o                  cbm/c_save.s:10
ptr1 (zeropage.o):
    memcpy.o                  common/memcpy.s:15
    lcmp.o                    runtime/lcmp.s:10
    write.o                   cbm/write.s:11
    vsnprintf.o               common/vsnprintf.s:11
    udiv.o                    runtime/udiv.s:10
    strlower.o                common/strlower.s:13
    ludiv.o                   runtime/ludiv.s:10
    ltoa.o                    common/ltoa.s:11
    lmul.o                    runtime/lmul.s:10
    fwrite.o                  common/fwrite.s:14
    _printf.o                 /mnt/d/retro/cc65/asminc/zeropage.inc:12
    zerobss.o                 common/zerobss.s:9
    vfprintf.o                common/vfprintf.s:11
    strtol.o                  ../libwrk/c128/strtol.s:11
    staspidx.o                runtime/staspidx.s:9
    sprintf.o                 common/sprintf.s:9
    pushw.o                   runtime/pushw.s:9
    printf.o                  common/printf.s:9
    popptr1.o                 runtime/popptr1.s:9
    mulax9.o                  runtime/mulax9.s:10
    mulax7.o                  runtime/mulax7.s:10
    mulax3.o                  runtime/mulax3.s:9
    mulax10.o                 runtime/mulax10.s:9
    mul8.o                    runtime/mul8.s:10
    mul.o                     runtime/mul.s:10
    ldaxi.o                   runtime/ldaxi.s:8
    cbm_read.o                cbm/cbm_read.s:42
    c_setnam.o                cbm/c_setnam.s:10
    c_save.o                  cbm/c_save.s:11
    c_load.o                  cbm/c_load.s:12
    vdc_core.o                src/vdc_core.s:11
    main.o                    src/main.s:11
ptr2 (zeropage.o):
    rwcommon.o                cbm/rwcommon.s:10
    memcpy.o                  common/memcpy.s:15
    write.o                   cbm/write.s:11
    strlower.o                common/strlower.s:13
    lumod.o                   runtime/lumod.s:10
    ludiv.o                   runtime/ludiv.s:10
    ltoa.o                    common/ltoa.s:11
    _printf.o                 /mnt/d/retro/cc65/asminc/zeropage.inc:12
    strlen.o                  common/strlen.s:12
    cbm_read.o                cbm/cbm_read.s:42
ptr3 (zeropage.o):
    rwcommon.o                cbm/rwcommon.s:10
    memcpy.o                  common/memcpy.s:15
    write.o                   cbm/write.s:11
    ludiv.o                   runtime/ludiv.s:10
    ltoa.o                    common/ltoa.s:11
    lmul.o                    runtime/lmul.s:10
    cbm_read.o                cbm/cbm_read.s:42
ptr4 (zeropage.o):
    udiv.o                    runtime/udiv.s:10
    ludiv.o                   runtime/ludiv.s:10
    lmul.o                    runtime/lmul.s:10
    mul8.o                    runtime/mul8.s:10
    mul.o                     runtime/mul.s:10
push0 (pushax.o):
    strtol.o                  ../libwrk/c128/strtol.s:320
    vdc_core.o                src/vdc_core.s:2155
    vdc_core.o                src/vdc_core.s:2155
    main.o                    src/main.s:13207
    main.o                    src/main.s:13207
push1 (push1.o):
    _printf.o                 common/_printf.s:11
    vfprintf.o                common/vfprintf.s:9
pusha (pusha.o):
    strtol.o                  ../libwrk/c128/strtol.s:320
    vdc_core.o                src/vdc_core.s:2155
    vdc_core.o                src/vdc_core.s:2155
    vdc_core.o                src/vdc_core.s:2155
    vdc_core.o                src/vdc_core.s:2155
    vdc_core.o                src/vdc_core.s:2155
    vdc_core.o                src/vdc_core.s:2155
    vdc_core.o                src/vdc_core.s:2155
    vdc_core.o                src/vdc_core.s:2155
    vdc_core.o                src/vdc_core.s:2155
    vdc_core.o                src/vdc_core.s:2155
    vdc_core.o                src/vdc_core.s:2155
    vdc_core.o                src/vdc_core.s:2155
    vdc_core.o                src/vdc_core.s:2155
    vdc_core.o                src/vdc_core.s:2155
    vdc_core.o                src/vdc_core.s:2155
    vdc_core.o                src/vdc_core.s:2155
    vdc_core.o                src/vdc_core.s:2155
    vdc_core.o                src/vdc_core.s:2155
    vdc_core.o                src/vdc_core.s:2155
    vdc_core.o                src/vdc_core.s:2155
    vdc_core.o                src/vdc_core.s:2155
    vdc_core.o                src/vdc_core.s:2155
    vdc_core.o                src/vdc_core.s:2155
    vdc_core.o                src/vdc_core.s:2155
    vdc_core.o                src/vdc_core.s:2155
    main.o                    src/main.s:13207
    main.o                    src/main.s:13207
    main.o                    src/main.s:13207
    main.o                    src/main.s:13207
    main.o                    src/main.s:13207
    main.o                    src/main.s:13207
    main.o                    src/main.s:13207
    main.o                    src/main.s:13207
    main.o                    src/main.s:13207
    main.o                    src/main.s:13207
    main.o                    src/main.s:13207
    main.o                    src/main.s:13207
    main.o                    src/main.s:13207
    main.o                    src/main.s:13207
    main.o                    src/main.s:13207
    main.o                    src/main.s:13207
    main.o                    src/main.s:13207
    main.o                    src/main.s:13207
    main.o                    src/main.s:13207
    main.o                    src/main.s:13207
    main.o                    src/main.s:13207
    main.o                    src/main.s:13207
    main.o                    src/main.s:13207
    main.o                    src/main.s:13207
    main.o                    src/main.s:13207
    main.o                    src/main.s:13207
    main.o                    src/main.s:13207
    main.o                    src/main.s:13207
    main.o                    src/main.s:13207
    main.o                    src/main.s:13207
    main.o                    src/main.s:13207
    main.o                    src/main.s:13207
    main.o                    src/main.s:13207
    main.o                    src/main.s:13207
    main.o                    src/main.s:13207
    main.o                    src/main.s:13207
    main.o                    src/main.s:13207
    main.o                    src/main.s:13207
    main.o                    src/main.s:13207
    main.o                    src/main.s:13207
    main.o                    src/main.s:13207
    main.o                    src/main.s:13207
    main.o                    src/main.s:13207
    main.o                    src/main.s:13207
    main.o                    src/main.s:13207
    main.o                    src/main.s:13207
    main.o                    src/main.s:13207
    main.o                    src/main.s:13207
pusha0 (pushax.o):
    push1.o                   runtime/push1.s:8
    vdc_core.o                src/vdc_core.s:2155
    vdc_core.o                src/vdc_core.s:2155
    vdc_core.o                src/vdc_core.s:2155
    vdc_core.o                src/vdc_core.s:2155
    main.o                    src/main.s:13207
    main.o                    src/main.s:13207
    main.o                    src/main.s:13207
    main.o                    src/main.s:13207
    main.o                    src/main.s:13207
    main.o                    src/main.s:13207
    main.o                    src/main.s:13207
    main.o                    src/main.s:13207
    main.o                    src/main.s:13207
    main.o                    src/main.s:13207
    main.o                    src/main.s:13207
    main.o                    src/main.s:13207
    main.o                    src/main.s:13207
    main.o                    src/main.s:13207
    main.o                    src/main.s:13207
    main.o                    src/main.s:13207
    main.o                    src/main.s:13207
    main.o                    src/main.s:13207
    main.o                    src/main.s:13207
    main.o                    src/main.s:13207
    main.o                    src/main.s:13207
    main.o                    src/main.s:13207
    main.o                    src/main.s:13207
    main.o                    src/main.s:13207
    main.o                    src/main.s:13207
    main.o                    src/main.s:13207
pushax (pushax.o):
    fwrite.o                  common/fwrite.s:11
    callmain.o                runtime/callmain.s:11
    _printf.o                 common/_printf.s:11
    strtol.o                  ../libwrk/c128/strtol.s:320
    pushw.o                   runtime/pushw.s:8
    printf.o                  common/printf.s:8
    vdc_core.o                src/vdc_core.s:2155
    vdc_core.o                src/vdc_core.s:2155
    vdc_core.o                src/vdc_core.s:2155
    vdc_core.o                src/vdc_core.s:2155
    vdc_core.o                src/vdc_core.s:2155
    vdc_core.o                src/vdc_core.s:2155
    vdc_core.o                src/vdc_core.s:2155
    vdc_core.o                src/vdc_core.s:2155
    vdc_core.o                src/vdc_core.s:2155
    vdc_core.o                src/vdc_core.s:2155
    vdc_core.o                src/vdc_core.s:2155
    vdc_core.o                src/vdc_core.s:2155
    vdc_core.o                src/vdc_core.s:2155
    vdc_core.o                src/vdc_core.s:2155
    vdc_core.o                src/vdc_core.s:2155
    main.o                    src/main.s:13207
    main.o                    src/main.s:13207
    main.o                    src/main.s:13207
    main.o                    src/main.s:13207
    main.o                    src/main.s:13207
    main.o                    src/main.s:13207
    main.o                    src/main.s:13207
    main.o                    src/main.s:13207
    main.o                    src/main.s:13207
    main.o                    src/main.s:13207
    main.o                    src/main.s:13207
    main.o                    src/main.s:13207
    main.o                    src/main.s:13207
    main.o                    src/main.s:13207
    main.o                    src/main.s:13207
    main.o                    src/main.s:13207
    main.o                    src/main.s:13207
    main.o                    src/main.s:13207
    main.o                    src/main.s:13207
    main.o                    src/main.s:13207
    main.o                    src/main.s:13207
    main.o                    src/main.s:13207
    main.o                    src/main.s:13207
    main.o                    src/main.s:13207
    main.o                    src/main.s:13207
    main.o                    src/main.s:13207
    main.o                    src/main.s:13207
    main.o                    src/main.s:13207
    main.o                    src/main.s:13207
    main.o                    src/main.s:13207
    main.o                    src/main.s:13207
    main.o                    src/main.s:13207
    main.o                    src/main.s:13207
    main.o                    src/main.s:13207
    main.o                    src/main.s:13207
    main.o                    src/main.s:13207
    main.o                    src/main.s:13207
    main.o                    src/main.s:13207
    main.o                    src/main.s:13207
    main.o                    src/main.s:13207
    main.o                    src/main.s:13207
    main.o                    src/main.s:13207
    main.o                    src/main.s:13207
pusheax (lpush.o):
    _printf.o                 common/_printf.s:11
    strtol.o                  ../libwrk/c128/strtol.s:320
pushl0 (lpush.o):
    strtol.o                  ../libwrk/c128/strtol.s:320
pushw (pushw.o):
    main.o                    src/main.s:13207
    main.o                    src/main.s:13207
pushw0sp (pushwsp.o):
    vsprintf.o                common/vsprintf.s:8
    vdc_core.o                src/vdc_core.s:2155
    vdc_core.o                src/vdc_core.s:2155
    main.o                    src/main.s:13207
    main.o                    src/main.s:13207
    main.o                    src/main.s:13207
pushwysp (pushwsp.o):
    fwrite.o                  common/fwrite.s:11
    vfprintf.o                common/vfprintf.s:9
    vdc_core.o                src/vdc_core.s:2155
    vdc_core.o                src/vdc_core.s:2155
    vdc_core.o                src/vdc_core.s:2155
    vdc_core.o                src/vdc_core.s:2155
    vdc_core.o                src/vdc_core.s:2155
    main.o                    src/main.s:13207
    main.o                    src/main.s:13207
    main.o                    src/main.s:13207
    main.o                    src/main.s:13207
    main.o                    src/main.s:13207
    main.o                    src/main.s:13207
    main.o                    src/main.s:13207
    main.o                    src/main.s:13207
    main.o                    src/main.s:13207
    main.o                    src/main.s:13207
regbank (zeropage.o):
    _printf.o                 /mnt/d/retro/cc65/asminc/zeropage.inc:14
    strtol.o                  ../libwrk/c128/strtol.s:10
return0 (return0.o):
    color.o                   c128/color.s:10
rwcommon (rwcommon.o):
    write.o                   cbm/write.s:10
shlax1 (aslax1.o):
    vdc_core.o                src/vdc_core.s:2155
    main.o                    src/main.s:13207
    main.o                    src/main.s:13207
    main.o                    src/main.s:13207
    main.o                    src/main.s:13207
    main.o                    src/main.s:13207
shlax2 (aslax2.o):
    vdc_core.o                src/vdc_core.s:2155
shlax3 (aslax3.o):
    vdc_core.o                src/vdc_core.s:2155
    main.o                    src/main.s:13207
    main.o                    src/main.s:13207
    main.o                    src/main.s:13207
    main.o                    src/main.s:13207
shlax4 (aslax4.o):
    vdc_core.o                src/vdc_core.s:2155
    main.o                    src/main.s:13207
    main.o                    src/main.s:13207
    main.o                    src/main.s:13207
shrax3 (shrax3.o):
    vdc_core.o                src/vdc_core.s:2155
sp (zeropage.o):
    memcpy.o                  common/memcpy.s:15
    lcmp.o                    runtime/lcmp.s:10
    vsnprintf.o               common/vsnprintf.s:11
    steaxsp.o                 runtime/steaxsp.s:8
    ludiv.o                   runtime/ludiv.s:10
    lpush.o                   runtime/lpush.s:13
    lmul.o                    runtime/lmul.s:10
    ldeaxysp.o                runtime/ldeaxysp.s:12
    ladd.o                    runtime/ladd.s:9
    _printf.o                 /mnt/d/retro/cc65/asminc/zeropage.inc:11
    vfprintf.o                common/vfprintf.s:11
    subysp.o                  runtime/subysp.s:9
    subeqsp.o                 runtime/subeqsp.s:8
    sub.o                     runtime/sub.s:9
    strtol.o                  ../libwrk/c128/strtol.s:10
    staxsp.o                  runtime/staxsp.s:8
    staspidx.o                runtime/staspidx.s:9
    sprintf.o                 common/sprintf.s:9
    pushwsp.o                 runtime/pushwsp.s:8
    pushax.o                  runtime/pushax.s:8
    pusha.o                   runtime/pusha.s:8
    printf.o                  common/printf.s:9
    popptr1.o                 runtime/popptr1.s:9
    popa.o                    runtime/popa.s:8
    or.o                      runtime/or.s:10
    leaaxsp.o                 runtime/leaaxsp.s:8
    ldaxsp.o                  runtime/ldaxsp.s:8
    incsp2.o                  runtime/incsp2.s:8
    incsp1.o                  runtime/incsp1.s:8
    icmp.o                    runtime/icmp.s:9
    decsp7.o                  runtime/decsp7.s:8
    decsp6.o                  runtime/decsp6.s:8
    decsp5.o                  runtime/decsp5.s:8
    decsp4.o                  runtime/decsp4.s:8
    decsp3.o                  runtime/decsp3.s:8
    decsp2.o                  runtime/decsp2.s:8
    decsp1.o                  runtime/decsp1.s:8
    crt0.o                    /mnt/d/retro/cc65/asminc/zeropage.inc:11
    addysp.o                  runtime/addysp.s:8
    addeqsp.o                 runtime/addeqsp.s:8
    add.o                     runtime/add.s:12
    vdc_core.o                src/vdc_core.s:10
    main.o                    src/main.s:10
sreg (zeropage.o):
    lcmp.o                    runtime/lcmp.s:10
    udiv.o                    runtime/udiv.s:10
    steaxsp.o                 runtime/steaxsp.s:8
    lumod.o                   runtime/lumod.s:10
    ludiv.o                   runtime/ludiv.s:10
    ltoa.o                    common/ltoa.s:11
    lpush.o                   runtime/lpush.s:13
    lneg.o                    runtime/lneg.s:11
    lmul.o                    runtime/lmul.s:10
    ldeaxysp.o                runtime/ldeaxysp.s:12
    ladd.o                    runtime/ladd.s:9
    axlong.o                  runtime/axlong.s:9
    _printf.o                 /mnt/d/retro/cc65/asminc/zeropage.inc:11
    strtol.o                  ../libwrk/c128/strtol.s:10
    icmp.o                    runtime/icmp.s:9
    main.o                    src/main.s:10
staspidx (staspidx.o):
    main.o                    src/main.s:13207
stax0sp (staxsp.o):
    vdc_core.o                src/vdc_core.s:2155
    vdc_core.o                src/vdc_core.s:2155
    vdc_core.o                src/vdc_core.s:2155
    vdc_core.o                src/vdc_core.s:2155
    vdc_core.o                src/vdc_core.s:2155
    vdc_core.o                src/vdc_core.s:2155
    vdc_core.o                src/vdc_core.s:2155
    main.o                    src/main.s:13207
    main.o                    src/main.s:13207
    main.o                    src/main.s:13207
    main.o                    src/main.s:13207
    main.o                    src/main.s:13207
staxysp (staxsp.o):
    vsprintf.o                common/vsprintf.s:8
    strtol.o                  ../libwrk/c128/strtol.s:320
    vdc_core.o                src/vdc_core.s:2155
    vdc_core.o                src/vdc_core.s:2155
    vdc_core.o                src/vdc_core.s:2155
    main.o                    src/main.s:13207
    main.o                    src/main.s:13207
    main.o                    src/main.s:13207
    main.o                    src/main.s:13207
    main.o                    src/main.s:13207
    main.o                    src/main.s:13207
steaxysp (steaxsp.o):
    strtol.o                  ../libwrk/c128/strtol.s:320
subeq0sp (subeqsp.o):
    vdc_core.o                src/vdc_core.s:2155
    vdc_core.o                src/vdc_core.s:2155
    vdc_core.o                src/vdc_core.s:2155
    vdc_core.o                src/vdc_core.s:2155
subeqysp (subeqsp.o):
    vdc_core.o                src/vdc_core.s:2155
subysp (subysp.o):
    main.o                    src/main.s:13207
    main.o                    src/main.s:13207
    main.o                    src/main.s:13207
    main.o                    src/main.s:13207
tmp1 (zeropage.o):
    ltoa.o                    common/ltoa.s:11
    ladd.o                    runtime/ladd.s:9
    _printf.o                 /mnt/d/retro/cc65/asminc/zeropage.inc:13
    strtol.o                  ../libwrk/c128/strtol.s:11
    staspidx.o                runtime/staspidx.s:9
    shrax3.o                  runtime/shrax3.s:8
    shl.o                     runtime/shl.s:16
    or.o                      runtime/or.s:10
    mul.o                     runtime/mul.s:10
    incaxy.o                  runtime/incaxy.s:8
    decaxy.o                  runtime/decaxy.s:8
    cbm_read.o                cbm/cbm_read.s:42
    c_setlfs.o                cbm/c_setlfs.s:13
    c_save.o                  cbm/c_save.s:11
    aslax4.o                  runtime/aslax4.s:8
    aslax3.o                  runtime/aslax3.s:8
    aslax2.o                  runtime/aslax2.s:8
    aslax1.o                  runtime/aslax1.s:8
    add.o                     runtime/add.s:12
    vdc_core.o                src/vdc_core.s:11
    main.o                    src/main.s:11
tmp2 (zeropage.o):
    rwcommon.o                cbm/rwcommon.s:10
    lmul.o                    runtime/lmul.s:10
tmp3 (zeropage.o):
    lumod.o                   runtime/lumod.s:10
    ludiv.o                   runtime/ludiv.s:10
    lmul.o                    runtime/lmul.s:10
tmp4 (zeropage.o):
    lumod.o                   runtime/lumod.s:10
    ludiv.o                   runtime/ludiv.s:10
    lmul.o                    runtime/lmul.s:10
tosaddax (add.o):
    main.o                    src/main.s:13207
    main.o                    src/main.s:13207
    main.o                    src/main.s:13207
    main.o                    src/main.s:13207
    main.o                    src/main.s:13207
    main.o                    src/main.s:13207
    main.o                    src/main.s:13207
tosaddeax (ladd.o):
    strtol.o                  ../libwrk/c128/strtol.s:320
toseqeax (leq.o):
    strtol.o                  ../libwrk/c128/strtol.s:320
tosicmp (icmp.o):
    main.o                    src/main.s:13207
    main.o                    src/main.s:13207
    main.o                    src/main.s:13207
    main.o                    src/main.s:13207
    main.o                    src/main.s:13207
    main.o                    src/main.s:13207
    main.o                    src/main.s:13207
tosicmp0 (icmp.o):
    main.o                    src/main.s:13207
toslcmp (lcmp.o):
    lugt.o                    runtime/lugt.s:8
    leq.o                     runtime/leq.s:8
tosmula0 (mul8.o):
    main.o                    src/main.s:13207
    main.o                    src/main.s:13207
    main.o                    src/main.s:13207
tosmulax (mul.o):
    main.o                    src/main.s:13207
tosorax (or.o):
    main.o                    src/main.s:13207
tossubax (sub.o):
    main.o                    src/main.s:13207
    main.o                    src/main.s:13207
    main.o                    src/main.s:13207
tosudivax (udiv.o):
    fwrite.o                  common/fwrite.s:12
tosudiveax (ludiv.o):
    strtol.o                  ../libwrk/c128/strtol.s:320
tosugteax (lugt.o):
    strtol.o                  ../libwrk/c128/strtol.s:320
tosumodeax (lumod.o):
    strtol.o                  ../libwrk/c128/strtol.s:320
tosumula0 (mul8.o):
    vdc_core.o                src/vdc_core.s:2155
    vdc_core.o                src/vdc_core.s:2155
    vdc_core.o                src/vdc_core.s:2155
    vdc_core.o                src/vdc_core.s:2155
    main.o                    src/main.s:13207
    main.o                    src/main.s:13207
    main.o                    src/main.s:13207
    main.o                    src/main.s:13207
    main.o                    src/main.s:13207
    main.o                    src/main.s:13207
tosumulax (mul.o):
    fwrite.o                  common/fwrite.s:12
    vdc_core.o                src/vdc_core.s:2155
    main.o                    src/main.s:13207
    main.o                    src/main.s:13207
    main.o                    src/main.s:13207
    main.o                    src/main.s:13207
    main.o                    src/main.s:13207
    main.o                    src/main.s:13207
    main.o                    src/main.s:13207
    main.o                    src/main.s:13207
    main.o                    src/main.s:13207
tosumuleax (lmul.o):
    strtol.o                  ../libwrk/c128/strtol.s:320
udiv32 (ludiv.o):
    lumod.o                   runtime/lumod.s:9
vsnprintf (vsnprintf.o):
    vsprintf.o                common/vsprintf.s:9
zerobss (zerobss.o):
    crt0.o                    c128/crt0.s:8

